{"timestamp":"2026-08-14T17:08:26.284993Z","level":"info","event":"Filling up the DagBag from /opt/airflow/dags/1_first_dag.py","logger":"airflow.dag_processing.dagbag.BundleDagBag","filename":"dagbag.py","lineno":460}
{"timestamp":"2026-08-14T17:08:56.661187Z","level":"info","event":"Filling up the DagBag from /opt/airflow/dags/1_first_dag.py","logger":"airflow.dag_processing.dagbag.BundleDagBag","filename":"dagbag.py","lineno":460}
{"timestamp":"2026-08-14T17:09:27.166409Z","level":"info","event":"Filling up the DagBag from /opt/airflow/dags/1_first_dag.py","logger":"airflow.dag_processing.dagbag.BundleDagBag","filename":"dagbag.py","lineno":460}
{"timestamp":"2026-08-14T17:09:57.684346Z","level":"info","event":"Filling up the DagBag from /opt/airflow/dags/1_first_dag.py","logger":"airflow.dag_processing.dagbag.BundleDagBag","filename":"dagbag.py","lineno":460}
{"timestamp":"2026-08-14T17:10:29.886528Z","level":"info","event":"Filling up the DagBag from /opt/airflow/dags/1_first_dag.py","logger":"airflow.dag_processing.dagbag.BundleDagBag","filename":"dagbag.py","lineno":460}
{"timestamp":"2026-08-14T17:11:00.527060Z","level":"info","event":"Filling up the DagBag from /opt/airflow/dags/1_first_dag.py","logger":"airflow.dag_processing.dagbag.BundleDagBag","filename":"dagbag.py","lineno":460}
{"timestamp":"2026-08-14T17:11:30.752833Z","level":"info","event":"Filling up the DagBag from /opt/airflow/dags/1_first_dag.py","logger":"airflow.dag_processing.dagbag.BundleDagBag","filename":"dagbag.py","lineno":460}
{"timestamp":"2026-08-14T17:12:01.266209Z","level":"info","event":"Filling up the DagBag from /opt/airflow/dags/1_first_dag.py","logger":"airflow.dag_processing.dagbag.BundleDagBag","filename":"dagbag.py","lineno":460}
{"timestamp":"2026-08-14T17:12:29.121087Z","level":"info","event":"Filling up the DagBag from /opt/airflow/dags/1_first_dag.py","logger":"airflow.dag_processing.dagbag.BundleDagBag","filename":"dagbag.py","lineno":460}
{"timestamp":"2026-08-14T17:12:29.179230Z","level":"error","event":"Failed to import: /opt/airflow/dags/1_first_dag.py","logger":"airflow.dag_processing.importers.python_importer","filename":"python_importer.py","lineno":244,"error_detail":[{"exc_type":"SyntaxError","exc_value":"invalid syntax (1_first_dag.py, line 6)","exc_notes":[],"syntax_error":{"offset":11,"filename":"/opt/airflow/dags/1_first_dag.py","line":"    @task.\n","lineno":6,"msg":"invalid syntax"},"is_cause":false,"frames":[{"filename":"/home/airflow/.local/lib/python3.13/site-packages/airflow/dag_processing/importers/python_importer.py","lineno":238,"name":"parse"},{"filename":"<frozen importlib._bootstrap_external>","lineno":1019,"name":"exec_module"},{"filename":"<frozen importlib._bootstrap_external>","lineno":1157,"name":"get_code"},{"filename":"<frozen importlib._bootstrap_external>","lineno":1087,"name":"source_to_code"},{"filename":"<frozen importlib._bootstrap>","lineno":488,"name":"_call_with_frames_removed"}],"is_group":false,"exceptions":[]}]}
{"timestamp":"2026-08-14T17:12:29.190056Z","level":"error","event":"Error loading DAG from 1_first_dag.py: invalid syntax (1_first_dag.py, line 6)","logger":"airflow.dag_processing.dagbag.BundleDagBag","filename":"dagbag.py","lineno":319}
{"timestamp":"2026-08-14T17:12:33.422797Z","level":"info","event":"Filling up the DagBag from /opt/airflow/dags/1_first_dag.py","logger":"airflow.dag_processing.dagbag.BundleDagBag","filename":"dagbag.py","lineno":460}
{"timestamp":"2026-08-14T17:12:33.492922Z","level":"error","event":"Failed to import: /opt/airflow/dags/1_first_dag.py","logger":"airflow.dag_processing.importers.python_importer","filename":"python_importer.py","lineno":244,"error_detail":[{"exc_type":"SyntaxError","exc_value":"invalid syntax (1_first_dag.py, line 6)","exc_notes":[],"syntax_error":{"offset":11,"filename":"/opt/airflow/dags/1_first_dag.py","line":"    @task.\n","lineno":6,"msg":"invalid syntax"},"is_cause":false,"frames":[{"filename":"/home/airflow/.local/lib/python3.13/site-packages/airflow/dag_processing/importers/python_importer.py","lineno":238,"name":"parse"},{"filename":"<frozen importlib._bootstrap_external>","lineno":1019,"name":"exec_module"},{"filename":"<frozen importlib._bootstrap_external>","lineno":1157,"name":"get_code"},{"filename":"<frozen importlib._bootstrap_external>","lineno":1087,"name":"source_to_code"},{"filename":"<frozen importlib._bootstrap>","lineno":488,"name":"_call_with_frames_removed"}],"is_group":false,"exceptions":[]}]}
{"timestamp":"2026-08-14T17:12:33.495365Z","level":"error","event":"Error loading DAG from 1_first_dag.py: invalid syntax (1_first_dag.py, line 6)","logger":"airflow.dag_processing.dagbag.BundleDagBag","filename":"dagbag.py","lineno":319}
{"timestamp":"2026-08-14T17:12:38.729423Z","level":"info","event":"Filling up the DagBag from /opt/airflow/dags/1_first_dag.py","logger":"airflow.dag_processing.dagbag.BundleDagBag","filename":"dagbag.py","lineno":460}
{"timestamp":"2026-08-14T17:12:43.222551Z","level":"info","event":"Filling up the DagBag from /opt/airflow/dags/1_first_dag.py","logger":"airflow.dag_processing.dagbag.BundleDagBag","filename":"dagbag.py","lineno":460}
{"timestamp":"2026-08-14T17:12:44.627751Z","level":"info","event":"Filling up the DagBag from /opt/airflow/dags/1_first_dag.py","logger":"airflow.dag_processing.dagbag.BundleDagBag","filename":"dagbag.py","lineno":460}
{"timestamp":"2026-08-14T17:12:58.332852Z","level":"info","event":"Filling up the DagBag from /opt/airflow/dags/1_first_dag.py","logger":"airflow.dag_processing.dagbag.BundleDagBag","filename":"dagbag.py","lineno":460}
{"timestamp":"2026-08-14T17:13:01.571323Z","level":"info","event":"Filling up the DagBag from /opt/airflow/dags/1_first_dag.py","logger":"airflow.dag_processing.dagbag.BundleDagBag","filename":"dagbag.py","lineno":460}
{"timestamp":"2026-08-14T17:13:04.857760Z","level":"info","event":"Filling up the DagBag from /opt/airflow/dags/1_first_dag.py","logger":"airflow.dag_processing.dagbag.BundleDagBag","filename":"dagbag.py","lineno":460}
{"timestamp":"2026-08-14T17:13:14.882910Z","level":"info","event":"Filling up the DagBag from /opt/airflow/dags/1_first_dag.py","logger":"airflow.dag_processing.dagbag.BundleDagBag","filename":"dagbag.py","lineno":460}
{"timestamp":"2026-08-14T17:13:18.579486Z","level":"info","event":"Filling up the DagBag from /opt/airflow/dags/1_first_dag.py","logger":"airflow.dag_processing.dagbag.BundleDagBag","filename":"dagbag.py","lineno":460}
{"timestamp":"2026-08-14T17:13:36.518633Z","level":"info","event":"Filling up the DagBag from /opt/airflow/dags/1_first_dag.py","logger":"airflow.dag_processing.dagbag.BundleDagBag","filename":"dagbag.py","lineno":460}
{"timestamp":"2026-08-14T17:13:44.157927Z","level":"info","event":"Filling up the DagBag from /opt/airflow/dags/1_first_dag.py","logger":"airflow.dag_processing.dagbag.BundleDagBag","filename":"dagbag.py","lineno":460}
{"timestamp":"2026-08-14T17:13:46.098758Z","level":"info","event":"Filling up the DagBag from /opt/airflow/dags/1_first_dag.py","logger":"airflow.dag_processing.dagbag.BundleDagBag","filename":"dagbag.py","lineno":460}
{"timestamp":"2026-08-14T17:13:57.763534Z","level":"info","event":"Filling up the DagBag from /opt/airflow/dags/1_first_dag.py","logger":"airflow.dag_processing.dagbag.BundleDagBag","filename":"dagbag.py","lineno":460}
{"timestamp":"2026-08-14T17:14:01.114227Z","level":"info","event":"Filling up the DagBag from /opt/airflow/dags/1_first_dag.py","logger":"airflow.dag_processing.dagbag.BundleDagBag","filename":"dagbag.py","lineno":460}
{"timestamp":"2026-08-14T17:14:02.739730Z","level":"info","event":"Filling up the DagBag from /opt/airflow/dags/1_first_dag.py","logger":"airflow.dag_processing.dagbag.BundleDagBag","filename":"dagbag.py","lineno":460}
{"timestamp":"2026-08-14T17:14:02.874362Z","level":"error","event":"Failed to import: /opt/airflow/dags/1_first_dag.py","logger":"airflow.dag_processing.importers.python_importer","filename":"python_importer.py","lineno":244,"error_detail":[{"exc_type":"NameError","exc_value":"name 'first_task' is not defined","exc_notes":[],"syntax_error":null,"is_cause":false,"frames":[{"filename":"/home/airflow/.local/lib/python3.13/site-packages/airflow/dag_processing/importers/python_importer.py","lineno":238,"name":"parse"},{"filename":"<frozen importlib._bootstrap_external>","lineno":1023,"name":"exec_module"},{"filename":"<frozen importlib._bootstrap>","lineno":488,"name":"_call_with_frames_removed"},{"filename":"/opt/airflow/dags/1_first_dag.py","lineno":20,"name":"<module>"}],"is_group":false,"exceptions":[]}]}
{"timestamp":"2026-08-14T17:14:02.901996Z","level":"error","event":"Error loading DAG from 1_first_dag.py: name 'first_task' is not defined","logger":"airflow.dag_processing.dagbag.BundleDagBag","filename":"dagbag.py","lineno":319}
{"timestamp":"2026-08-14T17:14:06.219360Z","level":"info","event":"Filling up the DagBag from /opt/airflow/dags/1_first_dag.py","logger":"airflow.dag_processing.dagbag.BundleDagBag","filename":"dagbag.py","lineno":460}
{"timestamp":"2026-08-14T17:14:09.811167Z","level":"info","event":"Filling up the DagBag from /opt/airflow/dags/1_first_dag.py","logger":"airflow.dag_processing.dagbag.BundleDagBag","filename":"dagbag.py","lineno":460}
{"timestamp":"2026-08-14T17:14:09.882863Z","level":"error","event":"Failed to import: /opt/airflow/dags/1_first_dag.py","logger":"airflow.dag_processing.importers.python_importer","filename":"python_importer.py","lineno":244,"error_detail":[{"exc_type":"SyntaxError","exc_value":"invalid syntax (1_first_dag.py, line 21)","exc_notes":[],"syntax_error":{"offset":14,"filename":"/opt/airflow/dags/1_first_dag.py","line":"    second = \n","lineno":21,"msg":"invalid syntax"},"is_cause":false,"frames":[{"filename":"/home/airflow/.local/lib/python3.13/site-packages/airflow/dag_processing/importers/python_importer.py","lineno":238,"name":"parse"},{"filename":"<frozen importlib._bootstrap_external>","lineno":1019,"name":"exec_module"},{"filename":"<frozen importlib._bootstrap_external>","lineno":1157,"name":"get_code"},{"filename":"<frozen importlib._bootstrap_external>","lineno":1087,"name":"source_to_code"},{"filename":"<frozen importlib._bootstrap>","lineno":488,"name":"_call_with_frames_removed"}],"is_group":false,"exceptions":[]}]}
{"timestamp":"2026-08-14T17:14:09.885764Z","level":"error","event":"Error loading DAG from 1_first_dag.py: invalid syntax (1_first_dag.py, line 21)","logger":"airflow.dag_processing.dagbag.BundleDagBag","filename":"dagbag.py","lineno":319}
{"timestamp":"2026-08-14T17:14:11.266733Z","level":"info","event":"Filling up the DagBag from /opt/airflow/dags/1_first_dag.py","logger":"airflow.dag_processing.dagbag.BundleDagBag","filename":"dagbag.py","lineno":460}
{"timestamp":"2026-08-14T17:14:12.763073Z","level":"info","event":"Filling up the DagBag from /opt/airflow/dags/1_first_dag.py","logger":"airflow.dag_processing.dagbag.BundleDagBag","filename":"dagbag.py","lineno":460}
{"timestamp":"2026-08-14T17:14:14.152455Z","level":"info","event":"Filling up the DagBag from /opt/airflow/dags/1_first_dag.py","logger":"airflow.dag_processing.dagbag.BundleDagBag","filename":"dagbag.py","lineno":460}
{"timestamp":"2026-08-14T17:14:16.797437Z","level":"info","event":"Filling up the DagBag from /opt/airflow/dags/1_first_dag.py","logger":"airflow.dag_processing.dagbag.BundleDagBag","filename":"dagbag.py","lineno":460}
{"timestamp":"2026-08-14T17:14:20.587252Z","level":"info","event":"Filling up the DagBag from /opt/airflow/dags/1_first_dag.py","logger":"airflow.dag_processing.dagbag.BundleDagBag","filename":"dagbag.py","lineno":460}
{"timestamp":"2026-08-14T17:14:26.341531Z","level":"info","event":"Filling up the DagBag from /opt/airflow/dags/1_first_dag.py","logger":"airflow.dag_processing.dagbag.BundleDagBag","filename":"dagbag.py","lineno":460}
{"timestamp":"2026-08-14T17:14:29.788885Z","level":"info","event":"Filling up the DagBag from /opt/airflow/dags/1_first_dag.py","logger":"airflow.dag_processing.dagbag.BundleDagBag","filename":"dagbag.py","lineno":460}
{"timestamp":"2026-08-14T17:14:33.253292Z","level":"info","event":"Filling up the DagBag from /opt/airflow/dags/1_first_dag.py","logger":"airflow.dag_processing.dagbag.BundleDagBag","filename":"dagbag.py","lineno":460}
{"timestamp":"2026-08-14T17:14:39.298294Z","level":"info","event":"Filling up the DagBag from /opt/airflow/dags/1_first_dag.py","logger":"airflow.dag_processing.dagbag.BundleDagBag","filename":"dagbag.py","lineno":460}
{"timestamp":"2026-08-14T17:14:41.754437Z","level":"info","event":"Filling up the DagBag from /opt/airflow/dags/1_first_dag.py","logger":"airflow.dag_processing.dagbag.BundleDagBag","filename":"dagbag.py","lineno":460}
{"timestamp":"2026-08-14T17:14:51.440846Z","level":"info","event":"Filling up the DagBag from /opt/airflow/dags/1_first_dag.py","logger":"airflow.dag_processing.dagbag.BundleDagBag","filename":"dagbag.py","lineno":460}
{"timestamp":"2026-08-14T17:14:52.796979Z","level":"info","event":"Filling up the DagBag from /opt/airflow/dags/1_first_dag.py","logger":"airflow.dag_processing.dagbag.BundleDagBag","filename":"dagbag.py","lineno":460}
{"timestamp":"2026-08-14T17:15:00.791526Z","level":"info","event":"Filling up the DagBag from /opt/airflow/dags/1_first_dag.py","logger":"airflow.dag_processing.dagbag.BundleDagBag","filename":"dagbag.py","lineno":460}
{"timestamp":"2026-08-14T17:15:04.171228Z","level":"info","event":"Filling up the DagBag from /opt/airflow/dags/1_first_dag.py","logger":"airflow.dag_processing.dagbag.BundleDagBag","filename":"dagbag.py","lineno":460}
{"timestamp":"2026-08-14T17:15:10.681497Z","level":"info","event":"Filling up the DagBag from /opt/airflow/dags/1_first_dag.py","logger":"airflow.dag_processing.dagbag.BundleDagBag","filename":"dagbag.py","lineno":460}
{"timestamp":"2026-08-14T17:15:19.319334Z","level":"info","event":"Filling up the DagBag from /opt/airflow/dags/1_first_dag.py","logger":"airflow.dag_processing.dagbag.BundleDagBag","filename":"dagbag.py","lineno":460}
{"timestamp":"2026-08-14T17:15:20.645508Z","level":"info","event":"Filling up the DagBag from /opt/airflow/dags/1_first_dag.py","logger":"airflow.dag_processing.dagbag.BundleDagBag","filename":"dagbag.py","lineno":460}
{"timestamp":"2026-08-14T17:15:36.257195Z","level":"info","event":"Filling up the DagBag from /opt/airflow/dags/1_first_dag.py","logger":"airflow.dag_processing.dagbag.BundleDagBag","filename":"dagbag.py","lineno":460}
{"timestamp":"2026-08-14T17:15:42.724663Z","level":"info","event":"Filling up the DagBag from /opt/airflow/dags/1_first_dag.py","logger":"airflow.dag_processing.dagbag.BundleDagBag","filename":"dagbag.py","lineno":460}
{"timestamp":"2026-08-14T17:16:13.697151Z","level":"info","event":"Filling up the DagBag from /opt/airflow/dags/1_first_dag.py","logger":"airflow.dag_processing.dagbag.BundleDagBag","filename":"dagbag.py","lineno":460}
{"timestamp":"2026-08-14T17:16:44.737614Z","level":"info","event":"Filling up the DagBag from /opt/airflow/dags/1_first_dag.py","logger":"airflow.dag_processing.dagbag.BundleDagBag","filename":"dagbag.py","lineno":460}
{"timestamp":"2026-08-14T17:17:15.276258Z","level":"info","event":"Filling up the DagBag from /opt/airflow/dags/1_first_dag.py","logger":"airflow.dag_processing.dagbag.BundleDagBag","filename":"dagbag.py","lineno":460}
{"timestamp":"2026-08-14T17:17:46.260393Z","level":"info","event":"Filling up the DagBag from /opt/airflow/dags/1_first_dag.py","logger":"airflow.dag_processing.dagbag.BundleDagBag","filename":"dagbag.py","lineno":460}
{"timestamp":"2026-08-14T17:18:18.117459Z","level":"info","event":"Filling up the DagBag from /opt/airflow/dags/1_first_dag.py","logger":"airflow.dag_processing.dagbag.BundleDagBag","filename":"dagbag.py","lineno":460}
{"timestamp":"2026-08-14T17:18:48.474008Z","level":"info","event":"Filling up the DagBag from /opt/airflow/dags/1_first_dag.py","logger":"airflow.dag_processing.dagbag.BundleDagBag","filename":"dagbag.py","lineno":460}
{"timestamp":"2026-08-14T17:19:19.814856Z","level":"info","event":"Filling up the DagBag from /opt/airflow/dags/1_first_dag.py","logger":"airflow.dag_processing.dagbag.BundleDagBag","filename":"dagbag.py","lineno":460}
{"timestamp":"2026-08-14T17:19:53.283127Z","level":"info","event":"Filling up the DagBag from /opt/airflow/dags/1_first_dag.py","logger":"airflow.dag_processing.dagbag.BundleDagBag","filename":"dagbag.py","lineno":460}
{"timestamp":"2026-08-14T17:20:24.159976Z","level":"info","event":"Filling up the DagBag from /opt/airflow/dags/1_first_dag.py","logger":"airflow.dag_processing.dagbag.BundleDagBag","filename":"dagbag.py","lineno":460}
{"timestamp":"2026-08-14T17:20:54.696878Z","level":"info","event":"Filling up the DagBag from /opt/airflow/dags/1_first_dag.py","logger":"airflow.dag_processing.dagbag.BundleDagBag","filename":"dagbag.py","lineno":460}
{"timestamp":"2026-08-14T17:21:25.275792Z","level":"info","event":"Filling up the DagBag from /opt/airflow/dags/1_first_dag.py","logger":"airflow.dag_processing.dagbag.BundleDagBag","filename":"dagbag.py","lineno":460}
{"timestamp":"2026-08-14T17:21:55.803693Z","level":"info","event":"Filling up the DagBag from /opt/airflow/dags/1_first_dag.py","logger":"airflow.dag_processing.dagbag.BundleDagBag","filename":"dagbag.py","lineno":460}
{"timestamp":"2026-08-14T17:22:26.458732Z","level":"info","event":"Filling up the DagBag from /opt/airflow/dags/1_first_dag.py","logger":"airflow.dag_processing.dagbag.BundleDagBag","filename":"dagbag.py","lineno":460}
{"timestamp":"2026-08-14T17:22:56.953837Z","level":"info","event":"Filling up the DagBag from /opt/airflow/dags/1_first_dag.py","logger":"airflow.dag_processing.dagbag.BundleDagBag","filename":"dagbag.py","lineno":460}
{"timestamp":"2026-08-14T17:23:27.752903Z","level":"info","event":"Filling up the DagBag from /opt/airflow/dags/1_first_dag.py","logger":"airflow.dag_processing.dagbag.BundleDagBag","filename":"dagbag.py","lineno":460}
{"timestamp":"2026-08-14T17:23:59.207153Z","level":"info","event":"Filling up the DagBag from /opt/airflow/dags/1_first_dag.py","logger":"airflow.dag_processing.dagbag.BundleDagBag","filename":"dagbag.py","lineno":460}
{"timestamp":"2026-08-14T17:24:30.520969Z","level":"info","event":"Filling up the DagBag from /opt/airflow/dags/1_first_dag.py","logger":"airflow.dag_processing.dagbag.BundleDagBag","filename":"dagbag.py","lineno":460}
{"timestamp":"2026-08-14T17:25:01.209178Z","level":"info","event":"Filling up the DagBag from /opt/airflow/dags/1_first_dag.py","logger":"airflow.dag_processing.dagbag.BundleDagBag","filename":"dagbag.py","lineno":460}
{"timestamp":"2026-08-14T17:25:32.178137Z","level":"info","event":"Filling up the DagBag from /opt/airflow/dags/1_first_dag.py","logger":"airflow.dag_processing.dagbag.BundleDagBag","filename":"dagbag.py","lineno":460}
{"timestamp":"2026-08-14T17:26:02.843975Z","level":"info","event":"Filling up the DagBag from /opt/airflow/dags/1_first_dag.py","logger":"airflow.dag_processing.dagbag.BundleDagBag","filename":"dagbag.py","lineno":460}
{"timestamp":"2026-08-14T17:26:33.923101Z","level":"info","event":"Filling up the DagBag from /opt/airflow/dags/1_first_dag.py","logger":"airflow.dag_processing.dagbag.BundleDagBag","filename":"dagbag.py","lineno":460}
{"timestamp":"2026-08-14T17:27:05.280048Z","level":"info","event":"Filling up the DagBag from /opt/airflow/dags/1_first_dag.py","logger":"airflow.dag_processing.dagbag.BundleDagBag","filename":"dagbag.py","lineno":460}
{"timestamp":"2026-08-14T17:27:36.612973Z","level":"info","event":"Filling up the DagBag from /opt/airflow/dags/1_first_dag.py","logger":"airflow.dag_processing.dagbag.BundleDagBag","filename":"dagbag.py","lineno":460}
{"timestamp":"2026-08-14T17:28:07.176615Z","level":"info","event":"Filling up the DagBag from /opt/airflow/dags/1_first_dag.py","logger":"airflow.dag_processing.dagbag.BundleDagBag","filename":"dagbag.py","lineno":460}
{"timestamp":"2026-08-14T17:28:37.396295Z","level":"info","event":"Filling up the DagBag from /opt/airflow/dags/1_first_dag.py","logger":"airflow.dag_processing.dagbag.BundleDagBag","filename":"dagbag.py","lineno":460}
{"timestamp":"2026-08-14T17:29:07.899454Z","level":"info","event":"Filling up the DagBag from /opt/airflow/dags/1_first_dag.py","logger":"airflow.dag_processing.dagbag.BundleDagBag","filename":"dagbag.py","lineno":460}
{"timestamp":"2026-08-14T17:29:38.817143Z","level":"info","event":"Filling up the DagBag from /opt/airflow/dags/1_first_dag.py","logger":"airflow.dag_processing.dagbag.BundleDagBag","filename":"dagbag.py","lineno":460}
{"timestamp":"2026-08-14T17:30:09.590444Z","level":"info","event":"Filling up the DagBag from /opt/airflow/dags/1_first_dag.py","logger":"airflow.dag_processing.dagbag.BundleDagBag","filename":"dagbag.py","lineno":460}
{"timestamp":"2026-08-14T17:30:40.603992Z","level":"info","event":"Filling up the DagBag from /opt/airflow/dags/1_first_dag.py","logger":"airflow.dag_processing.dagbag.BundleDagBag","filename":"dagbag.py","lineno":460}
{"timestamp":"2026-08-14T17:34:43.647261Z","level":"info","event":"Filling up the DagBag from /opt/airflow/dags/1_first_dag.py","logger":"airflow.dag_processing.dagbag.BundleDagBag","filename":"dagbag.py","lineno":460}
{"timestamp":"2026-08-14T17:35:16.847567Z","level":"info","event":"Filling up the DagBag from /opt/airflow/dags/1_first_dag.py","logger":"airflow.dag_processing.dagbag.BundleDagBag","filename":"dagbag.py","lineno":460}
{"timestamp":"2026-08-14T17:35:47.423071Z","level":"info","event":"Filling up the DagBag from /opt/airflow/dags/1_first_dag.py","logger":"airflow.dag_processing.dagbag.BundleDagBag","filename":"dagbag.py","lineno":460}
{"timestamp":"2026-08-14T17:36:18.299745Z","level":"info","event":"Filling up the DagBag from /opt/airflow/dags/1_first_dag.py","logger":"airflow.dag_processing.dagbag.BundleDagBag","filename":"dagbag.py","lineno":460}
{"timestamp":"2026-08-14T17:36:48.765423Z","level":"info","event":"Filling up the DagBag from /opt/airflow/dags/1_first_dag.py","logger":"airflow.dag_processing.dagbag.BundleDagBag","filename":"dagbag.py","lineno":460}
{"timestamp":"2026-08-14T17:37:19.611423Z","level":"info","event":"Filling up the DagBag from /opt/airflow/dags/1_first_dag.py","logger":"airflow.dag_processing.dagbag.BundleDagBag","filename":"dagbag.py","lineno":460}
{"timestamp":"2026-08-14T17:37:50.404988Z","level":"info","event":"Filling up the DagBag from /opt/airflow/dags/1_first_dag.py","logger":"airflow.dag_processing.dagbag.BundleDagBag","filename":"dagbag.py","lineno":460}
{"timestamp":"2026-08-14T17:38:21.348426Z","level":"info","event":"Filling up the DagBag from /opt/airflow/dags/1_first_dag.py","logger":"airflow.dag_processing.dagbag.BundleDagBag","filename":"dagbag.py","lineno":460}
{"timestamp":"2026-08-14T17:38:52.008479Z","level":"info","event":"Filling up the DagBag from /opt/airflow/dags/1_first_dag.py","logger":"airflow.dag_processing.dagbag.BundleDagBag","filename":"dagbag.py","lineno":460}
{"timestamp":"2026-08-14T17:39:22.787201Z","level":"info","event":"Filling up the DagBag from /opt/airflow/dags/1_first_dag.py","logger":"airflow.dag_processing.dagbag.BundleDagBag","filename":"dagbag.py","lineno":460}
{"timestamp":"2026-08-14T17:39:53.529927Z","level":"info","event":"Filling up the DagBag from /opt/airflow/dags/1_first_dag.py","logger":"airflow.dag_processing.dagbag.BundleDagBag","filename":"dagbag.py","lineno":460}
{"timestamp":"2026-08-14T17:40:24.308152Z","level":"info","event":"Filling up the DagBag from /opt/airflow/dags/1_first_dag.py","logger":"airflow.dag_processing.dagbag.BundleDagBag","filename":"dagbag.py","lineno":460}
{"timestamp":"2026-08-14T17:40:55.323793Z","level":"info","event":"Filling up the DagBag from /opt/airflow/dags/1_first_dag.py","logger":"airflow.dag_processing.dagbag.BundleDagBag","filename":"dagbag.py","lineno":460}
{"timestamp":"2026-08-14T17:41:26.162032Z","level":"info","event":"Filling up the DagBag from /opt/airflow/dags/1_first_dag.py","logger":"airflow.dag_processing.dagbag.BundleDagBag","filename":"dagbag.py","lineno":460}
{"timestamp":"2026-08-14T17:41:56.993847Z","level":"info","event":"Filling up the DagBag from /opt/airflow/dags/1_first_dag.py","logger":"airflow.dag_processing.dagbag.BundleDagBag","filename":"dagbag.py","lineno":460}
{"timestamp":"2026-08-14T17:42:27.705666Z","level":"info","event":"Filling up the DagBag from /opt/airflow/dags/1_first_dag.py","logger":"airflow.dag_processing.dagbag.BundleDagBag","filename":"dagbag.py","lineno":460}
{"timestamp":"2026-08-14T17:42:58.507308Z","level":"info","event":"Filling up the DagBag from /opt/airflow/dags/1_first_dag.py","logger":"airflow.dag_processing.dagbag.BundleDagBag","filename":"dagbag.py","lineno":460}
{"timestamp":"2026-08-14T17:43:29.347561Z","level":"info","event":"Filling up the DagBag from /opt/airflow/dags/1_first_dag.py","logger":"airflow.dag_processing.dagbag.BundleDagBag","filename":"dagbag.py","lineno":460}
{"timestamp":"2026-08-14T17:44:00.310609Z","level":"info","event":"Filling up the DagBag from /opt/airflow/dags/1_first_dag.py","logger":"airflow.dag_processing.dagbag.BundleDagBag","filename":"dagbag.py","lineno":460}
{"timestamp":"2026-08-14T17:44:31.180250Z","level":"info","event":"Filling up the DagBag from /opt/airflow/dags/1_first_dag.py","logger":"airflow.dag_processing.dagbag.BundleDagBag","filename":"dagbag.py","lineno":460}
{"timestamp":"2026-08-14T17:45:01.991629Z","level":"info","event":"Filling up the DagBag from /opt/airflow/dags/1_first_dag.py","logger":"airflow.dag_processing.dagbag.BundleDagBag","filename":"dagbag.py","lineno":460}
{"timestamp":"2026-08-14T17:45:32.621484Z","level":"info","event":"Filling up the DagBag from /opt/airflow/dags/1_first_dag.py","logger":"airflow.dag_processing.dagbag.BundleDagBag","filename":"dagbag.py","lineno":460}
{"timestamp":"2026-08-14T17:46:04.502078Z","level":"info","event":"Filling up the DagBag from /opt/airflow/dags/1_first_dag.py","logger":"airflow.dag_processing.dagbag.BundleDagBag","filename":"dagbag.py","lineno":460}
{"timestamp":"2026-08-14T17:46:35.549241Z","level":"info","event":"Filling up the DagBag from /opt/airflow/dags/1_first_dag.py","logger":"airflow.dag_processing.dagbag.BundleDagBag","filename":"dagbag.py","lineno":460}
{"timestamp":"2026-08-14T17:47:06.443437Z","level":"info","event":"Filling up the DagBag from /opt/airflow/dags/1_first_dag.py","logger":"airflow.dag_processing.dagbag.BundleDagBag","filename":"dagbag.py","lineno":460}
{"timestamp":"2026-08-14T17:47:36.979927Z","level":"info","event":"Filling up the DagBag from /opt/airflow/dags/1_first_dag.py","logger":"airflow.dag_processing.dagbag.BundleDagBag","filename":"dagbag.py","lineno":460}
{"timestamp":"2026-08-14T17:48:07.784502Z","level":"info","event":"Filling up the DagBag from /opt/airflow/dags/1_first_dag.py","logger":"airflow.dag_processing.dagbag.BundleDagBag","filename":"dagbag.py","lineno":460}
{"timestamp":"2026-08-14T17:48:10.313892Z","level":"info","event":"Filling up the DagBag from /opt/airflow/dags/1_first_dag.py","logger":"airflow.dag_processing.dagbag.BundleDagBag","filename":"dagbag.py","lineno":460}
{"timestamp":"2026-08-14T17:48:41.410788Z","level":"info","event":"Filling up the DagBag from /opt/airflow/dags/1_first_dag.py","logger":"airflow.dag_processing.dagbag.BundleDagBag","filename":"dagbag.py","lineno":460}
{"timestamp":"2026-08-14T17:49:12.454153Z","level":"info","event":"Filling up the DagBag from /opt/airflow/dags/1_first_dag.py","logger":"airflow.dag_processing.dagbag.BundleDagBag","filename":"dagbag.py","lineno":460}
{"timestamp":"2026-08-14T17:49:43.322131Z","level":"info","event":"Filling up the DagBag from /opt/airflow/dags/1_first_dag.py","logger":"airflow.dag_processing.dagbag.BundleDagBag","filename":"dagbag.py","lineno":460}
{"timestamp":"2026-08-14T17:50:13.903362Z","level":"info","event":"Filling up the DagBag from /opt/airflow/dags/1_first_dag.py","logger":"airflow.dag_processing.dagbag.BundleDagBag","filename":"dagbag.py","lineno":460}
{"timestamp":"2026-08-14T17:50:44.772782Z","level":"info","event":"Filling up the DagBag from /opt/airflow/dags/1_first_dag.py","logger":"airflow.dag_processing.dagbag.BundleDagBag","filename":"dagbag.py","lineno":460}
{"timestamp":"2026-08-14T17:51:15.617915Z","level":"info","event":"Filling up the DagBag from /opt/airflow/dags/1_first_dag.py","logger":"airflow.dag_processing.dagbag.BundleDagBag","filename":"dagbag.py","lineno":460}
{"timestamp":"2026-08-14T17:51:46.633162Z","level":"info","event":"Filling up the DagBag from /opt/airflow/dags/1_first_dag.py","logger":"airflow.dag_processing.dagbag.BundleDagBag","filename":"dagbag.py","lineno":460}
{"timestamp":"2026-08-14T17:52:17.091037Z","level":"info","event":"Filling up the DagBag from /opt/airflow/dags/1_first_dag.py","logger":"airflow.dag_processing.dagbag.BundleDagBag","filename":"dagbag.py","lineno":460}
{"timestamp":"2026-08-14T17:52:47.338596Z","level":"info","event":"Filling up the DagBag from /opt/airflow/dags/1_first_dag.py","logger":"airflow.dag_processing.dagbag.BundleDagBag","filename":"dagbag.py","lineno":460}
{"timestamp":"2026-08-14T17:52:54.743443Z","level":"info","event":"Filling up the DagBag from /opt/airflow/dags/1_first_dag.py","logger":"airflow.dag_processing.dagbag.BundleDagBag","filename":"dagbag.py","lineno":460}
{"timestamp":"2026-08-14T17:52:55.373309Z","level":"info","event":"Filling up the DagBag from /opt/airflow/dags/1_first_dag.py","logger":"airflow.dag_processing.dagbag.BundleDagBag","filename":"dagbag.py","lineno":460}
{"timestamp":"2026-08-14T17:53:26.258211Z","level":"info","event":"Filling up the DagBag from /opt/airflow/dags/1_first_dag.py","logger":"airflow.dag_processing.dagbag.BundleDagBag","filename":"dagbag.py","lineno":460}
{"timestamp":"2026-08-14T17:53:56.606595Z","level":"info","event":"Filling up the DagBag from /opt/airflow/dags/1_first_dag.py","logger":"airflow.dag_processing.dagbag.BundleDagBag","filename":"dagbag.py","lineno":460}
{"timestamp":"2026-08-14T17:54:27.427845Z","level":"info","event":"Filling up the DagBag from /opt/airflow/dags/1_first_dag.py","logger":"airflow.dag_processing.dagbag.BundleDagBag","filename":"dagbag.py","lineno":460}
{"timestamp":"2026-08-14T17:54:58.237466Z","level":"info","event":"Filling up the DagBag from /opt/airflow/dags/1_first_dag.py","logger":"airflow.dag_processing.dagbag.BundleDagBag","filename":"dagbag.py","lineno":460}
{"timestamp":"2026-08-14T17:55:29.011199Z","level":"info","event":"Filling up the DagBag from /opt/airflow/dags/1_first_dag.py","logger":"airflow.dag_processing.dagbag.BundleDagBag","filename":"dagbag.py","lineno":460}
{"timestamp":"2026-08-14T17:55:59.822624Z","level":"info","event":"Filling up the DagBag from /opt/airflow/dags/1_first_dag.py","logger":"airflow.dag_processing.dagbag.BundleDagBag","filename":"dagbag.py","lineno":460}
{"timestamp":"2026-08-14T17:56:30.741383Z","level":"info","event":"Filling up the DagBag from /opt/airflow/dags/1_first_dag.py","logger":"airflow.dag_processing.dagbag.BundleDagBag","filename":"dagbag.py","lineno":460}
{"timestamp":"2026-08-14T17:57:01.664639Z","level":"info","event":"Filling up the DagBag from /opt/airflow/dags/1_first_dag.py","logger":"airflow.dag_processing.dagbag.BundleDagBag","filename":"dagbag.py","lineno":460}
{"timestamp":"2026-08-14T17:57:32.412428Z","level":"info","event":"Filling up the DagBag from /opt/airflow/dags/1_first_dag.py","logger":"airflow.dag_processing.dagbag.BundleDagBag","filename":"dagbag.py","lineno":460}
{"timestamp":"2026-08-14T17:58:03.156079Z","level":"info","event":"Filling up the DagBag from /opt/airflow/dags/1_first_dag.py","logger":"airflow.dag_processing.dagbag.BundleDagBag","filename":"dagbag.py","lineno":460}
{"timestamp":"2026-08-14T17:58:33.551635Z","level":"info","event":"Filling up the DagBag from /opt/airflow/dags/1_first_dag.py","logger":"airflow.dag_processing.dagbag.BundleDagBag","filename":"dagbag.py","lineno":460}
{"timestamp":"2026-08-14T17:59:04.301802Z","level":"info","event":"Filling up the DagBag from /opt/airflow/dags/1_first_dag.py","logger":"airflow.dag_processing.dagbag.BundleDagBag","filename":"dagbag.py","lineno":460}
{"timestamp":"2026-08-14T17:59:35.059597Z","level":"info","event":"Filling up the DagBag from /opt/airflow/dags/1_first_dag.py","logger":"airflow.dag_processing.dagbag.BundleDagBag","filename":"dagbag.py","lineno":460}
{"timestamp":"2026-08-14T18:00:05.683632Z","level":"info","event":"Filling up the DagBag from /opt/airflow/dags/1_first_dag.py","logger":"airflow.dag_processing.dagbag.BundleDagBag","filename":"dagbag.py","lineno":460}
{"timestamp":"2026-08-14T18:00:36.083732Z","level":"info","event":"Filling up the DagBag from /opt/airflow/dags/1_first_dag.py","logger":"airflow.dag_processing.dagbag.BundleDagBag","filename":"dagbag.py","lineno":460}
{"timestamp":"2026-08-14T18:01:06.880013Z","level":"info","event":"Filling up the DagBag from /opt/airflow/dags/1_first_dag.py","logger":"airflow.dag_processing.dagbag.BundleDagBag","filename":"dagbag.py","lineno":460}
{"timestamp":"2026-08-14T18:01:37.177191Z","level":"info","event":"Filling up the DagBag from /opt/airflow/dags/1_first_dag.py","logger":"airflow.dag_processing.dagbag.BundleDagBag","filename":"dagbag.py","lineno":460}
{"timestamp":"2026-08-14T18:02:08.267729Z","level":"info","event":"Filling up the DagBag from /opt/airflow/dags/1_first_dag.py","logger":"airflow.dag_processing.dagbag.BundleDagBag","filename":"dagbag.py","lineno":460}
{"timestamp":"2026-08-14T18:02:39.204772Z","level":"info","event":"Filling up the DagBag from /opt/airflow/dags/1_first_dag.py","logger":"airflow.dag_processing.dagbag.BundleDagBag","filename":"dagbag.py","lineno":460}
{"timestamp":"2026-08-14T18:03:10.031953Z","level":"info","event":"Filling up the DagBag from /opt/airflow/dags/1_first_dag.py","logger":"airflow.dag_processing.dagbag.BundleDagBag","filename":"dagbag.py","lineno":460}
{"timestamp":"2026-08-14T18:03:41.204088Z","level":"info","event":"Filling up the DagBag from /opt/airflow/dags/1_first_dag.py","logger":"airflow.dag_processing.dagbag.BundleDagBag","filename":"dagbag.py","lineno":460}
{"timestamp":"2026-08-14T18:04:12.800422Z","level":"info","event":"Filling up the DagBag from /opt/airflow/dags/1_first_dag.py","logger":"airflow.dag_processing.dagbag.BundleDagBag","filename":"dagbag.py","lineno":460}
{"timestamp":"2026-08-14T18:04:43.344468Z","level":"info","event":"Filling up the DagBag from /opt/airflow/dags/1_first_dag.py","logger":"airflow.dag_processing.dagbag.BundleDagBag","filename":"dagbag.py","lineno":460}
{"timestamp":"2026-08-14T18:05:13.683568Z","level":"info","event":"Filling up the DagBag from /opt/airflow/dags/1_first_dag.py","logger":"airflow.dag_processing.dagbag.BundleDagBag","filename":"dagbag.py","lineno":460}
{"timestamp":"2026-08-14T18:05:44.549092Z","level":"info","event":"Filling up the DagBag from /opt/airflow/dags/1_first_dag.py","logger":"airflow.dag_processing.dagbag.BundleDagBag","filename":"dagbag.py","lineno":460}
{"timestamp":"2026-08-14T18:06:15.639173Z","level":"info","event":"Filling up the DagBag from /opt/airflow/dags/1_first_dag.py","logger":"airflow.dag_processing.dagbag.BundleDagBag","filename":"dagbag.py","lineno":460}
{"timestamp":"2026-08-14T18:06:46.483429Z","level":"info","event":"Filling up the DagBag from /opt/airflow/dags/1_first_dag.py","logger":"airflow.dag_processing.dagbag.BundleDagBag","filename":"dagbag.py","lineno":460}
{"timestamp":"2026-08-14T18:07:18.055247Z","level":"info","event":"Filling up the DagBag from /opt/airflow/dags/1_first_dag.py","logger":"airflow.dag_processing.dagbag.BundleDagBag","filename":"dagbag.py","lineno":460}
{"timestamp":"2026-08-14T18:07:49.072542Z","level":"info","event":"Filling up the DagBag from /opt/airflow/dags/1_first_dag.py","logger":"airflow.dag_processing.dagbag.BundleDagBag","filename":"dagbag.py","lineno":460}
{"timestamp":"2026-08-14T18:08:19.980089Z","level":"info","event":"Filling up the DagBag from /opt/airflow/dags/1_first_dag.py","logger":"airflow.dag_processing.dagbag.BundleDagBag","filename":"dagbag.py","lineno":460}
{"timestamp":"2026-08-14T18:08:50.527354Z","level":"info","event":"Filling up the DagBag from /opt/airflow/dags/1_first_dag.py","logger":"airflow.dag_processing.dagbag.BundleDagBag","filename":"dagbag.py","lineno":460}
{"timestamp":"2026-08-14T18:09:21.956883Z","level":"info","event":"Filling up the DagBag from /opt/airflow/dags/1_first_dag.py","logger":"airflow.dag_processing.dagbag.BundleDagBag","filename":"dagbag.py","lineno":460}
{"timestamp":"2026-08-14T18:09:53.551648Z","level":"info","event":"Filling up the DagBag from /opt/airflow/dags/1_first_dag.py","logger":"airflow.dag_processing.dagbag.BundleDagBag","filename":"dagbag.py","lineno":460}
{"timestamp":"2026-08-14T18:10:24.446027Z","level":"info","event":"Filling up the DagBag from /opt/airflow/dags/1_first_dag.py","logger":"airflow.dag_processing.dagbag.BundleDagBag","filename":"dagbag.py","lineno":460}
{"timestamp":"2026-08-14T18:10:55.241117Z","level":"info","event":"Filling up the DagBag from /opt/airflow/dags/1_first_dag.py","logger":"airflow.dag_processing.dagbag.BundleDagBag","filename":"dagbag.py","lineno":460}
{"timestamp":"2026-08-14T18:11:26.844889Z","level":"info","event":"Filling up the DagBag from /opt/airflow/dags/1_first_dag.py","logger":"airflow.dag_processing.dagbag.BundleDagBag","filename":"dagbag.py","lineno":460}
{"timestamp":"2026-08-14T18:11:57.232785Z","level":"info","event":"Filling up the DagBag from /opt/airflow/dags/1_first_dag.py","logger":"airflow.dag_processing.dagbag.BundleDagBag","filename":"dagbag.py","lineno":460}
{"timestamp":"2026-08-14T18:12:28.376600Z","level":"info","event":"Filling up the DagBag from /opt/airflow/dags/1_first_dag.py","logger":"airflow.dag_processing.dagbag.BundleDagBag","filename":"dagbag.py","lineno":460}
{"timestamp":"2026-08-14T18:12:58.738322Z","level":"info","event":"Filling up the DagBag from /opt/airflow/dags/1_first_dag.py","logger":"airflow.dag_processing.dagbag.BundleDagBag","filename":"dagbag.py","lineno":460}
{"timestamp":"2026-08-14T18:13:29.565723Z","level":"info","event":"Filling up the DagBag from /opt/airflow/dags/1_first_dag.py","logger":"airflow.dag_processing.dagbag.BundleDagBag","filename":"dagbag.py","lineno":460}
{"timestamp":"2026-08-14T18:14:00.237521Z","level":"info","event":"Filling up the DagBag from /opt/airflow/dags/1_first_dag.py","logger":"airflow.dag_processing.dagbag.BundleDagBag","filename":"dagbag.py","lineno":460}
{"timestamp":"2026-08-14T18:14:30.489791Z","level":"info","event":"Filling up the DagBag from /opt/airflow/dags/1_first_dag.py","logger":"airflow.dag_processing.dagbag.BundleDagBag","filename":"dagbag.py","lineno":460}
{"timestamp":"2026-08-14T18:15:01.402480Z","level":"info","event":"Filling up the DagBag from /opt/airflow/dags/1_first_dag.py","logger":"airflow.dag_processing.dagbag.BundleDagBag","filename":"dagbag.py","lineno":460}
{"timestamp":"2026-08-14T18:15:31.693334Z","level":"info","event":"Filling up the DagBag from /opt/airflow/dags/1_first_dag.py","logger":"airflow.dag_processing.dagbag.BundleDagBag","filename":"dagbag.py","lineno":460}
{"timestamp":"2026-08-14T18:16:02.791221Z","level":"info","event":"Filling up the DagBag from /opt/airflow/dags/1_first_dag.py","logger":"airflow.dag_processing.dagbag.BundleDagBag","filename":"dagbag.py","lineno":460}
{"timestamp":"2026-08-14T18:16:33.764335Z","level":"info","event":"Filling up the DagBag from /opt/airflow/dags/1_first_dag.py","logger":"airflow.dag_processing.dagbag.BundleDagBag","filename":"dagbag.py","lineno":460}
{"timestamp":"2026-08-14T18:17:04.784373Z","level":"info","event":"Filling up the DagBag from /opt/airflow/dags/1_first_dag.py","logger":"airflow.dag_processing.dagbag.BundleDagBag","filename":"dagbag.py","lineno":460}
{"timestamp":"2026-08-14T18:17:35.846805Z","level":"info","event":"Filling up the DagBag from /opt/airflow/dags/1_first_dag.py","logger":"airflow.dag_processing.dagbag.BundleDagBag","filename":"dagbag.py","lineno":460}
{"timestamp":"2026-08-14T18:18:07.018836Z","level":"info","event":"Filling up the DagBag from /opt/airflow/dags/1_first_dag.py","logger":"airflow.dag_processing.dagbag.BundleDagBag","filename":"dagbag.py","lineno":460}
{"timestamp":"2026-08-14T18:18:37.712370Z","level":"info","event":"Filling up the DagBag from /opt/airflow/dags/1_first_dag.py","logger":"airflow.dag_processing.dagbag.BundleDagBag","filename":"dagbag.py","lineno":460}
{"timestamp":"2026-08-14T18:19:08.173533Z","level":"info","event":"Filling up the DagBag from /opt/airflow/dags/1_first_dag.py","logger":"airflow.dag_processing.dagbag.BundleDagBag","filename":"dagbag.py","lineno":460}
{"timestamp":"2026-08-14T18:19:39.555895Z","level":"info","event":"Filling up the DagBag from /opt/airflow/dags/1_first_dag.py","logger":"airflow.dag_processing.dagbag.BundleDagBag","filename":"dagbag.py","lineno":460}
{"timestamp":"2026-08-14T18:20:11.516469Z","level":"info","event":"Filling up the DagBag from /opt/airflow/dags/1_first_dag.py","logger":"airflow.dag_processing.dagbag.BundleDagBag","filename":"dagbag.py","lineno":460}
{"timestamp":"2026-08-14T18:20:42.454196Z","level":"info","event":"Filling up the DagBag from /opt/airflow/dags/1_first_dag.py","logger":"airflow.dag_processing.dagbag.BundleDagBag","filename":"dagbag.py","lineno":460}
{"timestamp":"2026-08-14T18:21:13.210044Z","level":"info","event":"Filling up the DagBag from /opt/airflow/dags/1_first_dag.py","logger":"airflow.dag_processing.dagbag.BundleDagBag","filename":"dagbag.py","lineno":460}
{"timestamp":"2026-08-14T18:21:44.779570Z","level":"info","event":"Filling up the DagBag from /opt/airflow/dags/1_first_dag.py","logger":"airflow.dag_processing.dagbag.BundleDagBag","filename":"dagbag.py","lineno":460}
{"timestamp":"2026-08-14T18:22:16.114165Z","level":"info","event":"Filling up the DagBag from /opt/airflow/dags/1_first_dag.py","logger":"airflow.dag_processing.dagbag.BundleDagBag","filename":"dagbag.py","lineno":460}
{"timestamp":"2026-08-14T18:22:47.933201Z","level":"info","event":"Filling up the DagBag from /opt/airflow/dags/1_first_dag.py","logger":"airflow.dag_processing.dagbag.BundleDagBag","filename":"dagbag.py","lineno":460}
{"timestamp":"2026-08-14T18:23:19.881454Z","level":"info","event":"Filling up the DagBag from /opt/airflow/dags/1_first_dag.py","logger":"airflow.dag_processing.dagbag.BundleDagBag","filename":"dagbag.py","lineno":460}
{"timestamp":"2026-08-14T18:23:50.271463Z","level":"info","event":"Filling up the DagBag from /opt/airflow/dags/1_first_dag.py","logger":"airflow.dag_processing.dagbag.BundleDagBag","filename":"dagbag.py","lineno":460}
{"timestamp":"2026-08-14T18:24:21.522229Z","level":"info","event":"Filling up the DagBag from /opt/airflow/dags/1_first_dag.py","logger":"airflow.dag_processing.dagbag.BundleDagBag","filename":"dagbag.py","lineno":460}
{"timestamp":"2026-08-14T18:24:52.141039Z","level":"info","event":"Filling up the DagBag from /opt/airflow/dags/1_first_dag.py","logger":"airflow.dag_processing.dagbag.BundleDagBag","filename":"dagbag.py","lineno":460}
{"timestamp":"2026-08-14T18:25:22.645465Z","level":"info","event":"Filling up the DagBag from /opt/airflow/dags/1_first_dag.py","logger":"airflow.dag_processing.dagbag.BundleDagBag","filename":"dagbag.py","lineno":460}
{"timestamp":"2026-08-14T18:25:52.943161Z","level":"info","event":"Filling up the DagBag from /opt/airflow/dags/1_first_dag.py","logger":"airflow.dag_processing.dagbag.BundleDagBag","filename":"dagbag.py","lineno":460}
{"timestamp":"2026-08-14T18:26:23.958540Z","level":"info","event":"Filling up the DagBag from /opt/airflow/dags/1_first_dag.py","logger":"airflow.dag_processing.dagbag.BundleDagBag","filename":"dagbag.py","lineno":460}
{"timestamp":"2026-08-14T18:26:54.918308Z","level":"info","event":"Filling up the DagBag from /opt/airflow/dags/1_first_dag.py","logger":"airflow.dag_processing.dagbag.BundleDagBag","filename":"dagbag.py","lineno":460}
{"timestamp":"2026-08-14T18:27:25.301538Z","level":"info","event":"Filling up the DagBag from /opt/airflow/dags/1_first_dag.py","logger":"airflow.dag_processing.dagbag.BundleDagBag","filename":"dagbag.py","lineno":460}
{"timestamp":"2026-08-14T18:27:56.363024Z","level":"info","event":"Filling up the DagBag from /opt/airflow/dags/1_first_dag.py","logger":"airflow.dag_processing.dagbag.BundleDagBag","filename":"dagbag.py","lineno":460}
{"timestamp":"2026-08-14T18:28:27.313996Z","level":"info","event":"Filling up the DagBag from /opt/airflow/dags/1_first_dag.py","logger":"airflow.dag_processing.dagbag.BundleDagBag","filename":"dagbag.py","lineno":460}
{"timestamp":"2026-08-14T18:28:57.702528Z","level":"info","event":"Filling up the DagBag from /opt/airflow/dags/1_first_dag.py","logger":"airflow.dag_processing.dagbag.BundleDagBag","filename":"dagbag.py","lineno":460}
{"timestamp":"2026-08-14T18:29:28.859577Z","level":"info","event":"Filling up the DagBag from /opt/airflow/dags/1_first_dag.py","logger":"airflow.dag_processing.dagbag.BundleDagBag","filename":"dagbag.py","lineno":460}
{"timestamp":"2026-08-14T18:29:59.204848Z","level":"info","event":"Filling up the DagBag from /opt/airflow/dags/1_first_dag.py","logger":"airflow.dag_processing.dagbag.BundleDagBag","filename":"dagbag.py","lineno":460}
{"timestamp":"2026-08-14T18:30:29.627969Z","level":"info","event":"Filling up the DagBag from /opt/airflow/dags/1_first_dag.py","logger":"airflow.dag_processing.dagbag.BundleDagBag","filename":"dagbag.py","lineno":460}
{"timestamp":"2026-08-14T18:31:00.084878Z","level":"info","event":"Filling up the DagBag from /opt/airflow/dags/1_first_dag.py","logger":"airflow.dag_processing.dagbag.BundleDagBag","filename":"dagbag.py","lineno":460}
{"timestamp":"2026-08-14T18:31:31.046064Z","level":"info","event":"Filling up the DagBag from /opt/airflow/dags/1_first_dag.py","logger":"airflow.dag_processing.dagbag.BundleDagBag","filename":"dagbag.py","lineno":460}
{"timestamp":"2026-08-14T18:32:01.507500Z","level":"info","event":"Filling up the DagBag from /opt/airflow/dags/1_first_dag.py","logger":"airflow.dag_processing.dagbag.BundleDagBag","filename":"dagbag.py","lineno":460}
{"timestamp":"2026-08-14T18:32:31.819377Z","level":"info","event":"Filling up the DagBag from /opt/airflow/dags/1_first_dag.py","logger":"airflow.dag_processing.dagbag.BundleDagBag","filename":"dagbag.py","lineno":460}
{"timestamp":"2026-08-14T18:33:02.860586Z","level":"info","event":"Filling up the DagBag from /opt/airflow/dags/1_first_dag.py","logger":"airflow.dag_processing.dagbag.BundleDagBag","filename":"dagbag.py","lineno":460}
{"timestamp":"2026-08-14T18:33:33.923023Z","level":"info","event":"Filling up the DagBag from /opt/airflow/dags/1_first_dag.py","logger":"airflow.dag_processing.dagbag.BundleDagBag","filename":"dagbag.py","lineno":460}
{"timestamp":"2026-08-14T18:34:04.215509Z","level":"info","event":"Filling up the DagBag from /opt/airflow/dags/1_first_dag.py","logger":"airflow.dag_processing.dagbag.BundleDagBag","filename":"dagbag.py","lineno":460}
{"timestamp":"2026-08-14T18:34:34.453238Z","level":"info","event":"Filling up the DagBag from /opt/airflow/dags/1_first_dag.py","logger":"airflow.dag_processing.dagbag.BundleDagBag","filename":"dagbag.py","lineno":460}
{"timestamp":"2026-08-14T18:35:04.780490Z","level":"info","event":"Filling up the DagBag from /opt/airflow/dags/1_first_dag.py","logger":"airflow.dag_processing.dagbag.BundleDagBag","filename":"dagbag.py","lineno":460}
{"timestamp":"2026-08-14T18:35:35.100159Z","level":"info","event":"Filling up the DagBag from /opt/airflow/dags/1_first_dag.py","logger":"airflow.dag_processing.dagbag.BundleDagBag","filename":"dagbag.py","lineno":460}
{"timestamp":"2026-08-14T18:36:05.640140Z","level":"info","event":"Filling up the DagBag from /opt/airflow/dags/1_first_dag.py","logger":"airflow.dag_processing.dagbag.BundleDagBag","filename":"dagbag.py","lineno":460}
{"timestamp":"2026-08-14T18:36:35.950321Z","level":"info","event":"Filling up the DagBag from /opt/airflow/dags/1_first_dag.py","logger":"airflow.dag_processing.dagbag.BundleDagBag","filename":"dagbag.py","lineno":460}
{"timestamp":"2026-08-14T18:37:06.377391Z","level":"info","event":"Filling up the DagBag from /opt/airflow/dags/1_first_dag.py","logger":"airflow.dag_processing.dagbag.BundleDagBag","filename":"dagbag.py","lineno":460}
{"timestamp":"2026-08-14T18:37:36.801342Z","level":"info","event":"Filling up the DagBag from /opt/airflow/dags/1_first_dag.py","logger":"airflow.dag_processing.dagbag.BundleDagBag","filename":"dagbag.py","lineno":460}
{"timestamp":"2026-08-14T18:38:07.109889Z","level":"info","event":"Filling up the DagBag from /opt/airflow/dags/1_first_dag.py","logger":"airflow.dag_processing.dagbag.BundleDagBag","filename":"dagbag.py","lineno":460}
{"timestamp":"2026-08-14T18:38:37.518607Z","level":"info","event":"Filling up the DagBag from /opt/airflow/dags/1_first_dag.py","logger":"airflow.dag_processing.dagbag.BundleDagBag","filename":"dagbag.py","lineno":460}
{"timestamp":"2026-08-14T18:39:09.874664Z","level":"info","event":"Filling up the DagBag from /opt/airflow/dags/1_first_dag.py","logger":"airflow.dag_processing.dagbag.BundleDagBag","filename":"dagbag.py","lineno":460}
{"timestamp":"2026-08-14T18:39:41.123120Z","level":"info","event":"Filling up the DagBag from /opt/airflow/dags/1_first_dag.py","logger":"airflow.dag_processing.dagbag.BundleDagBag","filename":"dagbag.py","lineno":460}
{"timestamp":"2026-08-14T18:40:11.758601Z","level":"info","event":"Filling up the DagBag from /opt/airflow/dags/1_first_dag.py","logger":"airflow.dag_processing.dagbag.BundleDagBag","filename":"dagbag.py","lineno":460}
{"timestamp":"2026-08-14T18:40:43.188918Z","level":"info","event":"Filling up the DagBag from /opt/airflow/dags/1_first_dag.py","logger":"airflow.dag_processing.dagbag.BundleDagBag","filename":"dagbag.py","lineno":460}
{"timestamp":"2026-08-14T18:41:13.654346Z","level":"info","event":"Filling up the DagBag from /opt/airflow/dags/1_first_dag.py","logger":"airflow.dag_processing.dagbag.BundleDagBag","filename":"dagbag.py","lineno":460}
{"timestamp":"2026-08-14T18:41:44.120776Z","level":"info","event":"Filling up the DagBag from /opt/airflow/dags/1_first_dag.py","logger":"airflow.dag_processing.dagbag.BundleDagBag","filename":"dagbag.py","lineno":460}
{"timestamp":"2026-08-14T18:42:14.575392Z","level":"info","event":"Filling up the DagBag from /opt/airflow/dags/1_first_dag.py","logger":"airflow.dag_processing.dagbag.BundleDagBag","filename":"dagbag.py","lineno":460}
{"timestamp":"2026-08-14T18:42:44.894489Z","level":"info","event":"Filling up the DagBag from /opt/airflow/dags/1_first_dag.py","logger":"airflow.dag_processing.dagbag.BundleDagBag","filename":"dagbag.py","lineno":460}
{"timestamp":"2026-08-14T18:43:15.287204Z","level":"info","event":"Filling up the DagBag from /opt/airflow/dags/1_first_dag.py","logger":"airflow.dag_processing.dagbag.BundleDagBag","filename":"dagbag.py","lineno":460}
{"timestamp":"2026-08-14T18:43:45.943089Z","level":"info","event":"Filling up the DagBag from /opt/airflow/dags/1_first_dag.py","logger":"airflow.dag_processing.dagbag.BundleDagBag","filename":"dagbag.py","lineno":460}
{"timestamp":"2026-08-14T18:44:16.604351Z","level":"info","event":"Filling up the DagBag from /opt/airflow/dags/1_first_dag.py","logger":"airflow.dag_processing.dagbag.BundleDagBag","filename":"dagbag.py","lineno":460}
{"timestamp":"2026-08-14T18:44:47.752654Z","level":"info","event":"Filling up the DagBag from /opt/airflow/dags/1_first_dag.py","logger":"airflow.dag_processing.dagbag.BundleDagBag","filename":"dagbag.py","lineno":460}
{"timestamp":"2026-08-14T18:45:18.517112Z","level":"info","event":"Filling up the DagBag from /opt/airflow/dags/1_first_dag.py","logger":"airflow.dag_processing.dagbag.BundleDagBag","filename":"dagbag.py","lineno":460}
{"timestamp":"2026-08-14T18:45:49.158512Z","level":"info","event":"Filling up the DagBag from /opt/airflow/dags/1_first_dag.py","logger":"airflow.dag_processing.dagbag.BundleDagBag","filename":"dagbag.py","lineno":460}
{"timestamp":"2026-08-14T18:46:19.590673Z","level":"info","event":"Filling up the DagBag from /opt/airflow/dags/1_first_dag.py","logger":"airflow.dag_processing.dagbag.BundleDagBag","filename":"dagbag.py","lineno":460}
{"timestamp":"2026-08-14T18:46:49.997352Z","level":"info","event":"Filling up the DagBag from /opt/airflow/dags/1_first_dag.py","logger":"airflow.dag_processing.dagbag.BundleDagBag","filename":"dagbag.py","lineno":460}
{"timestamp":"2026-08-14T18:47:20.493895Z","level":"info","event":"Filling up the DagBag from /opt/airflow/dags/1_first_dag.py","logger":"airflow.dag_processing.dagbag.BundleDagBag","filename":"dagbag.py","lineno":460}
{"timestamp":"2026-08-14T18:47:51.458551Z","level":"info","event":"Filling up the DagBag from /opt/airflow/dags/1_first_dag.py","logger":"airflow.dag_processing.dagbag.BundleDagBag","filename":"dagbag.py","lineno":460}
{"timestamp":"2026-08-14T18:48:21.760418Z","level":"info","event":"Filling up the DagBag from /opt/airflow/dags/1_first_dag.py","logger":"airflow.dag_processing.dagbag.BundleDagBag","filename":"dagbag.py","lineno":460}
{"timestamp":"2026-08-14T18:48:52.413522Z","level":"info","event":"Filling up the DagBag from /opt/airflow/dags/1_first_dag.py","logger":"airflow.dag_processing.dagbag.BundleDagBag","filename":"dagbag.py","lineno":460}
{"timestamp":"2026-08-14T18:49:23.328419Z","level":"info","event":"Filling up the DagBag from /opt/airflow/dags/1_first_dag.py","logger":"airflow.dag_processing.dagbag.BundleDagBag","filename":"dagbag.py","lineno":460}
{"timestamp":"2026-08-14T18:49:54.391000Z","level":"info","event":"Filling up the DagBag from /opt/airflow/dags/1_first_dag.py","logger":"airflow.dag_processing.dagbag.BundleDagBag","filename":"dagbag.py","lineno":460}
{"timestamp":"2026-08-14T18:50:25.030088Z","level":"info","event":"Filling up the DagBag from /opt/airflow/dags/1_first_dag.py","logger":"airflow.dag_processing.dagbag.BundleDagBag","filename":"dagbag.py","lineno":460}
{"timestamp":"2026-08-14T18:50:55.748702Z","level":"info","event":"Filling up the DagBag from /opt/airflow/dags/1_first_dag.py","logger":"airflow.dag_processing.dagbag.BundleDagBag","filename":"dagbag.py","lineno":460}
{"timestamp":"2026-08-14T18:51:26.515245Z","level":"info","event":"Filling up the DagBag from /opt/airflow/dags/1_first_dag.py","logger":"airflow.dag_processing.dagbag.BundleDagBag","filename":"dagbag.py","lineno":460}
{"timestamp":"2026-08-14T18:51:57.146046Z","level":"info","event":"Filling up the DagBag from /opt/airflow/dags/1_first_dag.py","logger":"airflow.dag_processing.dagbag.BundleDagBag","filename":"dagbag.py","lineno":460}
{"timestamp":"2026-08-14T18:52:27.431072Z","level":"info","event":"Filling up the DagBag from /opt/airflow/dags/1_first_dag.py","logger":"airflow.dag_processing.dagbag.BundleDagBag","filename":"dagbag.py","lineno":460}
{"timestamp":"2026-08-14T18:52:58.132321Z","level":"info","event":"Filling up the DagBag from /opt/airflow/dags/1_first_dag.py","logger":"airflow.dag_processing.dagbag.BundleDagBag","filename":"dagbag.py","lineno":460}
{"timestamp":"2026-08-14T18:53:28.890936Z","level":"info","event":"Filling up the DagBag from /opt/airflow/dags/1_first_dag.py","logger":"airflow.dag_processing.dagbag.BundleDagBag","filename":"dagbag.py","lineno":460}
{"timestamp":"2026-08-14T18:54:00.041765Z","level":"info","event":"Filling up the DagBag from /opt/airflow/dags/1_first_dag.py","logger":"airflow.dag_processing.dagbag.BundleDagBag","filename":"dagbag.py","lineno":460}
{"timestamp":"2026-08-14T18:54:30.684761Z","level":"info","event":"Filling up the DagBag from /opt/airflow/dags/1_first_dag.py","logger":"airflow.dag_processing.dagbag.BundleDagBag","filename":"dagbag.py","lineno":460}
{"timestamp":"2026-08-14T18:55:01.493951Z","level":"info","event":"Filling up the DagBag from /opt/airflow/dags/1_first_dag.py","logger":"airflow.dag_processing.dagbag.BundleDagBag","filename":"dagbag.py","lineno":460}
{"timestamp":"2026-08-14T18:55:31.802975Z","level":"info","event":"Filling up the DagBag from /opt/airflow/dags/1_first_dag.py","logger":"airflow.dag_processing.dagbag.BundleDagBag","filename":"dagbag.py","lineno":460}
{"timestamp":"2026-08-14T18:56:02.248590Z","level":"info","event":"Filling up the DagBag from /opt/airflow/dags/1_first_dag.py","logger":"airflow.dag_processing.dagbag.BundleDagBag","filename":"dagbag.py","lineno":460}
{"timestamp":"2026-08-14T18:56:33.357282Z","level":"info","event":"Filling up the DagBag from /opt/airflow/dags/1_first_dag.py","logger":"airflow.dag_processing.dagbag.BundleDagBag","filename":"dagbag.py","lineno":460}
{"timestamp":"2026-08-14T18:57:03.618657Z","level":"info","event":"Filling up the DagBag from /opt/airflow/dags/1_first_dag.py","logger":"airflow.dag_processing.dagbag.BundleDagBag","filename":"dagbag.py","lineno":460}
{"timestamp":"2026-08-14T18:57:34.286885Z","level":"info","event":"Filling up the DagBag from /opt/airflow/dags/1_first_dag.py","logger":"airflow.dag_processing.dagbag.BundleDagBag","filename":"dagbag.py","lineno":460}
{"timestamp":"2026-08-14T18:58:04.929069Z","level":"info","event":"Filling up the DagBag from /opt/airflow/dags/1_first_dag.py","logger":"airflow.dag_processing.dagbag.BundleDagBag","filename":"dagbag.py","lineno":460}
{"timestamp":"2026-08-14T18:58:35.324265Z","level":"info","event":"Filling up the DagBag from /opt/airflow/dags/1_first_dag.py","logger":"airflow.dag_processing.dagbag.BundleDagBag","filename":"dagbag.py","lineno":460}
{"timestamp":"2026-08-14T18:59:05.692635Z","level":"info","event":"Filling up the DagBag from /opt/airflow/dags/1_first_dag.py","logger":"airflow.dag_processing.dagbag.BundleDagBag","filename":"dagbag.py","lineno":460}
{"timestamp":"2026-08-14T18:59:36.024139Z","level":"info","event":"Filling up the DagBag from /opt/airflow/dags/1_first_dag.py","logger":"airflow.dag_processing.dagbag.BundleDagBag","filename":"dagbag.py","lineno":460}
{"timestamp":"2026-08-14T19:00:06.368609Z","level":"info","event":"Filling up the DagBag from /opt/airflow/dags/1_first_dag.py","logger":"airflow.dag_processing.dagbag.BundleDagBag","filename":"dagbag.py","lineno":460}
{"timestamp":"2026-08-14T19:00:36.724113Z","level":"info","event":"Filling up the DagBag from /opt/airflow/dags/1_first_dag.py","logger":"airflow.dag_processing.dagbag.BundleDagBag","filename":"dagbag.py","lineno":460}
{"timestamp":"2026-08-14T19:01:06.962180Z","level":"info","event":"Filling up the DagBag from /opt/airflow/dags/1_first_dag.py","logger":"airflow.dag_processing.dagbag.BundleDagBag","filename":"dagbag.py","lineno":460}
{"timestamp":"2026-08-14T19:01:37.287555Z","level":"info","event":"Filling up the DagBag from /opt/airflow/dags/1_first_dag.py","logger":"airflow.dag_processing.dagbag.BundleDagBag","filename":"dagbag.py","lineno":460}
{"timestamp":"2026-08-14T19:02:07.572269Z","level":"info","event":"Filling up the DagBag from /opt/airflow/dags/1_first_dag.py","logger":"airflow.dag_processing.dagbag.BundleDagBag","filename":"dagbag.py","lineno":460}
{"timestamp":"2026-08-14T19:02:38.365849Z","level":"info","event":"Filling up the DagBag from /opt/airflow/dags/1_first_dag.py","logger":"airflow.dag_processing.dagbag.BundleDagBag","filename":"dagbag.py","lineno":460}
{"timestamp":"2026-08-14T19:03:08.766207Z","level":"info","event":"Filling up the DagBag from /opt/airflow/dags/1_first_dag.py","logger":"airflow.dag_processing.dagbag.BundleDagBag","filename":"dagbag.py","lineno":460}
{"timestamp":"2026-08-14T19:03:39.343001Z","level":"info","event":"Filling up the DagBag from /opt/airflow/dags/1_first_dag.py","logger":"airflow.dag_processing.dagbag.BundleDagBag","filename":"dagbag.py","lineno":460}
{"timestamp":"2026-08-14T19:04:09.940204Z","level":"info","event":"Filling up the DagBag from /opt/airflow/dags/1_first_dag.py","logger":"airflow.dag_processing.dagbag.BundleDagBag","filename":"dagbag.py","lineno":460}
{"timestamp":"2026-08-14T19:04:40.445108Z","level":"info","event":"Filling up the DagBag from /opt/airflow/dags/1_first_dag.py","logger":"airflow.dag_processing.dagbag.BundleDagBag","filename":"dagbag.py","lineno":460}
{"timestamp":"2026-08-14T19:05:10.930211Z","level":"info","event":"Filling up the DagBag from /opt/airflow/dags/1_first_dag.py","logger":"airflow.dag_processing.dagbag.BundleDagBag","filename":"dagbag.py","lineno":460}
{"timestamp":"2026-08-14T19:05:41.231904Z","level":"info","event":"Filling up the DagBag from /opt/airflow/dags/1_first_dag.py","logger":"airflow.dag_processing.dagbag.BundleDagBag","filename":"dagbag.py","lineno":460}
{"timestamp":"2026-08-14T19:06:12.299140Z","level":"info","event":"Filling up the DagBag from /opt/airflow/dags/1_first_dag.py","logger":"airflow.dag_processing.dagbag.BundleDagBag","filename":"dagbag.py","lineno":460}
{"timestamp":"2026-08-14T19:06:43.336280Z","level":"info","event":"Filling up the DagBag from /opt/airflow/dags/1_first_dag.py","logger":"airflow.dag_processing.dagbag.BundleDagBag","filename":"dagbag.py","lineno":460}
{"timestamp":"2026-08-14T19:07:13.726786Z","level":"info","event":"Filling up the DagBag from /opt/airflow/dags/1_first_dag.py","logger":"airflow.dag_processing.dagbag.BundleDagBag","filename":"dagbag.py","lineno":460}
{"timestamp":"2026-08-14T19:07:44.477014Z","level":"info","event":"Filling up the DagBag from /opt/airflow/dags/1_first_dag.py","logger":"airflow.dag_processing.dagbag.BundleDagBag","filename":"dagbag.py","lineno":460}
{"timestamp":"2026-08-14T19:08:15.383632Z","level":"info","event":"Filling up the DagBag from /opt/airflow/dags/1_first_dag.py","logger":"airflow.dag_processing.dagbag.BundleDagBag","filename":"dagbag.py","lineno":460}
{"timestamp":"2026-08-14T19:08:46.169906Z","level":"info","event":"Filling up the DagBag from /opt/airflow/dags/1_first_dag.py","logger":"airflow.dag_processing.dagbag.BundleDagBag","filename":"dagbag.py","lineno":460}
{"timestamp":"2026-08-14T19:09:16.746056Z","level":"info","event":"Filling up the DagBag from /opt/airflow/dags/1_first_dag.py","logger":"airflow.dag_processing.dagbag.BundleDagBag","filename":"dagbag.py","lineno":460}
{"timestamp":"2026-08-14T19:09:48.183417Z","level":"info","event":"Filling up the DagBag from /opt/airflow/dags/1_first_dag.py","logger":"airflow.dag_processing.dagbag.BundleDagBag","filename":"dagbag.py","lineno":460}
{"timestamp":"2026-08-14T19:10:19.158349Z","level":"info","event":"Filling up the DagBag from /opt/airflow/dags/1_first_dag.py","logger":"airflow.dag_processing.dagbag.BundleDagBag","filename":"dagbag.py","lineno":460}
{"timestamp":"2026-08-14T19:10:49.442103Z","level":"info","event":"Filling up the DagBag from /opt/airflow/dags/1_first_dag.py","logger":"airflow.dag_processing.dagbag.BundleDagBag","filename":"dagbag.py","lineno":460}
