{"timestamp":"2026-08-14T18:15:11.965553Z","level":"info","event":"Filling up the DagBag from /opt/airflow/dags/2_dag_versioning.py","logger":"airflow.dag_processing.dagbag.BundleDagBag","filename":"dagbag.py","lineno":460}
{"timestamp":"2026-08-14T18:15:43.221513Z","level":"info","event":"Filling up the DagBag from /opt/airflow/dags/2_dag_versioning.py","logger":"airflow.dag_processing.dagbag.BundleDagBag","filename":"dagbag.py","lineno":460}
{"timestamp":"2026-08-14T18:16:14.197759Z","level":"info","event":"Filling up the DagBag from /opt/airflow/dags/2_dag_versioning.py","logger":"airflow.dag_processing.dagbag.BundleDagBag","filename":"dagbag.py","lineno":460}
{"timestamp":"2026-08-14T18:16:45.194282Z","level":"info","event":"Filling up the DagBag from /opt/airflow/dags/2_dag_versioning.py","logger":"airflow.dag_processing.dagbag.BundleDagBag","filename":"dagbag.py","lineno":460}
{"timestamp":"2026-08-14T18:17:16.285214Z","level":"info","event":"Filling up the DagBag from /opt/airflow/dags/2_dag_versioning.py","logger":"airflow.dag_processing.dagbag.BundleDagBag","filename":"dagbag.py","lineno":460}
{"timestamp":"2026-08-14T18:17:46.566473Z","level":"info","event":"Filling up the DagBag from /opt/airflow/dags/2_dag_versioning.py","logger":"airflow.dag_processing.dagbag.BundleDagBag","filename":"dagbag.py","lineno":460}
{"timestamp":"2026-08-14T18:18:17.192727Z","level":"info","event":"Filling up the DagBag from /opt/airflow/dags/2_dag_versioning.py","logger":"airflow.dag_processing.dagbag.BundleDagBag","filename":"dagbag.py","lineno":460}
{"timestamp":"2026-08-14T18:18:29.268913Z","level":"info","event":"Filling up the DagBag from /opt/airflow/dags/2_dag_versioning.py","logger":"airflow.dag_processing.dagbag.BundleDagBag","filename":"dagbag.py","lineno":460}
{"timestamp":"2026-08-14T18:18:30.873355Z","level":"info","event":"Filling up the DagBag from /opt/airflow/dags/2_dag_versioning.py","logger":"airflow.dag_processing.dagbag.BundleDagBag","filename":"dagbag.py","lineno":460}
{"timestamp":"2026-08-14T18:18:30.963050Z","level":"error","event":"Failed to import: /opt/airflow/dags/2_dag_versioning.py","logger":"airflow.dag_processing.importers.python_importer","filename":"python_importer.py","lineno":244,"error_detail":[{"exc_type":"SyntaxError","exc_value":"invalid syntax (2_dag_versioning.py, line 19)","exc_notes":[],"syntax_error":{"offset":6,"filename":"/opt/airflow/dags/2_dag_versioning.py","line":"    @\n","lineno":19,"msg":"invalid syntax"},"is_cause":false,"frames":[{"filename":"/home/airflow/.local/lib/python3.13/site-packages/airflow/dag_processing/importers/python_importer.py","lineno":238,"name":"parse"},{"filename":"<frozen importlib._bootstrap_external>","lineno":1019,"name":"exec_module"},{"filename":"<frozen importlib._bootstrap_external>","lineno":1157,"name":"get_code"},{"filename":"<frozen importlib._bootstrap_external>","lineno":1087,"name":"source_to_code"},{"filename":"<frozen importlib._bootstrap>","lineno":488,"name":"_call_with_frames_removed"}],"is_group":false,"exceptions":[]}]}
{"timestamp":"2026-08-14T18:18:30.972396Z","level":"error","event":"Error loading DAG from 2_dag_versioning.py: invalid syntax (2_dag_versioning.py, line 19)","logger":"airflow.dag_processing.dagbag.BundleDagBag","filename":"dagbag.py","lineno":319}
{"timestamp":"2026-08-14T18:18:32.212573Z","level":"info","event":"Filling up the DagBag from /opt/airflow/dags/2_dag_versioning.py","logger":"airflow.dag_processing.dagbag.BundleDagBag","filename":"dagbag.py","lineno":460}
{"timestamp":"2026-08-14T18:18:32.255463Z","level":"error","event":"Failed to import: /opt/airflow/dags/2_dag_versioning.py","logger":"airflow.dag_processing.importers.python_importer","filename":"python_importer.py","lineno":244,"error_detail":[{"exc_type":"SyntaxError","exc_value":"invalid syntax (2_dag_versioning.py, line 22)","exc_notes":[],"syntax_error":{"offset":5,"filename":"/opt/airflow/dags/2_dag_versioning.py","line":"    first = first_task()\n","lineno":22,"msg":"invalid syntax"},"is_cause":false,"frames":[{"filename":"/home/airflow/.local/lib/python3.13/site-packages/airflow/dag_processing/importers/python_importer.py","lineno":238,"name":"parse"},{"filename":"<frozen importlib._bootstrap_external>","lineno":1019,"name":"exec_module"},{"filename":"<frozen importlib._bootstrap_external>","lineno":1157,"name":"get_code"},{"filename":"<frozen importlib._bootstrap_external>","lineno":1087,"name":"source_to_code"},{"filename":"<frozen importlib._bootstrap>","lineno":488,"name":"_call_with_frames_removed"}],"is_group":false,"exceptions":[]}]}
{"timestamp":"2026-08-14T18:18:32.257905Z","level":"error","event":"Error loading DAG from 2_dag_versioning.py: invalid syntax (2_dag_versioning.py, line 22)","logger":"airflow.dag_processing.dagbag.BundleDagBag","filename":"dagbag.py","lineno":319}
{"timestamp":"2026-08-14T18:18:37.597112Z","level":"info","event":"Filling up the DagBag from /opt/airflow/dags/2_dag_versioning.py","logger":"airflow.dag_processing.dagbag.BundleDagBag","filename":"dagbag.py","lineno":460}
{"timestamp":"2026-08-14T18:18:37.643757Z","level":"error","event":"Failed to import: /opt/airflow/dags/2_dag_versioning.py","logger":"airflow.dag_processing.importers.python_importer","filename":"python_importer.py","lineno":244,"error_detail":[{"exc_type":"SyntaxError","exc_value":"invalid syntax (2_dag_versioning.py, line 20)","exc_notes":[],"syntax_error":{"offset":9,"filename":"/opt/airflow/dags/2_dag_versioning.py","line":"    def \n","lineno":20,"msg":"invalid syntax"},"is_cause":false,"frames":[{"filename":"/home/airflow/.local/lib/python3.13/site-packages/airflow/dag_processing/importers/python_importer.py","lineno":238,"name":"parse"},{"filename":"<frozen importlib._bootstrap_external>","lineno":1019,"name":"exec_module"},{"filename":"<frozen importlib._bootstrap_external>","lineno":1157,"name":"get_code"},{"filename":"<frozen importlib._bootstrap_external>","lineno":1087,"name":"source_to_code"},{"filename":"<frozen importlib._bootstrap>","lineno":488,"name":"_call_with_frames_removed"}],"is_group":false,"exceptions":[]}]}
{"timestamp":"2026-08-14T18:18:37.646115Z","level":"error","event":"Error loading DAG from 2_dag_versioning.py: invalid syntax (2_dag_versioning.py, line 20)","logger":"airflow.dag_processing.dagbag.BundleDagBag","filename":"dagbag.py","lineno":319}
{"timestamp":"2026-08-14T18:18:43.144703Z","level":"info","event":"Filling up the DagBag from /opt/airflow/dags/2_dag_versioning.py","logger":"airflow.dag_processing.dagbag.BundleDagBag","filename":"dagbag.py","lineno":460}
{"timestamp":"2026-08-14T18:18:43.187772Z","level":"error","event":"Failed to import: /opt/airflow/dags/2_dag_versioning.py","logger":"airflow.dag_processing.importers.python_importer","filename":"python_importer.py","lineno":244,"error_detail":[{"exc_type":"IndentationError","exc_value":"expected an indented block after function definition on line 20 (2_dag_versioning.py, line 24)","exc_notes":[],"syntax_error":{"offset":5,"filename":"/opt/airflow/dags/2_dag_versioning.py","line":"    first = first_task()\n","lineno":24,"msg":"expected an indented block after function definition on line 20"},"is_cause":false,"frames":[{"filename":"/home/airflow/.local/lib/python3.13/site-packages/airflow/dag_processing/importers/python_importer.py","lineno":238,"name":"parse"},{"filename":"<frozen importlib._bootstrap_external>","lineno":1019,"name":"exec_module"},{"filename":"<frozen importlib._bootstrap_external>","lineno":1157,"name":"get_code"},{"filename":"<frozen importlib._bootstrap_external>","lineno":1087,"name":"source_to_code"},{"filename":"<frozen importlib._bootstrap>","lineno":488,"name":"_call_with_frames_removed"}],"is_group":false,"exceptions":[]}]}
{"timestamp":"2026-08-14T18:18:43.190411Z","level":"error","event":"Error loading DAG from 2_dag_versioning.py: expected an indented block after function definition on line 20 (2_dag_versioning.py, line 24)","logger":"airflow.dag_processing.dagbag.BundleDagBag","filename":"dagbag.py","lineno":319}
{"timestamp":"2026-08-14T18:18:46.814833Z","level":"info","event":"Filling up the DagBag from /opt/airflow/dags/2_dag_versioning.py","logger":"airflow.dag_processing.dagbag.BundleDagBag","filename":"dagbag.py","lineno":460}
{"timestamp":"2026-08-14T18:18:46.868670Z","level":"error","event":"Failed to import: /opt/airflow/dags/2_dag_versioning.py","logger":"airflow.dag_processing.importers.python_importer","filename":"python_importer.py","lineno":244,"error_detail":[{"exc_type":"IndentationError","exc_value":"expected an indented block after function definition on line 20 (2_dag_versioning.py, line 24)","exc_notes":[],"syntax_error":{"offset":5,"filename":"/opt/airflow/dags/2_dag_versioning.py","line":"    first = first_task()\n","lineno":24,"msg":"expected an indented block after function definition on line 20"},"is_cause":false,"frames":[{"filename":"/home/airflow/.local/lib/python3.13/site-packages/airflow/dag_processing/importers/python_importer.py","lineno":238,"name":"parse"},{"filename":"<frozen importlib._bootstrap_external>","lineno":1019,"name":"exec_module"},{"filename":"<frozen importlib._bootstrap_external>","lineno":1157,"name":"get_code"},{"filename":"<frozen importlib._bootstrap_external>","lineno":1087,"name":"source_to_code"},{"filename":"<frozen importlib._bootstrap>","lineno":488,"name":"_call_with_frames_removed"}],"is_group":false,"exceptions":[]}]}
{"timestamp":"2026-08-14T18:18:46.871757Z","level":"error","event":"Error loading DAG from 2_dag_versioning.py: expected an indented block after function definition on line 20 (2_dag_versioning.py, line 24)","logger":"airflow.dag_processing.dagbag.BundleDagBag","filename":"dagbag.py","lineno":319}
{"timestamp":"2026-08-14T18:18:48.257686Z","level":"info","event":"Filling up the DagBag from /opt/airflow/dags/2_dag_versioning.py","logger":"airflow.dag_processing.dagbag.BundleDagBag","filename":"dagbag.py","lineno":460}
{"timestamp":"2026-08-14T18:18:50.739945Z","level":"info","event":"Filling up the DagBag from /opt/airflow/dags/2_dag_versioning.py","logger":"airflow.dag_processing.dagbag.BundleDagBag","filename":"dagbag.py","lineno":460}
{"timestamp":"2026-08-14T18:18:51.095211Z","level":"error","event":"Failed to import: /opt/airflow/dags/2_dag_versioning.py","logger":"airflow.dag_processing.importers.python_importer","filename":"python_importer.py","lineno":244,"error_detail":[{"exc_type":"IndentationError","exc_value":"expected an indented block after function definition on line 20 (2_dag_versioning.py, line 24)","exc_notes":[],"syntax_error":{"offset":5,"filename":"/opt/airflow/dags/2_dag_versioning.py","line":"    first = first_task()\n","lineno":24,"msg":"expected an indented block after function definition on line 20"},"is_cause":false,"frames":[{"filename":"/home/airflow/.local/lib/python3.13/site-packages/airflow/dag_processing/importers/python_importer.py","lineno":238,"name":"parse"},{"filename":"<frozen importlib._bootstrap_external>","lineno":1019,"name":"exec_module"},{"filename":"<frozen importlib._bootstrap_external>","lineno":1157,"name":"get_code"},{"filename":"<frozen importlib._bootstrap_external>","lineno":1087,"name":"source_to_code"},{"filename":"<frozen importlib._bootstrap>","lineno":488,"name":"_call_with_frames_removed"}],"is_group":false,"exceptions":[]}]}
{"timestamp":"2026-08-14T18:18:51.099121Z","level":"error","event":"Error loading DAG from 2_dag_versioning.py: expected an indented block after function definition on line 20 (2_dag_versioning.py, line 24)","logger":"airflow.dag_processing.dagbag.BundleDagBag","filename":"dagbag.py","lineno":319}
{"timestamp":"2026-08-14T18:18:52.981031Z","level":"info","event":"Filling up the DagBag from /opt/airflow/dags/2_dag_versioning.py","logger":"airflow.dag_processing.dagbag.BundleDagBag","filename":"dagbag.py","lineno":460}
{"timestamp":"2026-08-14T18:18:54.909560Z","level":"info","event":"Filling up the DagBag from /opt/airflow/dags/2_dag_versioning.py","logger":"airflow.dag_processing.dagbag.BundleDagBag","filename":"dagbag.py","lineno":460}
{"timestamp":"2026-08-14T18:19:06.435176Z","level":"info","event":"Filling up the DagBag from /opt/airflow/dags/2_dag_versioning.py","logger":"airflow.dag_processing.dagbag.BundleDagBag","filename":"dagbag.py","lineno":460}
{"timestamp":"2026-08-14T18:19:11.853086Z","level":"info","event":"Filling up the DagBag from /opt/airflow/dags/2_dag_versioning.py","logger":"airflow.dag_processing.dagbag.BundleDagBag","filename":"dagbag.py","lineno":460}
{"timestamp":"2026-08-14T18:19:18.652931Z","level":"info","event":"Filling up the DagBag from /opt/airflow/dags/2_dag_versioning.py","logger":"airflow.dag_processing.dagbag.BundleDagBag","filename":"dagbag.py","lineno":460}
{"timestamp":"2026-08-14T18:19:18.748491Z","level":"error","event":"Failed to import: /opt/airflow/dags/2_dag_versioning.py","logger":"airflow.dag_processing.importers.python_importer","filename":"python_importer.py","lineno":244,"error_detail":[{"exc_type":"SyntaxError","exc_value":"invalid syntax (2_dag_versioning.py, line 27)","exc_notes":[],"syntax_error":{"offset":15,"filename":"/opt/airflow/dags/2_dag_versioning.py","line":"    version = \n","lineno":27,"msg":"invalid syntax"},"is_cause":false,"frames":[{"filename":"/home/airflow/.local/lib/python3.13/site-packages/airflow/dag_processing/importers/python_importer.py","lineno":238,"name":"parse"},{"filename":"<frozen importlib._bootstrap_external>","lineno":1019,"name":"exec_module"},{"filename":"<frozen importlib._bootstrap_external>","lineno":1157,"name":"get_code"},{"filename":"<frozen importlib._bootstrap_external>","lineno":1087,"name":"source_to_code"},{"filename":"<frozen importlib._bootstrap>","lineno":488,"name":"_call_with_frames_removed"}],"is_group":false,"exceptions":[]}]}
{"timestamp":"2026-08-14T18:19:18.752772Z","level":"error","event":"Error loading DAG from 2_dag_versioning.py: invalid syntax (2_dag_versioning.py, line 27)","logger":"airflow.dag_processing.dagbag.BundleDagBag","filename":"dagbag.py","lineno":319}
{"timestamp":"2026-08-14T18:19:21.053394Z","level":"info","event":"Filling up the DagBag from /opt/airflow/dags/2_dag_versioning.py","logger":"airflow.dag_processing.dagbag.BundleDagBag","filename":"dagbag.py","lineno":460}
{"timestamp":"2026-08-14T18:19:21.265234Z","level":"error","event":"Failed to import: /opt/airflow/dags/2_dag_versioning.py","logger":"airflow.dag_processing.importers.python_importer","filename":"python_importer.py","lineno":244,"error_detail":[{"exc_type":"NameError","exc_value":"name 'vers' is not defined","exc_notes":[],"syntax_error":null,"is_cause":false,"frames":[{"filename":"/home/airflow/.local/lib/python3.13/site-packages/airflow/dag_processing/importers/python_importer.py","lineno":238,"name":"parse"},{"filename":"<frozen importlib._bootstrap_external>","lineno":1023,"name":"exec_module"},{"filename":"<frozen importlib._bootstrap>","lineno":488,"name":"_call_with_frames_removed"},{"filename":"/opt/airflow/dags/2_dag_versioning.py","lineno":33,"name":"<module>"},{"filename":"/home/airflow/.local/lib/python3.13/site-packages/airflow/sdk/definitions/dag.py","lineno":1696,"name":"factory"},{"filename":"/opt/airflow/dags/2_dag_versioning.py","lineno":27,"name":"versioning_dag"}],"is_group":false,"exceptions":[]}]}
{"timestamp":"2026-08-14T18:19:21.292470Z","level":"error","event":"Error loading DAG from 2_dag_versioning.py: name 'vers' is not defined","logger":"airflow.dag_processing.dagbag.BundleDagBag","filename":"dagbag.py","lineno":319}
{"timestamp":"2026-08-14T18:19:23.476237Z","level":"info","event":"Filling up the DagBag from /opt/airflow/dags/2_dag_versioning.py","logger":"airflow.dag_processing.dagbag.BundleDagBag","filename":"dagbag.py","lineno":460}
{"timestamp":"2026-08-14T18:19:31.246701Z","level":"info","event":"Filling up the DagBag from /opt/airflow/dags/2_dag_versioning.py","logger":"airflow.dag_processing.dagbag.BundleDagBag","filename":"dagbag.py","lineno":460}
{"timestamp":"2026-08-14T18:19:34.798875Z","level":"info","event":"Filling up the DagBag from /opt/airflow/dags/2_dag_versioning.py","logger":"airflow.dag_processing.dagbag.BundleDagBag","filename":"dagbag.py","lineno":460}
{"timestamp":"2026-08-14T18:19:35.011003Z","level":"error","event":"Failed to import: /opt/airflow/dags/2_dag_versioning.py","logger":"airflow.dag_processing.importers.python_importer","filename":"python_importer.py","lineno":244,"error_detail":[{"exc_type":"NameError","exc_value":"name 've' is not defined","exc_notes":[],"syntax_error":null,"is_cause":false,"frames":[{"filename":"/home/airflow/.local/lib/python3.13/site-packages/airflow/dag_processing/importers/python_importer.py","lineno":238,"name":"parse"},{"filename":"<frozen importlib._bootstrap_external>","lineno":1023,"name":"exec_module"},{"filename":"<frozen importlib._bootstrap>","lineno":488,"name":"_call_with_frames_removed"},{"filename":"/opt/airflow/dags/2_dag_versioning.py","lineno":33,"name":"<module>"},{"filename":"/home/airflow/.local/lib/python3.13/site-packages/airflow/sdk/definitions/dag.py","lineno":1696,"name":"factory"},{"filename":"/opt/airflow/dags/2_dag_versioning.py","lineno":29,"name":"versioning_dag"}],"is_group":false,"exceptions":[]}]}
{"timestamp":"2026-08-14T18:19:35.023570Z","level":"error","event":"Error loading DAG from 2_dag_versioning.py: name 've' is not defined","logger":"airflow.dag_processing.dagbag.BundleDagBag","filename":"dagbag.py","lineno":319}
{"timestamp":"2026-08-14T18:19:36.494233Z","level":"info","event":"Filling up the DagBag from /opt/airflow/dags/2_dag_versioning.py","logger":"airflow.dag_processing.dagbag.BundleDagBag","filename":"dagbag.py","lineno":460}
{"timestamp":"2026-08-14T18:19:37.241712Z","level":"error","event":"Failed to import: /opt/airflow/dags/2_dag_versioning.py","logger":"airflow.dag_processing.importers.python_importer","filename":"python_importer.py","lineno":244,"error_detail":[{"exc_type":"NameError","exc_value":"name 'ver' is not defined","exc_notes":[],"syntax_error":null,"is_cause":false,"frames":[{"filename":"/home/airflow/.local/lib/python3.13/site-packages/airflow/dag_processing/importers/python_importer.py","lineno":238,"name":"parse"},{"filename":"<frozen importlib._bootstrap_external>","lineno":1023,"name":"exec_module"},{"filename":"<frozen importlib._bootstrap>","lineno":488,"name":"_call_with_frames_removed"},{"filename":"/opt/airflow/dags/2_dag_versioning.py","lineno":33,"name":"<module>"},{"filename":"/home/airflow/.local/lib/python3.13/site-packages/airflow/sdk/definitions/dag.py","lineno":1696,"name":"factory"},{"filename":"/opt/airflow/dags/2_dag_versioning.py","lineno":29,"name":"versioning_dag"}],"is_group":false,"exceptions":[]}]}
{"timestamp":"2026-08-14T18:19:37.318996Z","level":"error","event":"Error loading DAG from 2_dag_versioning.py: name 'ver' is not defined","logger":"airflow.dag_processing.dagbag.BundleDagBag","filename":"dagbag.py","lineno":319}
{"timestamp":"2026-08-14T18:20:08.389828Z","level":"info","event":"Filling up the DagBag from /opt/airflow/dags/2_dag_versioning.py","logger":"airflow.dag_processing.dagbag.BundleDagBag","filename":"dagbag.py","lineno":460}
{"timestamp":"2026-08-14T18:20:39.080522Z","level":"info","event":"Filling up the DagBag from /opt/airflow/dags/2_dag_versioning.py","logger":"airflow.dag_processing.dagbag.BundleDagBag","filename":"dagbag.py","lineno":460}
{"timestamp":"2026-08-14T18:21:10.450461Z","level":"info","event":"Filling up the DagBag from /opt/airflow/dags/2_dag_versioning.py","logger":"airflow.dag_processing.dagbag.BundleDagBag","filename":"dagbag.py","lineno":460}
{"timestamp":"2026-08-14T18:21:22.460293Z","level":"info","event":"Filling up the DagBag from /opt/airflow/dags/2_dag_versioning.py","logger":"airflow.dag_processing.dagbag.BundleDagBag","filename":"dagbag.py","lineno":460}
{"timestamp":"2026-08-14T18:21:25.583861Z","level":"info","event":"Filling up the DagBag from /opt/airflow/dags/2_dag_versioning.py","logger":"airflow.dag_processing.dagbag.BundleDagBag","filename":"dagbag.py","lineno":460}
{"timestamp":"2026-08-14T18:21:56.017171Z","level":"info","event":"Filling up the DagBag from /opt/airflow/dags/2_dag_versioning.py","logger":"airflow.dag_processing.dagbag.BundleDagBag","filename":"dagbag.py","lineno":460}
{"timestamp":"2026-08-14T18:22:26.550642Z","level":"info","event":"Filling up the DagBag from /opt/airflow/dags/2_dag_versioning.py","logger":"airflow.dag_processing.dagbag.BundleDagBag","filename":"dagbag.py","lineno":460}
{"timestamp":"2026-08-14T18:22:57.770768Z","level":"info","event":"Filling up the DagBag from /opt/airflow/dags/2_dag_versioning.py","logger":"airflow.dag_processing.dagbag.BundleDagBag","filename":"dagbag.py","lineno":460}
{"timestamp":"2026-08-14T18:23:28.235420Z","level":"info","event":"Filling up the DagBag from /opt/airflow/dags/2_dag_versioning.py","logger":"airflow.dag_processing.dagbag.BundleDagBag","filename":"dagbag.py","lineno":460}
{"timestamp":"2026-08-14T18:23:58.824076Z","level":"info","event":"Filling up the DagBag from /opt/airflow/dags/2_dag_versioning.py","logger":"airflow.dag_processing.dagbag.BundleDagBag","filename":"dagbag.py","lineno":460}
{"timestamp":"2026-08-14T18:24:29.915635Z","level":"info","event":"Filling up the DagBag from /opt/airflow/dags/2_dag_versioning.py","logger":"airflow.dag_processing.dagbag.BundleDagBag","filename":"dagbag.py","lineno":460}
{"timestamp":"2026-08-14T18:25:00.703743Z","level":"info","event":"Filling up the DagBag from /opt/airflow/dags/2_dag_versioning.py","logger":"airflow.dag_processing.dagbag.BundleDagBag","filename":"dagbag.py","lineno":460}
{"timestamp":"2026-08-14T18:25:30.980430Z","level":"info","event":"Filling up the DagBag from /opt/airflow/dags/2_dag_versioning.py","logger":"airflow.dag_processing.dagbag.BundleDagBag","filename":"dagbag.py","lineno":460}
{"timestamp":"2026-08-14T18:26:01.289686Z","level":"info","event":"Filling up the DagBag from /opt/airflow/dags/2_dag_versioning.py","logger":"airflow.dag_processing.dagbag.BundleDagBag","filename":"dagbag.py","lineno":460}
{"timestamp":"2026-08-14T18:26:32.353151Z","level":"info","event":"Filling up the DagBag from /opt/airflow/dags/2_dag_versioning.py","logger":"airflow.dag_processing.dagbag.BundleDagBag","filename":"dagbag.py","lineno":460}
{"timestamp":"2026-08-14T18:27:03.275356Z","level":"info","event":"Filling up the DagBag from /opt/airflow/dags/2_dag_versioning.py","logger":"airflow.dag_processing.dagbag.BundleDagBag","filename":"dagbag.py","lineno":460}
{"timestamp":"2026-08-14T18:27:33.704315Z","level":"info","event":"Filling up the DagBag from /opt/airflow/dags/2_dag_versioning.py","logger":"airflow.dag_processing.dagbag.BundleDagBag","filename":"dagbag.py","lineno":460}
{"timestamp":"2026-08-14T18:28:04.690843Z","level":"info","event":"Filling up the DagBag from /opt/airflow/dags/2_dag_versioning.py","logger":"airflow.dag_processing.dagbag.BundleDagBag","filename":"dagbag.py","lineno":460}
{"timestamp":"2026-08-14T18:28:35.979391Z","level":"info","event":"Filling up the DagBag from /opt/airflow/dags/2_dag_versioning.py","logger":"airflow.dag_processing.dagbag.BundleDagBag","filename":"dagbag.py","lineno":460}
{"timestamp":"2026-08-14T18:29:07.088140Z","level":"info","event":"Filling up the DagBag from /opt/airflow/dags/2_dag_versioning.py","logger":"airflow.dag_processing.dagbag.BundleDagBag","filename":"dagbag.py","lineno":460}
{"timestamp":"2026-08-14T18:29:37.380737Z","level":"info","event":"Filling up the DagBag from /opt/airflow/dags/2_dag_versioning.py","logger":"airflow.dag_processing.dagbag.BundleDagBag","filename":"dagbag.py","lineno":460}
{"timestamp":"2026-08-14T18:30:07.672805Z","level":"info","event":"Filling up the DagBag from /opt/airflow/dags/2_dag_versioning.py","logger":"airflow.dag_processing.dagbag.BundleDagBag","filename":"dagbag.py","lineno":460}
{"timestamp":"2026-08-14T18:30:38.033253Z","level":"info","event":"Filling up the DagBag from /opt/airflow/dags/2_dag_versioning.py","logger":"airflow.dag_processing.dagbag.BundleDagBag","filename":"dagbag.py","lineno":460}
{"timestamp":"2026-08-14T18:31:08.403973Z","level":"info","event":"Filling up the DagBag from /opt/airflow/dags/2_dag_versioning.py","logger":"airflow.dag_processing.dagbag.BundleDagBag","filename":"dagbag.py","lineno":460}
{"timestamp":"2026-08-14T18:31:38.778208Z","level":"info","event":"Filling up the DagBag from /opt/airflow/dags/2_dag_versioning.py","logger":"airflow.dag_processing.dagbag.BundleDagBag","filename":"dagbag.py","lineno":460}
{"timestamp":"2026-08-14T18:32:09.915094Z","level":"info","event":"Filling up the DagBag from /opt/airflow/dags/2_dag_versioning.py","logger":"airflow.dag_processing.dagbag.BundleDagBag","filename":"dagbag.py","lineno":460}
{"timestamp":"2026-08-14T18:32:40.146115Z","level":"info","event":"Filling up the DagBag from /opt/airflow/dags/2_dag_versioning.py","logger":"airflow.dag_processing.dagbag.BundleDagBag","filename":"dagbag.py","lineno":460}
{"timestamp":"2026-08-14T18:33:11.187610Z","level":"info","event":"Filling up the DagBag from /opt/airflow/dags/2_dag_versioning.py","logger":"airflow.dag_processing.dagbag.BundleDagBag","filename":"dagbag.py","lineno":460}
{"timestamp":"2026-08-14T18:33:42.387855Z","level":"info","event":"Filling up the DagBag from /opt/airflow/dags/2_dag_versioning.py","logger":"airflow.dag_processing.dagbag.BundleDagBag","filename":"dagbag.py","lineno":460}
{"timestamp":"2026-08-14T18:34:12.682347Z","level":"info","event":"Filling up the DagBag from /opt/airflow/dags/2_dag_versioning.py","logger":"airflow.dag_processing.dagbag.BundleDagBag","filename":"dagbag.py","lineno":460}
{"timestamp":"2026-08-14T18:34:43.001497Z","level":"info","event":"Filling up the DagBag from /opt/airflow/dags/2_dag_versioning.py","logger":"airflow.dag_processing.dagbag.BundleDagBag","filename":"dagbag.py","lineno":460}
{"timestamp":"2026-08-14T18:35:13.249620Z","level":"info","event":"Filling up the DagBag from /opt/airflow/dags/2_dag_versioning.py","logger":"airflow.dag_processing.dagbag.BundleDagBag","filename":"dagbag.py","lineno":460}
{"timestamp":"2026-08-14T18:35:43.529060Z","level":"info","event":"Filling up the DagBag from /opt/airflow/dags/2_dag_versioning.py","logger":"airflow.dag_processing.dagbag.BundleDagBag","filename":"dagbag.py","lineno":460}
{"timestamp":"2026-08-14T18:36:14.226310Z","level":"info","event":"Filling up the DagBag from /opt/airflow/dags/2_dag_versioning.py","logger":"airflow.dag_processing.dagbag.BundleDagBag","filename":"dagbag.py","lineno":460}
{"timestamp":"2026-08-14T18:36:45.312654Z","level":"info","event":"Filling up the DagBag from /opt/airflow/dags/2_dag_versioning.py","logger":"airflow.dag_processing.dagbag.BundleDagBag","filename":"dagbag.py","lineno":460}
{"timestamp":"2026-08-14T18:37:15.756567Z","level":"info","event":"Filling up the DagBag from /opt/airflow/dags/2_dag_versioning.py","logger":"airflow.dag_processing.dagbag.BundleDagBag","filename":"dagbag.py","lineno":460}
{"timestamp":"2026-08-14T18:37:46.431435Z","level":"info","event":"Filling up the DagBag from /opt/airflow/dags/2_dag_versioning.py","logger":"airflow.dag_processing.dagbag.BundleDagBag","filename":"dagbag.py","lineno":460}
{"timestamp":"2026-08-14T18:38:16.870923Z","level":"info","event":"Filling up the DagBag from /opt/airflow/dags/2_dag_versioning.py","logger":"airflow.dag_processing.dagbag.BundleDagBag","filename":"dagbag.py","lineno":460}
{"timestamp":"2026-08-14T18:38:48.015636Z","level":"info","event":"Filling up the DagBag from /opt/airflow/dags/2_dag_versioning.py","logger":"airflow.dag_processing.dagbag.BundleDagBag","filename":"dagbag.py","lineno":460}
{"timestamp":"2026-08-14T18:39:18.516695Z","level":"info","event":"Filling up the DagBag from /opt/airflow/dags/2_dag_versioning.py","logger":"airflow.dag_processing.dagbag.BundleDagBag","filename":"dagbag.py","lineno":460}
{"timestamp":"2026-08-14T18:39:49.571545Z","level":"info","event":"Filling up the DagBag from /opt/airflow/dags/2_dag_versioning.py","logger":"airflow.dag_processing.dagbag.BundleDagBag","filename":"dagbag.py","lineno":460}
{"timestamp":"2026-08-14T18:40:20.324430Z","level":"info","event":"Filling up the DagBag from /opt/airflow/dags/2_dag_versioning.py","logger":"airflow.dag_processing.dagbag.BundleDagBag","filename":"dagbag.py","lineno":460}
{"timestamp":"2026-08-14T18:40:50.704334Z","level":"info","event":"Filling up the DagBag from /opt/airflow/dags/2_dag_versioning.py","logger":"airflow.dag_processing.dagbag.BundleDagBag","filename":"dagbag.py","lineno":460}
{"timestamp":"2026-08-14T18:41:21.239499Z","level":"info","event":"Filling up the DagBag from /opt/airflow/dags/2_dag_versioning.py","logger":"airflow.dag_processing.dagbag.BundleDagBag","filename":"dagbag.py","lineno":460}
{"timestamp":"2026-08-14T18:41:51.675111Z","level":"info","event":"Filling up the DagBag from /opt/airflow/dags/2_dag_versioning.py","logger":"airflow.dag_processing.dagbag.BundleDagBag","filename":"dagbag.py","lineno":460}
{"timestamp":"2026-08-14T18:42:21.963639Z","level":"info","event":"Filling up the DagBag from /opt/airflow/dags/2_dag_versioning.py","logger":"airflow.dag_processing.dagbag.BundleDagBag","filename":"dagbag.py","lineno":460}
{"timestamp":"2026-08-14T18:42:52.508558Z","level":"info","event":"Filling up the DagBag from /opt/airflow/dags/2_dag_versioning.py","logger":"airflow.dag_processing.dagbag.BundleDagBag","filename":"dagbag.py","lineno":460}
{"timestamp":"2026-08-14T18:43:23.480189Z","level":"info","event":"Filling up the DagBag from /opt/airflow/dags/2_dag_versioning.py","logger":"airflow.dag_processing.dagbag.BundleDagBag","filename":"dagbag.py","lineno":460}
{"timestamp":"2026-08-14T18:43:54.725666Z","level":"info","event":"Filling up the DagBag from /opt/airflow/dags/2_dag_versioning.py","logger":"airflow.dag_processing.dagbag.BundleDagBag","filename":"dagbag.py","lineno":460}
{"timestamp":"2026-08-14T18:44:25.608901Z","level":"info","event":"Filling up the DagBag from /opt/airflow/dags/2_dag_versioning.py","logger":"airflow.dag_processing.dagbag.BundleDagBag","filename":"dagbag.py","lineno":460}
{"timestamp":"2026-08-14T18:44:56.271465Z","level":"info","event":"Filling up the DagBag from /opt/airflow/dags/2_dag_versioning.py","logger":"airflow.dag_processing.dagbag.BundleDagBag","filename":"dagbag.py","lineno":460}
{"timestamp":"2026-08-14T18:45:27.026645Z","level":"info","event":"Filling up the DagBag from /opt/airflow/dags/2_dag_versioning.py","logger":"airflow.dag_processing.dagbag.BundleDagBag","filename":"dagbag.py","lineno":460}
{"timestamp":"2026-08-14T18:45:57.643817Z","level":"info","event":"Filling up the DagBag from /opt/airflow/dags/2_dag_versioning.py","logger":"airflow.dag_processing.dagbag.BundleDagBag","filename":"dagbag.py","lineno":460}
{"timestamp":"2026-08-14T18:46:28.176481Z","level":"info","event":"Filling up the DagBag from /opt/airflow/dags/2_dag_versioning.py","logger":"airflow.dag_processing.dagbag.BundleDagBag","filename":"dagbag.py","lineno":460}
{"timestamp":"2026-08-14T18:46:58.596479Z","level":"info","event":"Filling up the DagBag from /opt/airflow/dags/2_dag_versioning.py","logger":"airflow.dag_processing.dagbag.BundleDagBag","filename":"dagbag.py","lineno":460}
{"timestamp":"2026-08-14T18:47:29.107125Z","level":"info","event":"Filling up the DagBag from /opt/airflow/dags/2_dag_versioning.py","logger":"airflow.dag_processing.dagbag.BundleDagBag","filename":"dagbag.py","lineno":460}
{"timestamp":"2026-08-14T18:47:59.868227Z","level":"info","event":"Filling up the DagBag from /opt/airflow/dags/2_dag_versioning.py","logger":"airflow.dag_processing.dagbag.BundleDagBag","filename":"dagbag.py","lineno":460}
{"timestamp":"2026-08-14T18:48:30.279684Z","level":"info","event":"Filling up the DagBag from /opt/airflow/dags/2_dag_versioning.py","logger":"airflow.dag_processing.dagbag.BundleDagBag","filename":"dagbag.py","lineno":460}
{"timestamp":"2026-08-14T18:49:01.067296Z","level":"info","event":"Filling up the DagBag from /opt/airflow/dags/2_dag_versioning.py","logger":"airflow.dag_processing.dagbag.BundleDagBag","filename":"dagbag.py","lineno":460}
{"timestamp":"2026-08-14T18:49:32.190479Z","level":"info","event":"Filling up the DagBag from /opt/airflow/dags/2_dag_versioning.py","logger":"airflow.dag_processing.dagbag.BundleDagBag","filename":"dagbag.py","lineno":460}
{"timestamp":"2026-08-14T18:50:03.033868Z","level":"info","event":"Filling up the DagBag from /opt/airflow/dags/2_dag_versioning.py","logger":"airflow.dag_processing.dagbag.BundleDagBag","filename":"dagbag.py","lineno":460}
{"timestamp":"2026-08-14T18:50:33.991670Z","level":"info","event":"Filling up the DagBag from /opt/airflow/dags/2_dag_versioning.py","logger":"airflow.dag_processing.dagbag.BundleDagBag","filename":"dagbag.py","lineno":460}
{"timestamp":"2026-08-14T18:51:04.355836Z","level":"info","event":"Filling up the DagBag from /opt/airflow/dags/2_dag_versioning.py","logger":"airflow.dag_processing.dagbag.BundleDagBag","filename":"dagbag.py","lineno":460}
{"timestamp":"2026-08-14T18:51:34.948772Z","level":"info","event":"Filling up the DagBag from /opt/airflow/dags/2_dag_versioning.py","logger":"airflow.dag_processing.dagbag.BundleDagBag","filename":"dagbag.py","lineno":460}
{"timestamp":"2026-08-14T18:52:05.981237Z","level":"info","event":"Filling up the DagBag from /opt/airflow/dags/2_dag_versioning.py","logger":"airflow.dag_processing.dagbag.BundleDagBag","filename":"dagbag.py","lineno":460}
{"timestamp":"2026-08-14T18:52:36.999516Z","level":"info","event":"Filling up the DagBag from /opt/airflow/dags/2_dag_versioning.py","logger":"airflow.dag_processing.dagbag.BundleDagBag","filename":"dagbag.py","lineno":460}
{"timestamp":"2026-08-14T18:53:08.522657Z","level":"info","event":"Filling up the DagBag from /opt/airflow/dags/2_dag_versioning.py","logger":"airflow.dag_processing.dagbag.BundleDagBag","filename":"dagbag.py","lineno":460}
{"timestamp":"2026-08-14T18:53:39.280398Z","level":"info","event":"Filling up the DagBag from /opt/airflow/dags/2_dag_versioning.py","logger":"airflow.dag_processing.dagbag.BundleDagBag","filename":"dagbag.py","lineno":460}
{"timestamp":"2026-08-14T18:54:09.583109Z","level":"info","event":"Filling up the DagBag from /opt/airflow/dags/2_dag_versioning.py","logger":"airflow.dag_processing.dagbag.BundleDagBag","filename":"dagbag.py","lineno":460}
{"timestamp":"2026-08-14T18:54:40.051517Z","level":"info","event":"Filling up the DagBag from /opt/airflow/dags/2_dag_versioning.py","logger":"airflow.dag_processing.dagbag.BundleDagBag","filename":"dagbag.py","lineno":460}
{"timestamp":"2026-08-14T18:55:10.900262Z","level":"info","event":"Filling up the DagBag from /opt/airflow/dags/2_dag_versioning.py","logger":"airflow.dag_processing.dagbag.BundleDagBag","filename":"dagbag.py","lineno":460}
{"timestamp":"2026-08-14T18:55:41.388921Z","level":"info","event":"Filling up the DagBag from /opt/airflow/dags/2_dag_versioning.py","logger":"airflow.dag_processing.dagbag.BundleDagBag","filename":"dagbag.py","lineno":460}
{"timestamp":"2026-08-14T18:56:11.738520Z","level":"info","event":"Filling up the DagBag from /opt/airflow/dags/2_dag_versioning.py","logger":"airflow.dag_processing.dagbag.BundleDagBag","filename":"dagbag.py","lineno":460}
{"timestamp":"2026-08-14T18:56:42.822319Z","level":"info","event":"Filling up the DagBag from /opt/airflow/dags/2_dag_versioning.py","logger":"airflow.dag_processing.dagbag.BundleDagBag","filename":"dagbag.py","lineno":460}
{"timestamp":"2026-08-14T18:57:13.077911Z","level":"info","event":"Filling up the DagBag from /opt/airflow/dags/2_dag_versioning.py","logger":"airflow.dag_processing.dagbag.BundleDagBag","filename":"dagbag.py","lineno":460}
{"timestamp":"2026-08-14T18:57:43.991330Z","level":"info","event":"Filling up the DagBag from /opt/airflow/dags/2_dag_versioning.py","logger":"airflow.dag_processing.dagbag.BundleDagBag","filename":"dagbag.py","lineno":460}
{"timestamp":"2026-08-14T18:58:14.329515Z","level":"info","event":"Filling up the DagBag from /opt/airflow/dags/2_dag_versioning.py","logger":"airflow.dag_processing.dagbag.BundleDagBag","filename":"dagbag.py","lineno":460}
{"timestamp":"2026-08-14T18:58:44.678138Z","level":"info","event":"Filling up the DagBag from /opt/airflow/dags/2_dag_versioning.py","logger":"airflow.dag_processing.dagbag.BundleDagBag","filename":"dagbag.py","lineno":460}
{"timestamp":"2026-08-14T18:59:15.094465Z","level":"info","event":"Filling up the DagBag from /opt/airflow/dags/2_dag_versioning.py","logger":"airflow.dag_processing.dagbag.BundleDagBag","filename":"dagbag.py","lineno":460}
{"timestamp":"2026-08-14T18:59:45.435787Z","level":"info","event":"Filling up the DagBag from /opt/airflow/dags/2_dag_versioning.py","logger":"airflow.dag_processing.dagbag.BundleDagBag","filename":"dagbag.py","lineno":460}
{"timestamp":"2026-08-14T19:00:15.784685Z","level":"info","event":"Filling up the DagBag from /opt/airflow/dags/2_dag_versioning.py","logger":"airflow.dag_processing.dagbag.BundleDagBag","filename":"dagbag.py","lineno":460}
{"timestamp":"2026-08-14T19:00:46.072114Z","level":"info","event":"Filling up the DagBag from /opt/airflow/dags/2_dag_versioning.py","logger":"airflow.dag_processing.dagbag.BundleDagBag","filename":"dagbag.py","lineno":460}
{"timestamp":"2026-08-14T19:01:16.329607Z","level":"info","event":"Filling up the DagBag from /opt/airflow/dags/2_dag_versioning.py","logger":"airflow.dag_processing.dagbag.BundleDagBag","filename":"dagbag.py","lineno":460}
{"timestamp":"2026-08-14T19:01:46.830272Z","level":"info","event":"Filling up the DagBag from /opt/airflow/dags/2_dag_versioning.py","logger":"airflow.dag_processing.dagbag.BundleDagBag","filename":"dagbag.py","lineno":460}
{"timestamp":"2026-08-14T19:02:17.290609Z","level":"info","event":"Filling up the DagBag from /opt/airflow/dags/2_dag_versioning.py","logger":"airflow.dag_processing.dagbag.BundleDagBag","filename":"dagbag.py","lineno":460}
{"timestamp":"2026-08-14T19:02:47.815060Z","level":"info","event":"Filling up the DagBag from /opt/airflow/dags/2_dag_versioning.py","logger":"airflow.dag_processing.dagbag.BundleDagBag","filename":"dagbag.py","lineno":460}
{"timestamp":"2026-08-14T19:03:18.184226Z","level":"info","event":"Filling up the DagBag from /opt/airflow/dags/2_dag_versioning.py","logger":"airflow.dag_processing.dagbag.BundleDagBag","filename":"dagbag.py","lineno":460}
{"timestamp":"2026-08-14T19:03:48.788384Z","level":"info","event":"Filling up the DagBag from /opt/airflow/dags/2_dag_versioning.py","logger":"airflow.dag_processing.dagbag.BundleDagBag","filename":"dagbag.py","lineno":460}
{"timestamp":"2026-08-14T19:04:19.443821Z","level":"info","event":"Filling up the DagBag from /opt/airflow/dags/2_dag_versioning.py","logger":"airflow.dag_processing.dagbag.BundleDagBag","filename":"dagbag.py","lineno":460}
{"timestamp":"2026-08-14T19:04:50.040196Z","level":"info","event":"Filling up the DagBag from /opt/airflow/dags/2_dag_versioning.py","logger":"airflow.dag_processing.dagbag.BundleDagBag","filename":"dagbag.py","lineno":460}
{"timestamp":"2026-08-14T19:05:20.372275Z","level":"info","event":"Filling up the DagBag from /opt/airflow/dags/2_dag_versioning.py","logger":"airflow.dag_processing.dagbag.BundleDagBag","filename":"dagbag.py","lineno":460}
{"timestamp":"2026-08-14T19:05:50.643204Z","level":"info","event":"Filling up the DagBag from /opt/airflow/dags/2_dag_versioning.py","logger":"airflow.dag_processing.dagbag.BundleDagBag","filename":"dagbag.py","lineno":460}
{"timestamp":"2026-08-14T19:06:21.742037Z","level":"info","event":"Filling up the DagBag from /opt/airflow/dags/2_dag_versioning.py","logger":"airflow.dag_processing.dagbag.BundleDagBag","filename":"dagbag.py","lineno":460}
{"timestamp":"2026-08-14T19:06:52.714890Z","level":"info","event":"Filling up the DagBag from /opt/airflow/dags/2_dag_versioning.py","logger":"airflow.dag_processing.dagbag.BundleDagBag","filename":"dagbag.py","lineno":460}
{"timestamp":"2026-08-14T19:07:23.222190Z","level":"info","event":"Filling up the DagBag from /opt/airflow/dags/2_dag_versioning.py","logger":"airflow.dag_processing.dagbag.BundleDagBag","filename":"dagbag.py","lineno":460}
{"timestamp":"2026-08-14T19:07:53.949452Z","level":"info","event":"Filling up the DagBag from /opt/airflow/dags/2_dag_versioning.py","logger":"airflow.dag_processing.dagbag.BundleDagBag","filename":"dagbag.py","lineno":460}
{"timestamp":"2026-08-14T19:08:24.323591Z","level":"info","event":"Filling up the DagBag from /opt/airflow/dags/2_dag_versioning.py","logger":"airflow.dag_processing.dagbag.BundleDagBag","filename":"dagbag.py","lineno":460}
{"timestamp":"2026-08-14T19:08:54.778646Z","level":"info","event":"Filling up the DagBag from /opt/airflow/dags/2_dag_versioning.py","logger":"airflow.dag_processing.dagbag.BundleDagBag","filename":"dagbag.py","lineno":460}
{"timestamp":"2026-08-14T19:09:25.270930Z","level":"info","event":"Filling up the DagBag from /opt/airflow/dags/2_dag_versioning.py","logger":"airflow.dag_processing.dagbag.BundleDagBag","filename":"dagbag.py","lineno":460}
{"timestamp":"2026-08-14T19:09:55.897971Z","level":"info","event":"Filling up the DagBag from /opt/airflow/dags/2_dag_versioning.py","logger":"airflow.dag_processing.dagbag.BundleDagBag","filename":"dagbag.py","lineno":460}
{"timestamp":"2026-08-14T19:10:26.455612Z","level":"info","event":"Filling up the DagBag from /opt/airflow/dags/2_dag_versioning.py","logger":"airflow.dag_processing.dagbag.BundleDagBag","filename":"dagbag.py","lineno":460}
