{"timestamp":"2026-08-15T13:29:05.152695Z","level":"info","event":"Filling up the DagBag from /opt/airflow/dags/5_XOM_kwags.py","logger":"airflow.dag_processing.dagbag.BundleDagBag","filename":"dagbag.py","lineno":460}
{"timestamp":"2026-08-15T13:29:09.120022Z","level":"info","event":"Filling up the DagBag from /opt/airflow/dags/5_XOM_kwags.py","logger":"airflow.dag_processing.dagbag.BundleDagBag","filename":"dagbag.py","lineno":460}
{"timestamp":"2026-08-15T13:29:12.440701Z","level":"info","event":"Filling up the DagBag from /opt/airflow/dags/5_XOM_kwags.py","logger":"airflow.dag_processing.dagbag.BundleDagBag","filename":"dagbag.py","lineno":460}
{"timestamp":"2026-08-15T13:29:15.853894Z","level":"info","event":"Filling up the DagBag from /opt/airflow/dags/5_XOM_kwags.py","logger":"airflow.dag_processing.dagbag.BundleDagBag","filename":"dagbag.py","lineno":460}
{"timestamp":"2026-08-15T13:29:17.213709Z","level":"info","event":"Filling up the DagBag from /opt/airflow/dags/5_XOM_kwags.py","logger":"airflow.dag_processing.dagbag.BundleDagBag","filename":"dagbag.py","lineno":460}
{"timestamp":"2026-08-15T13:29:34.927468Z","level":"info","event":"Filling up the DagBag from /opt/airflow/dags/5_XOM_kwags.py","logger":"airflow.dag_processing.dagbag.BundleDagBag","filename":"dagbag.py","lineno":460}
{"timestamp":"2026-08-15T13:29:38.289607Z","level":"info","event":"Filling up the DagBag from /opt/airflow/dags/5_XOM_kwags.py","logger":"airflow.dag_processing.dagbag.BundleDagBag","filename":"dagbag.py","lineno":460}
{"timestamp":"2026-08-15T13:29:43.860675Z","level":"info","event":"Filling up the DagBag from /opt/airflow/dags/5_XOM_kwags.py","logger":"airflow.dag_processing.dagbag.BundleDagBag","filename":"dagbag.py","lineno":460}
{"timestamp":"2026-08-15T13:29:48.512945Z","level":"info","event":"Filling up the DagBag from /opt/airflow/dags/5_XOM_kwags.py","logger":"airflow.dag_processing.dagbag.BundleDagBag","filename":"dagbag.py","lineno":460}
{"timestamp":"2026-08-15T13:29:48.698813Z","level":"error","event":"Failed to import: /opt/airflow/dags/5_XOM_kwags.py","logger":"airflow.dag_processing.importers.python_importer","filename":"python_importer.py","lineno":244,"error_detail":[{"exc_type":"NameError","exc_value":"name 'pushi' is not defined","exc_notes":[],"syntax_error":null,"is_cause":false,"frames":[{"filename":"/home/airflow/.local/lib/python3.13/site-packages/airflow/dag_processing/importers/python_importer.py","lineno":238,"name":"parse"},{"filename":"<frozen importlib._bootstrap_external>","lineno":1023,"name":"exec_module"},{"filename":"<frozen importlib._bootstrap>","lineno":488,"name":"_call_with_frames_removed"},{"filename":"/opt/airflow/dags/5_XOM_kwags.py","lineno":33,"name":"<module>"},{"filename":"/home/airflow/.local/lib/python3.13/site-packages/airflow/sdk/definitions/dag.py","lineno":1696,"name":"factory"},{"filename":"/opt/airflow/dags/5_XOM_kwags.py","lineno":31,"name":"xcom_kwargs"}],"is_group":false,"exceptions":[]}]}
{"timestamp":"2026-08-15T13:29:48.716828Z","level":"error","event":"Error loading DAG from 5_XOM_kwags.py: name 'pushi' is not defined","logger":"airflow.dag_processing.dagbag.BundleDagBag","filename":"dagbag.py","lineno":319}
{"timestamp":"2026-08-15T13:29:51.135740Z","level":"info","event":"Filling up the DagBag from /opt/airflow/dags/5_XOM_kwags.py","logger":"airflow.dag_processing.dagbag.BundleDagBag","filename":"dagbag.py","lineno":460}
{"timestamp":"2026-08-15T13:29:53.653208Z","level":"info","event":"Filling up the DagBag from /opt/airflow/dags/5_XOM_kwags.py","logger":"airflow.dag_processing.dagbag.BundleDagBag","filename":"dagbag.py","lineno":460}
{"timestamp":"2026-08-15T13:29:53.733644Z","level":"error","event":"Failed to import: /opt/airflow/dags/5_XOM_kwags.py","logger":"airflow.dag_processing.importers.python_importer","filename":"python_importer.py","lineno":244,"error_detail":[{"exc_type":"SyntaxError","exc_value":"invalid syntax (5_XOM_kwags.py, line 31)","exc_notes":[],"syntax_error":{"offset":21,"filename":"/opt/airflow/dags/5_XOM_kwags.py","line":"    pushing_args >> \n","lineno":31,"msg":"invalid syntax"},"is_cause":false,"frames":[{"filename":"/home/airflow/.local/lib/python3.13/site-packages/airflow/dag_processing/importers/python_importer.py","lineno":238,"name":"parse"},{"filename":"<frozen importlib._bootstrap_external>","lineno":1019,"name":"exec_module"},{"filename":"<frozen importlib._bootstrap_external>","lineno":1157,"name":"get_code"},{"filename":"<frozen importlib._bootstrap_external>","lineno":1087,"name":"source_to_code"},{"filename":"<frozen importlib._bootstrap>","lineno":488,"name":"_call_with_frames_removed"}],"is_group":false,"exceptions":[]}]}
{"timestamp":"2026-08-15T13:29:53.736344Z","level":"error","event":"Error loading DAG from 5_XOM_kwags.py: invalid syntax (5_XOM_kwags.py, line 31)","logger":"airflow.dag_processing.dagbag.BundleDagBag","filename":"dagbag.py","lineno":319}
{"timestamp":"2026-08-15T13:29:54.922856Z","level":"info","event":"Filling up the DagBag from /opt/airflow/dags/5_XOM_kwags.py","logger":"airflow.dag_processing.dagbag.BundleDagBag","filename":"dagbag.py","lineno":460}
{"timestamp":"2026-08-15T13:29:55.054601Z","level":"error","event":"Failed to import: /opt/airflow/dags/5_XOM_kwags.py","logger":"airflow.dag_processing.importers.python_importer","filename":"python_importer.py","lineno":244,"error_detail":[{"exc_type":"NameError","exc_value":"name 'pul' is not defined","exc_notes":[],"syntax_error":null,"is_cause":false,"frames":[{"filename":"/home/airflow/.local/lib/python3.13/site-packages/airflow/dag_processing/importers/python_importer.py","lineno":238,"name":"parse"},{"filename":"<frozen importlib._bootstrap_external>","lineno":1023,"name":"exec_module"},{"filename":"<frozen importlib._bootstrap>","lineno":488,"name":"_call_with_frames_removed"},{"filename":"/opt/airflow/dags/5_XOM_kwags.py","lineno":33,"name":"<module>"},{"filename":"/home/airflow/.local/lib/python3.13/site-packages/airflow/sdk/definitions/dag.py","lineno":1696,"name":"factory"},{"filename":"/opt/airflow/dags/5_XOM_kwags.py","lineno":31,"name":"xcom_kwargs"}],"is_group":false,"exceptions":[]}]}
{"timestamp":"2026-08-15T13:29:55.077266Z","level":"error","event":"Error loading DAG from 5_XOM_kwags.py: name 'pul' is not defined","logger":"airflow.dag_processing.dagbag.BundleDagBag","filename":"dagbag.py","lineno":319}
{"timestamp":"2026-08-15T13:29:56.249487Z","level":"info","event":"Filling up the DagBag from /opt/airflow/dags/5_XOM_kwags.py","logger":"airflow.dag_processing.dagbag.BundleDagBag","filename":"dagbag.py","lineno":460}
{"timestamp":"2026-08-15T13:29:56.353817Z","level":"error","event":"Failed to import: /opt/airflow/dags/5_XOM_kwags.py","logger":"airflow.dag_processing.importers.python_importer","filename":"python_importer.py","lineno":244,"error_detail":[{"exc_type":"NameError","exc_value":"name 'pull' is not defined","exc_notes":[],"syntax_error":null,"is_cause":false,"frames":[{"filename":"/home/airflow/.local/lib/python3.13/site-packages/airflow/dag_processing/importers/python_importer.py","lineno":238,"name":"parse"},{"filename":"<frozen importlib._bootstrap_external>","lineno":1023,"name":"exec_module"},{"filename":"<frozen importlib._bootstrap>","lineno":488,"name":"_call_with_frames_removed"},{"filename":"/opt/airflow/dags/5_XOM_kwags.py","lineno":33,"name":"<module>"},{"filename":"/home/airflow/.local/lib/python3.13/site-packages/airflow/sdk/definitions/dag.py","lineno":1696,"name":"factory"},{"filename":"/opt/airflow/dags/5_XOM_kwags.py","lineno":31,"name":"xcom_kwargs"}],"is_group":false,"exceptions":[]}]}
{"timestamp":"2026-08-15T13:29:56.365231Z","level":"error","event":"Error loading DAG from 5_XOM_kwags.py: name 'pull' is not defined","logger":"airflow.dag_processing.dagbag.BundleDagBag","filename":"dagbag.py","lineno":319}
{"timestamp":"2026-08-15T13:29:58.537431Z","level":"info","event":"Filling up the DagBag from /opt/airflow/dags/5_XOM_kwags.py","logger":"airflow.dag_processing.dagbag.BundleDagBag","filename":"dagbag.py","lineno":460}
{"timestamp":"2026-08-15T13:29:58.647208Z","level":"error","event":"Failed to import: /opt/airflow/dags/5_XOM_kwags.py","logger":"airflow.dag_processing.importers.python_importer","filename":"python_importer.py","lineno":244,"error_detail":[{"exc_type":"TypeError","exc_value":"unsupported operand type(s) for >>: '_TaskDecorator' and '_TaskDecorator'","exc_notes":[],"syntax_error":null,"is_cause":false,"frames":[{"filename":"/home/airflow/.local/lib/python3.13/site-packages/airflow/dag_processing/importers/python_importer.py","lineno":238,"name":"parse"},{"filename":"<frozen importlib._bootstrap_external>","lineno":1023,"name":"exec_module"},{"filename":"<frozen importlib._bootstrap>","lineno":488,"name":"_call_with_frames_removed"},{"filename":"/opt/airflow/dags/5_XOM_kwags.py","lineno":33,"name":"<module>"},{"filename":"/home/airflow/.local/lib/python3.13/site-packages/airflow/sdk/definitions/dag.py","lineno":1696,"name":"factory"},{"filename":"/opt/airflow/dags/5_XOM_kwags.py","lineno":31,"name":"xcom_kwargs"}],"is_group":false,"exceptions":[]}]}
{"timestamp":"2026-08-15T13:29:58.662463Z","level":"error","event":"Error loading DAG from 5_XOM_kwags.py: unsupported operand type(s) for >>: '_TaskDecorator' and '_TaskDecorator'","logger":"airflow.dag_processing.dagbag.BundleDagBag","filename":"dagbag.py","lineno":319}
{"timestamp":"2026-08-15T13:30:00.862071Z","level":"info","event":"Filling up the DagBag from /opt/airflow/dags/5_XOM_kwags.py","logger":"airflow.dag_processing.dagbag.BundleDagBag","filename":"dagbag.py","lineno":460}
{"timestamp":"2026-08-15T13:30:00.969683Z","level":"error","event":"Failed to import: /opt/airflow/dags/5_XOM_kwags.py","logger":"airflow.dag_processing.importers.python_importer","filename":"python_importer.py","lineno":244,"error_detail":[{"exc_type":"TypeError","exc_value":"unsupported operand type(s) for >>: '_TaskDecorator' and '_TaskDecorator'","exc_notes":[],"syntax_error":null,"is_cause":false,"frames":[{"filename":"/home/airflow/.local/lib/python3.13/site-packages/airflow/dag_processing/importers/python_importer.py","lineno":238,"name":"parse"},{"filename":"<frozen importlib._bootstrap_external>","lineno":1023,"name":"exec_module"},{"filename":"<frozen importlib._bootstrap>","lineno":488,"name":"_call_with_frames_removed"},{"filename":"/opt/airflow/dags/5_XOM_kwags.py","lineno":33,"name":"<module>"},{"filename":"/home/airflow/.local/lib/python3.13/site-packages/airflow/sdk/definitions/dag.py","lineno":1696,"name":"factory"},{"filename":"/opt/airflow/dags/5_XOM_kwags.py","lineno":31,"name":"xcom_kwargs"}],"is_group":false,"exceptions":[]}]}
{"timestamp":"2026-08-15T13:30:00.981620Z","level":"error","event":"Error loading DAG from 5_XOM_kwags.py: unsupported operand type(s) for >>: '_TaskDecorator' and '_TaskDecorator'","logger":"airflow.dag_processing.dagbag.BundleDagBag","filename":"dagbag.py","lineno":319}
{"timestamp":"2026-08-15T13:30:05.702489Z","level":"info","event":"Filling up the DagBag from /opt/airflow/dags/5_XOM_kwags.py","logger":"airflow.dag_processing.dagbag.BundleDagBag","filename":"dagbag.py","lineno":460}
{"timestamp":"2026-08-15T13:30:06.012508Z","level":"error","event":"Failed to import: /opt/airflow/dags/5_XOM_kwags.py","logger":"airflow.dag_processing.importers.python_importer","filename":"python_importer.py","lineno":244,"error_detail":[{"exc_type":"TypeError","exc_value":"unsupported operand type(s) for >>: '_TaskDecorator' and '_TaskDecorator'","exc_notes":[],"syntax_error":null,"is_cause":false,"frames":[{"filename":"/home/airflow/.local/lib/python3.13/site-packages/airflow/dag_processing/importers/python_importer.py","lineno":238,"name":"parse"},{"filename":"<frozen importlib._bootstrap_external>","lineno":1023,"name":"exec_module"},{"filename":"<frozen importlib._bootstrap>","lineno":488,"name":"_call_with_frames_removed"},{"filename":"/opt/airflow/dags/5_XOM_kwags.py","lineno":33,"name":"<module>"},{"filename":"/home/airflow/.local/lib/python3.13/site-packages/airflow/sdk/definitions/dag.py","lineno":1696,"name":"factory"},{"filename":"/opt/airflow/dags/5_XOM_kwags.py","lineno":31,"name":"xcom_kwargs"}],"is_group":false,"exceptions":[]}]}
{"timestamp":"2026-08-15T13:30:06.028838Z","level":"error","event":"Error loading DAG from 5_XOM_kwags.py: unsupported operand type(s) for >>: '_TaskDecorator' and '_TaskDecorator'","logger":"airflow.dag_processing.dagbag.BundleDagBag","filename":"dagbag.py","lineno":319}
{"timestamp":"2026-08-15T13:30:33.412777Z","level":"info","event":"Filling up the DagBag from /opt/airflow/dags/5_XOM_kwags.py","logger":"airflow.dag_processing.dagbag.BundleDagBag","filename":"dagbag.py","lineno":460}
{"timestamp":"2026-08-15T13:31:03.973775Z","level":"info","event":"Filling up the DagBag from /opt/airflow/dags/5_XOM_kwags.py","logger":"airflow.dag_processing.dagbag.BundleDagBag","filename":"dagbag.py","lineno":460}
{"timestamp":"2026-08-15T13:31:35.318209Z","level":"info","event":"Filling up the DagBag from /opt/airflow/dags/5_XOM_kwags.py","logger":"airflow.dag_processing.dagbag.BundleDagBag","filename":"dagbag.py","lineno":460}
{"timestamp":"2026-08-15T13:32:03.298843Z","level":"info","event":"Filling up the DagBag from /opt/airflow/dags/5_XOM_kwags.py","logger":"airflow.dag_processing.dagbag.BundleDagBag","filename":"dagbag.py","lineno":460}
{"timestamp":"2026-08-15T13:32:16.041752Z","level":"info","event":"Filling up the DagBag from /opt/airflow/dags/5_XOM_kwags.py","logger":"airflow.dag_processing.dagbag.BundleDagBag","filename":"dagbag.py","lineno":460}
{"timestamp":"2026-08-15T13:32:23.547611Z","level":"info","event":"Filling up the DagBag from /opt/airflow/dags/5_XOM_kwags.py","logger":"airflow.dag_processing.dagbag.BundleDagBag","filename":"dagbag.py","lineno":460}
{"timestamp":"2026-08-15T13:32:54.647202Z","level":"info","event":"Filling up the DagBag from /opt/airflow/dags/5_XOM_kwags.py","logger":"airflow.dag_processing.dagbag.BundleDagBag","filename":"dagbag.py","lineno":460}
{"timestamp":"2026-08-15T13:33:25.304606Z","level":"info","event":"Filling up the DagBag from /opt/airflow/dags/5_XOM_kwags.py","logger":"airflow.dag_processing.dagbag.BundleDagBag","filename":"dagbag.py","lineno":460}
{"timestamp":"2026-08-15T13:33:56.224835Z","level":"info","event":"Filling up the DagBag from /opt/airflow/dags/5_XOM_kwags.py","logger":"airflow.dag_processing.dagbag.BundleDagBag","filename":"dagbag.py","lineno":460}
{"timestamp":"2026-08-15T13:34:27.088436Z","level":"info","event":"Filling up the DagBag from /opt/airflow/dags/5_XOM_kwags.py","logger":"airflow.dag_processing.dagbag.BundleDagBag","filename":"dagbag.py","lineno":460}
{"timestamp":"2026-08-15T13:34:57.385745Z","level":"info","event":"Filling up the DagBag from /opt/airflow/dags/5_XOM_kwags.py","logger":"airflow.dag_processing.dagbag.BundleDagBag","filename":"dagbag.py","lineno":460}
{"timestamp":"2026-08-15T13:35:28.315179Z","level":"info","event":"Filling up the DagBag from /opt/airflow/dags/5_XOM_kwags.py","logger":"airflow.dag_processing.dagbag.BundleDagBag","filename":"dagbag.py","lineno":460}
{"timestamp":"2026-08-15T13:35:58.853454Z","level":"info","event":"Filling up the DagBag from /opt/airflow/dags/5_XOM_kwags.py","logger":"airflow.dag_processing.dagbag.BundleDagBag","filename":"dagbag.py","lineno":460}
{"timestamp":"2026-08-15T13:36:29.545728Z","level":"info","event":"Filling up the DagBag from /opt/airflow/dags/5_XOM_kwags.py","logger":"airflow.dag_processing.dagbag.BundleDagBag","filename":"dagbag.py","lineno":460}
{"timestamp":"2026-08-15T13:37:00.034711Z","level":"info","event":"Filling up the DagBag from /opt/airflow/dags/5_XOM_kwags.py","logger":"airflow.dag_processing.dagbag.BundleDagBag","filename":"dagbag.py","lineno":460}
{"timestamp":"2026-08-15T13:37:30.594425Z","level":"info","event":"Filling up the DagBag from /opt/airflow/dags/5_XOM_kwags.py","logger":"airflow.dag_processing.dagbag.BundleDagBag","filename":"dagbag.py","lineno":460}
{"timestamp":"2026-08-15T13:37:33.153795Z","level":"info","event":"Filling up the DagBag from /opt/airflow/dags/5_XOM_kwags.py","logger":"airflow.dag_processing.dagbag.BundleDagBag","filename":"dagbag.py","lineno":460}
{"timestamp":"2026-08-15T13:37:35.754856Z","level":"info","event":"Filling up the DagBag from /opt/airflow/dags/5_XOM_kwags.py","logger":"airflow.dag_processing.dagbag.BundleDagBag","filename":"dagbag.py","lineno":460}
{"timestamp":"2026-08-15T13:37:37.266485Z","level":"info","event":"Filling up the DagBag from /opt/airflow/dags/5_XOM_kwags.py","logger":"airflow.dag_processing.dagbag.BundleDagBag","filename":"dagbag.py","lineno":460}
{"timestamp":"2026-08-15T13:37:46.643569Z","level":"info","event":"Filling up the DagBag from /opt/airflow/dags/5_XOM_kwags.py","logger":"airflow.dag_processing.dagbag.BundleDagBag","filename":"dagbag.py","lineno":460}
{"timestamp":"2026-08-15T13:37:49.941866Z","level":"info","event":"Filling up the DagBag from /opt/airflow/dags/5_XOM_kwags.py","logger":"airflow.dag_processing.dagbag.BundleDagBag","filename":"dagbag.py","lineno":460}
{"timestamp":"2026-08-15T13:37:51.315648Z","level":"info","event":"Filling up the DagBag from /opt/airflow/dags/5_XOM_kwags.py","logger":"airflow.dag_processing.dagbag.BundleDagBag","filename":"dagbag.py","lineno":460}
{"timestamp":"2026-08-15T13:37:53.827058Z","level":"info","event":"Filling up the DagBag from /opt/airflow/dags/5_XOM_kwags.py","logger":"airflow.dag_processing.dagbag.BundleDagBag","filename":"dagbag.py","lineno":460}
{"timestamp":"2026-08-15T13:38:00.535305Z","level":"info","event":"Filling up the DagBag from /opt/airflow/dags/5_XOM_kwags.py","logger":"airflow.dag_processing.dagbag.BundleDagBag","filename":"dagbag.py","lineno":460}
{"timestamp":"2026-08-15T13:38:01.863965Z","level":"info","event":"Filling up the DagBag from /opt/airflow/dags/5_XOM_kwags.py","logger":"airflow.dag_processing.dagbag.BundleDagBag","filename":"dagbag.py","lineno":460}
{"timestamp":"2026-08-15T13:38:03.479855Z","level":"info","event":"Filling up the DagBag from /opt/airflow/dags/5_XOM_kwags.py","logger":"airflow.dag_processing.dagbag.BundleDagBag","filename":"dagbag.py","lineno":460}
{"timestamp":"2026-08-15T13:38:08.454414Z","level":"info","event":"Filling up the DagBag from /opt/airflow/dags/5_XOM_kwags.py","logger":"airflow.dag_processing.dagbag.BundleDagBag","filename":"dagbag.py","lineno":460}
{"timestamp":"2026-08-15T13:38:10.833807Z","level":"info","event":"Filling up the DagBag from /opt/airflow/dags/5_XOM_kwags.py","logger":"airflow.dag_processing.dagbag.BundleDagBag","filename":"dagbag.py","lineno":460}
{"timestamp":"2026-08-15T13:38:14.815405Z","level":"info","event":"Filling up the DagBag from /opt/airflow/dags/5_XOM_kwags.py","logger":"airflow.dag_processing.dagbag.BundleDagBag","filename":"dagbag.py","lineno":460}
{"timestamp":"2026-08-15T13:38:16.942636Z","level":"info","event":"Filling up the DagBag from /opt/airflow/dags/5_XOM_kwags.py","logger":"airflow.dag_processing.dagbag.BundleDagBag","filename":"dagbag.py","lineno":460}
{"timestamp":"2026-08-15T13:38:20.526804Z","level":"info","event":"Filling up the DagBag from /opt/airflow/dags/5_XOM_kwags.py","logger":"airflow.dag_processing.dagbag.BundleDagBag","filename":"dagbag.py","lineno":460}
{"timestamp":"2026-08-15T13:38:26.089091Z","level":"info","event":"Filling up the DagBag from /opt/airflow/dags/5_XOM_kwags.py","logger":"airflow.dag_processing.dagbag.BundleDagBag","filename":"dagbag.py","lineno":460}
{"timestamp":"2026-08-15T13:38:27.480319Z","level":"info","event":"Filling up the DagBag from /opt/airflow/dags/5_XOM_kwags.py","logger":"airflow.dag_processing.dagbag.BundleDagBag","filename":"dagbag.py","lineno":460}
{"timestamp":"2026-08-15T13:38:58.673786Z","level":"info","event":"Filling up the DagBag from /opt/airflow/dags/5_XOM_kwags.py","logger":"airflow.dag_processing.dagbag.BundleDagBag","filename":"dagbag.py","lineno":460}
{"timestamp":"2026-08-15T13:39:29.305743Z","level":"info","event":"Filling up the DagBag from /opt/airflow/dags/5_XOM_kwags.py","logger":"airflow.dag_processing.dagbag.BundleDagBag","filename":"dagbag.py","lineno":460}
{"timestamp":"2026-08-15T13:39:59.990242Z","level":"info","event":"Filling up the DagBag from /opt/airflow/dags/5_XOM_kwags.py","logger":"airflow.dag_processing.dagbag.BundleDagBag","filename":"dagbag.py","lineno":460}
{"timestamp":"2026-08-15T13:40:30.501215Z","level":"info","event":"Filling up the DagBag from /opt/airflow/dags/5_XOM_kwags.py","logger":"airflow.dag_processing.dagbag.BundleDagBag","filename":"dagbag.py","lineno":460}
{"timestamp":"2026-08-15T13:41:00.803888Z","level":"info","event":"Filling up the DagBag from /opt/airflow/dags/5_XOM_kwags.py","logger":"airflow.dag_processing.dagbag.BundleDagBag","filename":"dagbag.py","lineno":460}
{"timestamp":"2026-08-15T13:41:31.494698Z","level":"info","event":"Filling up the DagBag from /opt/airflow/dags/5_XOM_kwags.py","logger":"airflow.dag_processing.dagbag.BundleDagBag","filename":"dagbag.py","lineno":460}
{"timestamp":"2026-08-15T13:42:01.855111Z","level":"info","event":"Filling up the DagBag from /opt/airflow/dags/5_XOM_kwags.py","logger":"airflow.dag_processing.dagbag.BundleDagBag","filename":"dagbag.py","lineno":460}
{"timestamp":"2026-08-15T13:42:32.958088Z","level":"info","event":"Filling up the DagBag from /opt/airflow/dags/5_XOM_kwags.py","logger":"airflow.dag_processing.dagbag.BundleDagBag","filename":"dagbag.py","lineno":460}
{"timestamp":"2026-08-15T13:43:04.083382Z","level":"info","event":"Filling up the DagBag from /opt/airflow/dags/5_XOM_kwags.py","logger":"airflow.dag_processing.dagbag.BundleDagBag","filename":"dagbag.py","lineno":460}
{"timestamp":"2026-08-15T13:43:34.769808Z","level":"info","event":"Filling up the DagBag from /opt/airflow/dags/5_XOM_kwags.py","logger":"airflow.dag_processing.dagbag.BundleDagBag","filename":"dagbag.py","lineno":460}
{"timestamp":"2026-08-15T13:44:05.200401Z","level":"info","event":"Filling up the DagBag from /opt/airflow/dags/5_XOM_kwags.py","logger":"airflow.dag_processing.dagbag.BundleDagBag","filename":"dagbag.py","lineno":460}
{"timestamp":"2026-08-15T13:44:36.436044Z","level":"info","event":"Filling up the DagBag from /opt/airflow/dags/5_XOM_kwags.py","logger":"airflow.dag_processing.dagbag.BundleDagBag","filename":"dagbag.py","lineno":460}
{"timestamp":"2026-08-15T13:45:06.901551Z","level":"info","event":"Filling up the DagBag from /opt/airflow/dags/5_XOM_kwags.py","logger":"airflow.dag_processing.dagbag.BundleDagBag","filename":"dagbag.py","lineno":460}
{"timestamp":"2026-08-15T13:45:37.240327Z","level":"info","event":"Filling up the DagBag from /opt/airflow/dags/5_XOM_kwags.py","logger":"airflow.dag_processing.dagbag.BundleDagBag","filename":"dagbag.py","lineno":460}
{"timestamp":"2026-08-15T13:46:07.594071Z","level":"info","event":"Filling up the DagBag from /opt/airflow/dags/5_XOM_kwags.py","logger":"airflow.dag_processing.dagbag.BundleDagBag","filename":"dagbag.py","lineno":460}
{"timestamp":"2026-08-15T13:46:38.542158Z","level":"info","event":"Filling up the DagBag from /opt/airflow/dags/5_XOM_kwags.py","logger":"airflow.dag_processing.dagbag.BundleDagBag","filename":"dagbag.py","lineno":460}
{"timestamp":"2026-08-15T13:47:09.592785Z","level":"info","event":"Filling up the DagBag from /opt/airflow/dags/5_XOM_kwags.py","logger":"airflow.dag_processing.dagbag.BundleDagBag","filename":"dagbag.py","lineno":460}
{"timestamp":"2026-08-15T13:47:40.361255Z","level":"info","event":"Filling up the DagBag from /opt/airflow/dags/5_XOM_kwags.py","logger":"airflow.dag_processing.dagbag.BundleDagBag","filename":"dagbag.py","lineno":460}
{"timestamp":"2026-08-15T13:48:11.111022Z","level":"info","event":"Filling up the DagBag from /opt/airflow/dags/5_XOM_kwags.py","logger":"airflow.dag_processing.dagbag.BundleDagBag","filename":"dagbag.py","lineno":460}
{"timestamp":"2026-08-15T13:48:42.233749Z","level":"info","event":"Filling up the DagBag from /opt/airflow/dags/5_XOM_kwags.py","logger":"airflow.dag_processing.dagbag.BundleDagBag","filename":"dagbag.py","lineno":460}
{"timestamp":"2026-08-15T13:49:13.047504Z","level":"info","event":"Filling up the DagBag from /opt/airflow/dags/5_XOM_kwags.py","logger":"airflow.dag_processing.dagbag.BundleDagBag","filename":"dagbag.py","lineno":460}
{"timestamp":"2026-08-15T13:49:43.841201Z","level":"info","event":"Filling up the DagBag from /opt/airflow/dags/5_XOM_kwags.py","logger":"airflow.dag_processing.dagbag.BundleDagBag","filename":"dagbag.py","lineno":460}
{"timestamp":"2026-08-15T13:50:14.163932Z","level":"info","event":"Filling up the DagBag from /opt/airflow/dags/5_XOM_kwags.py","logger":"airflow.dag_processing.dagbag.BundleDagBag","filename":"dagbag.py","lineno":460}
{"timestamp":"2026-08-15T13:50:44.901880Z","level":"info","event":"Filling up the DagBag from /opt/airflow/dags/5_XOM_kwags.py","logger":"airflow.dag_processing.dagbag.BundleDagBag","filename":"dagbag.py","lineno":460}
{"timestamp":"2026-08-15T13:51:15.173363Z","level":"info","event":"Filling up the DagBag from /opt/airflow/dags/5_XOM_kwags.py","logger":"airflow.dag_processing.dagbag.BundleDagBag","filename":"dagbag.py","lineno":460}
{"timestamp":"2026-08-15T13:51:45.621148Z","level":"info","event":"Filling up the DagBag from /opt/airflow/dags/5_XOM_kwags.py","logger":"airflow.dag_processing.dagbag.BundleDagBag","filename":"dagbag.py","lineno":460}
{"timestamp":"2026-08-15T13:52:16.585856Z","level":"info","event":"Filling up the DagBag from /opt/airflow/dags/5_XOM_kwags.py","logger":"airflow.dag_processing.dagbag.BundleDagBag","filename":"dagbag.py","lineno":460}
{"timestamp":"2026-08-15T13:52:47.814676Z","level":"info","event":"Filling up the DagBag from /opt/airflow/dags/5_XOM_kwags.py","logger":"airflow.dag_processing.dagbag.BundleDagBag","filename":"dagbag.py","lineno":460}
{"timestamp":"2026-08-15T13:53:18.484090Z","level":"info","event":"Filling up the DagBag from /opt/airflow/dags/5_XOM_kwags.py","logger":"airflow.dag_processing.dagbag.BundleDagBag","filename":"dagbag.py","lineno":460}
{"timestamp":"2026-08-15T13:53:48.823300Z","level":"info","event":"Filling up the DagBag from /opt/airflow/dags/5_XOM_kwags.py","logger":"airflow.dag_processing.dagbag.BundleDagBag","filename":"dagbag.py","lineno":460}
{"timestamp":"2026-08-15T13:54:20.781154Z","level":"info","event":"Filling up the DagBag from /opt/airflow/dags/5_XOM_kwags.py","logger":"airflow.dag_processing.dagbag.BundleDagBag","filename":"dagbag.py","lineno":460}
{"timestamp":"2026-08-15T13:54:51.356727Z","level":"info","event":"Filling up the DagBag from /opt/airflow/dags/5_XOM_kwags.py","logger":"airflow.dag_processing.dagbag.BundleDagBag","filename":"dagbag.py","lineno":460}
{"timestamp":"2026-08-15T13:55:22.211508Z","level":"info","event":"Filling up the DagBag from /opt/airflow/dags/5_XOM_kwags.py","logger":"airflow.dag_processing.dagbag.BundleDagBag","filename":"dagbag.py","lineno":460}
{"timestamp":"2026-08-15T13:55:52.661536Z","level":"info","event":"Filling up the DagBag from /opt/airflow/dags/5_XOM_kwags.py","logger":"airflow.dag_processing.dagbag.BundleDagBag","filename":"dagbag.py","lineno":460}
{"timestamp":"2026-08-15T13:56:23.670735Z","level":"info","event":"Filling up the DagBag from /opt/airflow/dags/5_XOM_kwags.py","logger":"airflow.dag_processing.dagbag.BundleDagBag","filename":"dagbag.py","lineno":460}
{"timestamp":"2026-08-15T13:56:54.100515Z","level":"info","event":"Filling up the DagBag from /opt/airflow/dags/5_XOM_kwags.py","logger":"airflow.dag_processing.dagbag.BundleDagBag","filename":"dagbag.py","lineno":460}
{"timestamp":"2026-08-15T13:57:25.420375Z","level":"info","event":"Filling up the DagBag from /opt/airflow/dags/5_XOM_kwags.py","logger":"airflow.dag_processing.dagbag.BundleDagBag","filename":"dagbag.py","lineno":460}
{"timestamp":"2026-08-15T13:57:55.917194Z","level":"info","event":"Filling up the DagBag from /opt/airflow/dags/5_XOM_kwags.py","logger":"airflow.dag_processing.dagbag.BundleDagBag","filename":"dagbag.py","lineno":460}
{"timestamp":"2026-08-15T13:58:27.287993Z","level":"info","event":"Filling up the DagBag from /opt/airflow/dags/5_XOM_kwags.py","logger":"airflow.dag_processing.dagbag.BundleDagBag","filename":"dagbag.py","lineno":460}
{"timestamp":"2026-08-15T13:58:57.989089Z","level":"info","event":"Filling up the DagBag from /opt/airflow/dags/5_XOM_kwags.py","logger":"airflow.dag_processing.dagbag.BundleDagBag","filename":"dagbag.py","lineno":460}
{"timestamp":"2026-08-15T13:59:28.725096Z","level":"info","event":"Filling up the DagBag from /opt/airflow/dags/5_XOM_kwags.py","logger":"airflow.dag_processing.dagbag.BundleDagBag","filename":"dagbag.py","lineno":460}
{"timestamp":"2026-08-15T13:59:59.886643Z","level":"info","event":"Filling up the DagBag from /opt/airflow/dags/5_XOM_kwags.py","logger":"airflow.dag_processing.dagbag.BundleDagBag","filename":"dagbag.py","lineno":460}
{"timestamp":"2026-08-15T14:00:30.911788Z","level":"info","event":"Filling up the DagBag from /opt/airflow/dags/5_XOM_kwags.py","logger":"airflow.dag_processing.dagbag.BundleDagBag","filename":"dagbag.py","lineno":460}
{"timestamp":"2026-08-15T14:01:01.634462Z","level":"info","event":"Filling up the DagBag from /opt/airflow/dags/5_XOM_kwags.py","logger":"airflow.dag_processing.dagbag.BundleDagBag","filename":"dagbag.py","lineno":460}
{"timestamp":"2026-08-15T18:13:34.605684Z","level":"info","event":"Filling up the DagBag from /opt/airflow/dags/5_XOM_kwags.py","logger":"airflow.dag_processing.dagbag.BundleDagBag","filename":"dagbag.py","lineno":460}
{"timestamp":"2026-08-15T18:14:05.111235Z","level":"info","event":"Filling up the DagBag from /opt/airflow/dags/5_XOM_kwags.py","logger":"airflow.dag_processing.dagbag.BundleDagBag","filename":"dagbag.py","lineno":460}
{"timestamp":"2026-08-15T18:14:35.558063Z","level":"info","event":"Filling up the DagBag from /opt/airflow/dags/5_XOM_kwags.py","logger":"airflow.dag_processing.dagbag.BundleDagBag","filename":"dagbag.py","lineno":460}
{"timestamp":"2026-08-15T18:15:05.877907Z","level":"info","event":"Filling up the DagBag from /opt/airflow/dags/5_XOM_kwags.py","logger":"airflow.dag_processing.dagbag.BundleDagBag","filename":"dagbag.py","lineno":460}
{"timestamp":"2026-08-15T18:15:36.583288Z","level":"info","event":"Filling up the DagBag from /opt/airflow/dags/5_XOM_kwags.py","logger":"airflow.dag_processing.dagbag.BundleDagBag","filename":"dagbag.py","lineno":460}
{"timestamp":"2026-08-15T18:16:07.238701Z","level":"info","event":"Filling up the DagBag from /opt/airflow/dags/5_XOM_kwags.py","logger":"airflow.dag_processing.dagbag.BundleDagBag","filename":"dagbag.py","lineno":460}
{"timestamp":"2026-08-15T18:16:37.579846Z","level":"info","event":"Filling up the DagBag from /opt/airflow/dags/5_XOM_kwags.py","logger":"airflow.dag_processing.dagbag.BundleDagBag","filename":"dagbag.py","lineno":460}
{"timestamp":"2026-08-15T18:17:08.635623Z","level":"info","event":"Filling up the DagBag from /opt/airflow/dags/5_XOM_kwags.py","logger":"airflow.dag_processing.dagbag.BundleDagBag","filename":"dagbag.py","lineno":460}
{"timestamp":"2026-08-15T18:17:39.341521Z","level":"info","event":"Filling up the DagBag from /opt/airflow/dags/5_XOM_kwags.py","logger":"airflow.dag_processing.dagbag.BundleDagBag","filename":"dagbag.py","lineno":460}
{"timestamp":"2026-08-15T18:18:10.056304Z","level":"info","event":"Filling up the DagBag from /opt/airflow/dags/5_XOM_kwags.py","logger":"airflow.dag_processing.dagbag.BundleDagBag","filename":"dagbag.py","lineno":460}
{"timestamp":"2026-08-15T18:18:41.007015Z","level":"info","event":"Filling up the DagBag from /opt/airflow/dags/5_XOM_kwags.py","logger":"airflow.dag_processing.dagbag.BundleDagBag","filename":"dagbag.py","lineno":460}
{"timestamp":"2026-08-15T18:19:11.195359Z","level":"info","event":"Filling up the DagBag from /opt/airflow/dags/5_XOM_kwags.py","logger":"airflow.dag_processing.dagbag.BundleDagBag","filename":"dagbag.py","lineno":460}
{"timestamp":"2026-08-15T18:19:42.239181Z","level":"info","event":"Filling up the DagBag from /opt/airflow/dags/5_XOM_kwags.py","logger":"airflow.dag_processing.dagbag.BundleDagBag","filename":"dagbag.py","lineno":460}
{"timestamp":"2026-08-15T18:20:12.961076Z","level":"info","event":"Filling up the DagBag from /opt/airflow/dags/5_XOM_kwags.py","logger":"airflow.dag_processing.dagbag.BundleDagBag","filename":"dagbag.py","lineno":460}
{"timestamp":"2026-08-15T18:20:43.677351Z","level":"info","event":"Filling up the DagBag from /opt/airflow/dags/5_XOM_kwags.py","logger":"airflow.dag_processing.dagbag.BundleDagBag","filename":"dagbag.py","lineno":460}
{"timestamp":"2026-08-15T18:21:14.197370Z","level":"info","event":"Filling up the DagBag from /opt/airflow/dags/5_XOM_kwags.py","logger":"airflow.dag_processing.dagbag.BundleDagBag","filename":"dagbag.py","lineno":460}
{"timestamp":"2026-08-15T18:21:45.137251Z","level":"info","event":"Filling up the DagBag from /opt/airflow/dags/5_XOM_kwags.py","logger":"airflow.dag_processing.dagbag.BundleDagBag","filename":"dagbag.py","lineno":460}
{"timestamp":"2026-08-15T18:22:15.941685Z","level":"info","event":"Filling up the DagBag from /opt/airflow/dags/5_XOM_kwags.py","logger":"airflow.dag_processing.dagbag.BundleDagBag","filename":"dagbag.py","lineno":460}
{"timestamp":"2026-08-15T18:22:46.719003Z","level":"info","event":"Filling up the DagBag from /opt/airflow/dags/5_XOM_kwags.py","logger":"airflow.dag_processing.dagbag.BundleDagBag","filename":"dagbag.py","lineno":460}
{"timestamp":"2026-08-15T18:23:17.500728Z","level":"info","event":"Filling up the DagBag from /opt/airflow/dags/5_XOM_kwags.py","logger":"airflow.dag_processing.dagbag.BundleDagBag","filename":"dagbag.py","lineno":460}
{"timestamp":"2026-08-15T18:23:47.813983Z","level":"info","event":"Filling up the DagBag from /opt/airflow/dags/5_XOM_kwags.py","logger":"airflow.dag_processing.dagbag.BundleDagBag","filename":"dagbag.py","lineno":460}
{"timestamp":"2026-08-15T18:24:18.916135Z","level":"info","event":"Filling up the DagBag from /opt/airflow/dags/5_XOM_kwags.py","logger":"airflow.dag_processing.dagbag.BundleDagBag","filename":"dagbag.py","lineno":460}
{"timestamp":"2026-08-15T18:24:49.353584Z","level":"info","event":"Filling up the DagBag from /opt/airflow/dags/5_XOM_kwags.py","logger":"airflow.dag_processing.dagbag.BundleDagBag","filename":"dagbag.py","lineno":460}
{"timestamp":"2026-08-15T18:25:20.370343Z","level":"info","event":"Filling up the DagBag from /opt/airflow/dags/5_XOM_kwags.py","logger":"airflow.dag_processing.dagbag.BundleDagBag","filename":"dagbag.py","lineno":460}
{"timestamp":"2026-08-15T18:25:51.531237Z","level":"info","event":"Filling up the DagBag from /opt/airflow/dags/5_XOM_kwags.py","logger":"airflow.dag_processing.dagbag.BundleDagBag","filename":"dagbag.py","lineno":460}
{"timestamp":"2026-08-15T18:26:21.745534Z","level":"info","event":"Filling up the DagBag from /opt/airflow/dags/5_XOM_kwags.py","logger":"airflow.dag_processing.dagbag.BundleDagBag","filename":"dagbag.py","lineno":460}
{"timestamp":"2026-08-15T18:26:52.949495Z","level":"info","event":"Filling up the DagBag from /opt/airflow/dags/5_XOM_kwags.py","logger":"airflow.dag_processing.dagbag.BundleDagBag","filename":"dagbag.py","lineno":460}
{"timestamp":"2026-08-15T18:27:23.789977Z","level":"info","event":"Filling up the DagBag from /opt/airflow/dags/5_XOM_kwags.py","logger":"airflow.dag_processing.dagbag.BundleDagBag","filename":"dagbag.py","lineno":460}
{"timestamp":"2026-08-15T18:27:54.825917Z","level":"info","event":"Filling up the DagBag from /opt/airflow/dags/5_XOM_kwags.py","logger":"airflow.dag_processing.dagbag.BundleDagBag","filename":"dagbag.py","lineno":460}
{"timestamp":"2026-08-15T18:28:25.443842Z","level":"info","event":"Filling up the DagBag from /opt/airflow/dags/5_XOM_kwags.py","logger":"airflow.dag_processing.dagbag.BundleDagBag","filename":"dagbag.py","lineno":460}
{"timestamp":"2026-08-15T18:28:56.242409Z","level":"info","event":"Filling up the DagBag from /opt/airflow/dags/5_XOM_kwags.py","logger":"airflow.dag_processing.dagbag.BundleDagBag","filename":"dagbag.py","lineno":460}
{"timestamp":"2026-08-15T18:29:26.809997Z","level":"info","event":"Filling up the DagBag from /opt/airflow/dags/5_XOM_kwags.py","logger":"airflow.dag_processing.dagbag.BundleDagBag","filename":"dagbag.py","lineno":460}
{"timestamp":"2026-08-15T18:29:57.116474Z","level":"info","event":"Filling up the DagBag from /opt/airflow/dags/5_XOM_kwags.py","logger":"airflow.dag_processing.dagbag.BundleDagBag","filename":"dagbag.py","lineno":460}
{"timestamp":"2026-08-15T18:30:27.413930Z","level":"info","event":"Filling up the DagBag from /opt/airflow/dags/5_XOM_kwags.py","logger":"airflow.dag_processing.dagbag.BundleDagBag","filename":"dagbag.py","lineno":460}
{"timestamp":"2026-08-15T18:30:57.768087Z","level":"info","event":"Filling up the DagBag from /opt/airflow/dags/5_XOM_kwags.py","logger":"airflow.dag_processing.dagbag.BundleDagBag","filename":"dagbag.py","lineno":460}
{"timestamp":"2026-08-15T18:31:28.850224Z","level":"info","event":"Filling up the DagBag from /opt/airflow/dags/5_XOM_kwags.py","logger":"airflow.dag_processing.dagbag.BundleDagBag","filename":"dagbag.py","lineno":460}
{"timestamp":"2026-08-15T18:31:59.912872Z","level":"info","event":"Filling up the DagBag from /opt/airflow/dags/5_XOM_kwags.py","logger":"airflow.dag_processing.dagbag.BundleDagBag","filename":"dagbag.py","lineno":460}
{"timestamp":"2026-08-15T18:32:30.204006Z","level":"info","event":"Filling up the DagBag from /opt/airflow/dags/5_XOM_kwags.py","logger":"airflow.dag_processing.dagbag.BundleDagBag","filename":"dagbag.py","lineno":460}
{"timestamp":"2026-08-15T18:33:00.879510Z","level":"info","event":"Filling up the DagBag from /opt/airflow/dags/5_XOM_kwags.py","logger":"airflow.dag_processing.dagbag.BundleDagBag","filename":"dagbag.py","lineno":460}
{"timestamp":"2026-08-15T18:33:31.609910Z","level":"info","event":"Filling up the DagBag from /opt/airflow/dags/5_XOM_kwags.py","logger":"airflow.dag_processing.dagbag.BundleDagBag","filename":"dagbag.py","lineno":460}
{"timestamp":"2026-08-15T18:34:01.906534Z","level":"info","event":"Filling up the DagBag from /opt/airflow/dags/5_XOM_kwags.py","logger":"airflow.dag_processing.dagbag.BundleDagBag","filename":"dagbag.py","lineno":460}
{"timestamp":"2026-08-15T18:34:32.648708Z","level":"info","event":"Filling up the DagBag from /opt/airflow/dags/5_XOM_kwags.py","logger":"airflow.dag_processing.dagbag.BundleDagBag","filename":"dagbag.py","lineno":460}
{"timestamp":"2026-08-15T18:35:03.319819Z","level":"info","event":"Filling up the DagBag from /opt/airflow/dags/5_XOM_kwags.py","logger":"airflow.dag_processing.dagbag.BundleDagBag","filename":"dagbag.py","lineno":460}
{"timestamp":"2026-08-15T18:35:34.081911Z","level":"info","event":"Filling up the DagBag from /opt/airflow/dags/5_XOM_kwags.py","logger":"airflow.dag_processing.dagbag.BundleDagBag","filename":"dagbag.py","lineno":460}
{"timestamp":"2026-08-15T18:36:05.104790Z","level":"info","event":"Filling up the DagBag from /opt/airflow/dags/5_XOM_kwags.py","logger":"airflow.dag_processing.dagbag.BundleDagBag","filename":"dagbag.py","lineno":460}
{"timestamp":"2026-08-15T18:36:36.073448Z","level":"info","event":"Filling up the DagBag from /opt/airflow/dags/5_XOM_kwags.py","logger":"airflow.dag_processing.dagbag.BundleDagBag","filename":"dagbag.py","lineno":460}
{"timestamp":"2026-08-15T18:37:06.777398Z","level":"info","event":"Filling up the DagBag from /opt/airflow/dags/5_XOM_kwags.py","logger":"airflow.dag_processing.dagbag.BundleDagBag","filename":"dagbag.py","lineno":460}
{"timestamp":"2026-08-15T18:37:37.823711Z","level":"info","event":"Filling up the DagBag from /opt/airflow/dags/5_XOM_kwags.py","logger":"airflow.dag_processing.dagbag.BundleDagBag","filename":"dagbag.py","lineno":460}
{"timestamp":"2026-08-15T18:38:08.858844Z","level":"info","event":"Filling up the DagBag from /opt/airflow/dags/5_XOM_kwags.py","logger":"airflow.dag_processing.dagbag.BundleDagBag","filename":"dagbag.py","lineno":460}
{"timestamp":"2026-08-15T18:38:39.690309Z","level":"info","event":"Filling up the DagBag from /opt/airflow/dags/5_XOM_kwags.py","logger":"airflow.dag_processing.dagbag.BundleDagBag","filename":"dagbag.py","lineno":460}
{"timestamp":"2026-08-15T18:39:10.210243Z","level":"info","event":"Filling up the DagBag from /opt/airflow/dags/5_XOM_kwags.py","logger":"airflow.dag_processing.dagbag.BundleDagBag","filename":"dagbag.py","lineno":460}
{"timestamp":"2026-08-15T18:39:40.874218Z","level":"info","event":"Filling up the DagBag from /opt/airflow/dags/5_XOM_kwags.py","logger":"airflow.dag_processing.dagbag.BundleDagBag","filename":"dagbag.py","lineno":460}
{"timestamp":"2026-08-15T18:40:11.471191Z","level":"info","event":"Filling up the DagBag from /opt/airflow/dags/5_XOM_kwags.py","logger":"airflow.dag_processing.dagbag.BundleDagBag","filename":"dagbag.py","lineno":460}
{"timestamp":"2026-08-15T18:40:42.259802Z","level":"info","event":"Filling up the DagBag from /opt/airflow/dags/5_XOM_kwags.py","logger":"airflow.dag_processing.dagbag.BundleDagBag","filename":"dagbag.py","lineno":460}
{"timestamp":"2026-08-15T18:41:13.070044Z","level":"info","event":"Filling up the DagBag from /opt/airflow/dags/5_XOM_kwags.py","logger":"airflow.dag_processing.dagbag.BundleDagBag","filename":"dagbag.py","lineno":460}
{"timestamp":"2026-08-15T18:41:43.716694Z","level":"info","event":"Filling up the DagBag from /opt/airflow/dags/5_XOM_kwags.py","logger":"airflow.dag_processing.dagbag.BundleDagBag","filename":"dagbag.py","lineno":460}
{"timestamp":"2026-08-15T18:42:14.344646Z","level":"info","event":"Filling up the DagBag from /opt/airflow/dags/5_XOM_kwags.py","logger":"airflow.dag_processing.dagbag.BundleDagBag","filename":"dagbag.py","lineno":460}
{"timestamp":"2026-08-15T18:42:45.328572Z","level":"info","event":"Filling up the DagBag from /opt/airflow/dags/5_XOM_kwags.py","logger":"airflow.dag_processing.dagbag.BundleDagBag","filename":"dagbag.py","lineno":460}
{"timestamp":"2026-08-15T18:43:15.964564Z","level":"info","event":"Filling up the DagBag from /opt/airflow/dags/5_XOM_kwags.py","logger":"airflow.dag_processing.dagbag.BundleDagBag","filename":"dagbag.py","lineno":460}
{"timestamp":"2026-08-15T18:43:46.736922Z","level":"info","event":"Filling up the DagBag from /opt/airflow/dags/5_XOM_kwags.py","logger":"airflow.dag_processing.dagbag.BundleDagBag","filename":"dagbag.py","lineno":460}
{"timestamp":"2026-08-15T18:44:17.509292Z","level":"info","event":"Filling up the DagBag from /opt/airflow/dags/5_XOM_kwags.py","logger":"airflow.dag_processing.dagbag.BundleDagBag","filename":"dagbag.py","lineno":460}
{"timestamp":"2026-08-15T18:44:48.127481Z","level":"info","event":"Filling up the DagBag from /opt/airflow/dags/5_XOM_kwags.py","logger":"airflow.dag_processing.dagbag.BundleDagBag","filename":"dagbag.py","lineno":460}
{"timestamp":"2026-08-15T18:45:18.918301Z","level":"info","event":"Filling up the DagBag from /opt/airflow/dags/5_XOM_kwags.py","logger":"airflow.dag_processing.dagbag.BundleDagBag","filename":"dagbag.py","lineno":460}
{"timestamp":"2026-08-15T18:45:49.478140Z","level":"info","event":"Filling up the DagBag from /opt/airflow/dags/5_XOM_kwags.py","logger":"airflow.dag_processing.dagbag.BundleDagBag","filename":"dagbag.py","lineno":460}
{"timestamp":"2026-08-15T18:46:20.151256Z","level":"info","event":"Filling up the DagBag from /opt/airflow/dags/5_XOM_kwags.py","logger":"airflow.dag_processing.dagbag.BundleDagBag","filename":"dagbag.py","lineno":460}
{"timestamp":"2026-08-15T18:46:50.728131Z","level":"info","event":"Filling up the DagBag from /opt/airflow/dags/5_XOM_kwags.py","logger":"airflow.dag_processing.dagbag.BundleDagBag","filename":"dagbag.py","lineno":460}
{"timestamp":"2026-08-15T18:47:21.563822Z","level":"info","event":"Filling up the DagBag from /opt/airflow/dags/5_XOM_kwags.py","logger":"airflow.dag_processing.dagbag.BundleDagBag","filename":"dagbag.py","lineno":460}
