{"timestamp":"2026-08-15T18:23:37.941646Z","level":"info","event":"Filling up the DagBag from /opt/airflow/dags/6_parallel_task.py","logger":"airflow.dag_processing.dagbag.BundleDagBag","filename":"dagbag.py","lineno":460}
{"timestamp":"2026-08-15T18:23:39.182707Z","level":"info","event":"Filling up the DagBag from /opt/airflow/dags/6_parallel_task.py","logger":"airflow.dag_processing.dagbag.BundleDagBag","filename":"dagbag.py","lineno":460}
{"timestamp":"2026-08-15T18:23:42.436613Z","level":"info","event":"Filling up the DagBag from /opt/airflow/dags/6_parallel_task.py","logger":"airflow.dag_processing.dagbag.BundleDagBag","filename":"dagbag.py","lineno":460}
{"timestamp":"2026-08-15T18:23:47.785655Z","level":"info","event":"Filling up the DagBag from /opt/airflow/dags/6_parallel_task.py","logger":"airflow.dag_processing.dagbag.BundleDagBag","filename":"dagbag.py","lineno":460}
{"timestamp":"2026-08-15T18:23:53.013736Z","level":"info","event":"Filling up the DagBag from /opt/airflow/dags/6_parallel_task.py","logger":"airflow.dag_processing.dagbag.BundleDagBag","filename":"dagbag.py","lineno":460}
{"timestamp":"2026-08-15T18:23:53.064418Z","level":"error","event":"Failed to import: /opt/airflow/dags/6_parallel_task.py","logger":"airflow.dag_processing.importers.python_importer","filename":"python_importer.py","lineno":244,"error_detail":[{"exc_type":"SyntaxError","exc_value":"invalid syntax (6_parallel_task.py, line 19)","exc_notes":[],"syntax_error":{"offset":34,"filename":"/opt/airflow/dags/6_parallel_task.py","line":"        trans_postgresql_data =  \n","lineno":19,"msg":"invalid syntax"},"is_cause":false,"frames":[{"filename":"/home/airflow/.local/lib/python3.13/site-packages/airflow/dag_processing/importers/python_importer.py","lineno":238,"name":"parse"},{"filename":"<frozen importlib._bootstrap_external>","lineno":1019,"name":"exec_module"},{"filename":"<frozen importlib._bootstrap_external>","lineno":1157,"name":"get_code"},{"filename":"<frozen importlib._bootstrap_external>","lineno":1087,"name":"source_to_code"},{"filename":"<frozen importlib._bootstrap>","lineno":488,"name":"_call_with_frames_removed"}],"is_group":false,"exceptions":[]}]}
{"timestamp":"2026-08-15T18:23:53.067312Z","level":"error","event":"Error loading DAG from 6_parallel_task.py: invalid syntax (6_parallel_task.py, line 19)","logger":"airflow.dag_processing.dagbag.BundleDagBag","filename":"dagbag.py","lineno":319}
{"timestamp":"2026-08-15T18:23:58.472675Z","level":"info","event":"Filling up the DagBag from /opt/airflow/dags/6_parallel_task.py","logger":"airflow.dag_processing.dagbag.BundleDagBag","filename":"dagbag.py","lineno":460}
{"timestamp":"2026-08-15T18:24:01.788053Z","level":"info","event":"Filling up the DagBag from /opt/airflow/dags/6_parallel_task.py","logger":"airflow.dag_processing.dagbag.BundleDagBag","filename":"dagbag.py","lineno":460}
{"timestamp":"2026-08-15T18:24:07.144614Z","level":"info","event":"Filling up the DagBag from /opt/airflow/dags/6_parallel_task.py","logger":"airflow.dag_processing.dagbag.BundleDagBag","filename":"dagbag.py","lineno":460}
{"timestamp":"2026-08-15T18:24:07.189453Z","level":"error","event":"Failed to import: /opt/airflow/dags/6_parallel_task.py","logger":"airflow.dag_processing.importers.python_importer","filename":"python_importer.py","lineno":244,"error_detail":[{"exc_type":"SyntaxError","exc_value":"invalid syntax (6_parallel_task.py, line 19)","exc_notes":[],"syntax_error":{"offset":49,"filename":"/opt/airflow/dags/6_parallel_task.py","line":"        trans_postgresql_data = [i * 2 for i in ] \n","lineno":19,"msg":"invalid syntax"},"is_cause":false,"frames":[{"filename":"/home/airflow/.local/lib/python3.13/site-packages/airflow/dag_processing/importers/python_importer.py","lineno":238,"name":"parse"},{"filename":"<frozen importlib._bootstrap_external>","lineno":1019,"name":"exec_module"},{"filename":"<frozen importlib._bootstrap_external>","lineno":1157,"name":"get_code"},{"filename":"<frozen importlib._bootstrap_external>","lineno":1087,"name":"source_to_code"},{"filename":"<frozen importlib._bootstrap>","lineno":488,"name":"_call_with_frames_removed"}],"is_group":false,"exceptions":[]}]}
{"timestamp":"2026-08-15T18:24:07.191852Z","level":"error","event":"Error loading DAG from 6_parallel_task.py: invalid syntax (6_parallel_task.py, line 19)","logger":"airflow.dag_processing.dagbag.BundleDagBag","filename":"dagbag.py","lineno":319}
{"timestamp":"2026-08-15T18:24:09.369507Z","level":"info","event":"Filling up the DagBag from /opt/airflow/dags/6_parallel_task.py","logger":"airflow.dag_processing.dagbag.BundleDagBag","filename":"dagbag.py","lineno":460}
{"timestamp":"2026-08-15T18:24:13.636350Z","level":"info","event":"Filling up the DagBag from /opt/airflow/dags/6_parallel_task.py","logger":"airflow.dag_processing.dagbag.BundleDagBag","filename":"dagbag.py","lineno":460}
{"timestamp":"2026-08-15T18:24:20.537785Z","level":"info","event":"Filling up the DagBag from /opt/airflow/dags/6_parallel_task.py","logger":"airflow.dag_processing.dagbag.BundleDagBag","filename":"dagbag.py","lineno":460}
{"timestamp":"2026-08-15T18:24:51.600449Z","level":"info","event":"Filling up the DagBag from /opt/airflow/dags/6_parallel_task.py","logger":"airflow.dag_processing.dagbag.BundleDagBag","filename":"dagbag.py","lineno":460}
{"timestamp":"2026-08-15T18:25:21.643835Z","level":"info","event":"Filling up the DagBag from /opt/airflow/dags/6_parallel_task.py","logger":"airflow.dag_processing.dagbag.BundleDagBag","filename":"dagbag.py","lineno":460}
{"timestamp":"2026-08-15T18:25:32.986880Z","level":"info","event":"Filling up the DagBag from /opt/airflow/dags/6_parallel_task.py","logger":"airflow.dag_processing.dagbag.BundleDagBag","filename":"dagbag.py","lineno":460}
{"timestamp":"2026-08-15T18:25:35.335255Z","level":"info","event":"Filling up the DagBag from /opt/airflow/dags/6_parallel_task.py","logger":"airflow.dag_processing.dagbag.BundleDagBag","filename":"dagbag.py","lineno":460}
{"timestamp":"2026-08-15T18:25:38.623562Z","level":"info","event":"Filling up the DagBag from /opt/airflow/dags/6_parallel_task.py","logger":"airflow.dag_processing.dagbag.BundleDagBag","filename":"dagbag.py","lineno":460}
{"timestamp":"2026-08-15T18:25:48.098341Z","level":"info","event":"Filling up the DagBag from /opt/airflow/dags/6_parallel_task.py","logger":"airflow.dag_processing.dagbag.BundleDagBag","filename":"dagbag.py","lineno":460}
{"timestamp":"2026-08-15T18:25:48.138641Z","level":"error","event":"Failed to import: /opt/airflow/dags/6_parallel_task.py","logger":"airflow.dag_processing.importers.python_importer","filename":"python_importer.py","lineno":244,"error_detail":[{"exc_type":"SyntaxError","exc_value":"invalid syntax (6_parallel_task.py, line 24)","exc_notes":[],"syntax_error":{"offset":8,"filename":"/opt/airflow/dags/6_parallel_task.py","line":"    def\n","lineno":24,"msg":"invalid syntax"},"is_cause":false,"frames":[{"filename":"/home/airflow/.local/lib/python3.13/site-packages/airflow/dag_processing/importers/python_importer.py","lineno":238,"name":"parse"},{"filename":"<frozen importlib._bootstrap_external>","lineno":1019,"name":"exec_module"},{"filename":"<frozen importlib._bootstrap_external>","lineno":1157,"name":"get_code"},{"filename":"<frozen importlib._bootstrap_external>","lineno":1087,"name":"source_to_code"},{"filename":"<frozen importlib._bootstrap>","lineno":488,"name":"_call_with_frames_removed"}],"is_group":false,"exceptions":[]}]}
{"timestamp":"2026-08-15T18:25:48.140041Z","level":"error","event":"Error loading DAG from 6_parallel_task.py: invalid syntax (6_parallel_task.py, line 24)","logger":"airflow.dag_processing.dagbag.BundleDagBag","filename":"dagbag.py","lineno":319}
{"timestamp":"2026-08-15T18:25:49.264838Z","level":"info","event":"Filling up the DagBag from /opt/airflow/dags/6_parallel_task.py","logger":"airflow.dag_processing.dagbag.BundleDagBag","filename":"dagbag.py","lineno":460}
{"timestamp":"2026-08-15T18:25:55.102794Z","level":"info","event":"Filling up the DagBag from /opt/airflow/dags/6_parallel_task.py","logger":"airflow.dag_processing.dagbag.BundleDagBag","filename":"dagbag.py","lineno":460}
{"timestamp":"2026-08-15T18:25:59.496694Z","level":"info","event":"Filling up the DagBag from /opt/airflow/dags/6_parallel_task.py","logger":"airflow.dag_processing.dagbag.BundleDagBag","filename":"dagbag.py","lineno":460}
{"timestamp":"2026-08-15T18:26:03.853789Z","level":"info","event":"Filling up the DagBag from /opt/airflow/dags/6_parallel_task.py","logger":"airflow.dag_processing.dagbag.BundleDagBag","filename":"dagbag.py","lineno":460}
{"timestamp":"2026-08-15T18:26:15.398574Z","level":"info","event":"Filling up the DagBag from /opt/airflow/dags/6_parallel_task.py","logger":"airflow.dag_processing.dagbag.BundleDagBag","filename":"dagbag.py","lineno":460}
{"timestamp":"2026-08-15T18:26:23.993305Z","level":"info","event":"Filling up the DagBag from /opt/airflow/dags/6_parallel_task.py","logger":"airflow.dag_processing.dagbag.BundleDagBag","filename":"dagbag.py","lineno":460}
{"timestamp":"2026-08-15T18:26:33.282403Z","level":"info","event":"Filling up the DagBag from /opt/airflow/dags/6_parallel_task.py","logger":"airflow.dag_processing.dagbag.BundleDagBag","filename":"dagbag.py","lineno":460}
{"timestamp":"2026-08-15T18:26:41.749359Z","level":"info","event":"Filling up the DagBag from /opt/airflow/dags/6_parallel_task.py","logger":"airflow.dag_processing.dagbag.BundleDagBag","filename":"dagbag.py","lineno":460}
{"timestamp":"2026-08-15T18:26:47.208705Z","level":"info","event":"Filling up the DagBag from /opt/airflow/dags/6_parallel_task.py","logger":"airflow.dag_processing.dagbag.BundleDagBag","filename":"dagbag.py","lineno":460}
{"timestamp":"2026-08-15T18:26:50.644591Z","level":"info","event":"Filling up the DagBag from /opt/airflow/dags/6_parallel_task.py","logger":"airflow.dag_processing.dagbag.BundleDagBag","filename":"dagbag.py","lineno":460}
{"timestamp":"2026-08-15T18:26:54.263423Z","level":"info","event":"Filling up the DagBag from /opt/airflow/dags/6_parallel_task.py","logger":"airflow.dag_processing.dagbag.BundleDagBag","filename":"dagbag.py","lineno":460}
{"timestamp":"2026-08-15T18:26:55.549515Z","level":"info","event":"Filling up the DagBag from /opt/airflow/dags/6_parallel_task.py","logger":"airflow.dag_processing.dagbag.BundleDagBag","filename":"dagbag.py","lineno":460}
{"timestamp":"2026-08-15T18:26:58.289351Z","level":"info","event":"Filling up the DagBag from /opt/airflow/dags/6_parallel_task.py","logger":"airflow.dag_processing.dagbag.BundleDagBag","filename":"dagbag.py","lineno":460}
{"timestamp":"2026-08-15T18:27:00.517270Z","level":"info","event":"Filling up the DagBag from /opt/airflow/dags/6_parallel_task.py","logger":"airflow.dag_processing.dagbag.BundleDagBag","filename":"dagbag.py","lineno":460}
{"timestamp":"2026-08-15T18:27:17.148927Z","level":"info","event":"Filling up the DagBag from /opt/airflow/dags/6_parallel_task.py","logger":"airflow.dag_processing.dagbag.BundleDagBag","filename":"dagbag.py","lineno":460}
{"timestamp":"2026-08-15T18:27:21.469007Z","level":"info","event":"Filling up the DagBag from /opt/airflow/dags/6_parallel_task.py","logger":"airflow.dag_processing.dagbag.BundleDagBag","filename":"dagbag.py","lineno":460}
{"timestamp":"2026-08-15T18:27:23.719426Z","level":"info","event":"Filling up the DagBag from /opt/airflow/dags/6_parallel_task.py","logger":"airflow.dag_processing.dagbag.BundleDagBag","filename":"dagbag.py","lineno":460}
{"timestamp":"2026-08-15T18:27:25.104813Z","level":"info","event":"Filling up the DagBag from /opt/airflow/dags/6_parallel_task.py","logger":"airflow.dag_processing.dagbag.BundleDagBag","filename":"dagbag.py","lineno":460}
{"timestamp":"2026-08-15T18:27:28.315714Z","level":"info","event":"Filling up the DagBag from /opt/airflow/dags/6_parallel_task.py","logger":"airflow.dag_processing.dagbag.BundleDagBag","filename":"dagbag.py","lineno":460}
{"timestamp":"2026-08-15T18:27:33.641368Z","level":"info","event":"Filling up the DagBag from /opt/airflow/dags/6_parallel_task.py","logger":"airflow.dag_processing.dagbag.BundleDagBag","filename":"dagbag.py","lineno":460}
{"timestamp":"2026-08-15T18:27:38.940494Z","level":"info","event":"Filling up the DagBag from /opt/airflow/dags/6_parallel_task.py","logger":"airflow.dag_processing.dagbag.BundleDagBag","filename":"dagbag.py","lineno":460}
{"timestamp":"2026-08-15T18:28:08.189458Z","level":"info","event":"Filling up the DagBag from /opt/airflow/dags/6_parallel_task.py","logger":"airflow.dag_processing.dagbag.BundleDagBag","filename":"dagbag.py","lineno":460}
{"timestamp":"2026-08-15T18:28:17.779791Z","level":"info","event":"Filling up the DagBag from /opt/airflow/dags/6_parallel_task.py","logger":"airflow.dag_processing.dagbag.BundleDagBag","filename":"dagbag.py","lineno":460}
{"timestamp":"2026-08-15T18:28:17.824883Z","level":"error","event":"Failed to import: /opt/airflow/dags/6_parallel_task.py","logger":"airflow.dag_processing.importers.python_importer","filename":"python_importer.py","lineno":244,"error_detail":[{"exc_type":"IndentationError","exc_value":"unexpected unindent (6_parallel_task.py, line 38)","exc_notes":[],"syntax_error":{"offset":5,"filename":"/opt/airflow/dags/6_parallel_task.py","line":"    ","lineno":38,"msg":"unexpected unindent"},"is_cause":false,"frames":[{"filename":"/home/airflow/.local/lib/python3.13/site-packages/airflow/dag_processing/importers/python_importer.py","lineno":238,"name":"parse"},{"filename":"<frozen importlib._bootstrap_external>","lineno":1019,"name":"exec_module"},{"filename":"<frozen importlib._bootstrap_external>","lineno":1157,"name":"get_code"},{"filename":"<frozen importlib._bootstrap_external>","lineno":1087,"name":"source_to_code"},{"filename":"<frozen importlib._bootstrap>","lineno":488,"name":"_call_with_frames_removed"}],"is_group":false,"exceptions":[]}]}
{"timestamp":"2026-08-15T18:28:17.826747Z","level":"error","event":"Error loading DAG from 6_parallel_task.py: unexpected unindent (6_parallel_task.py, line 38)","logger":"airflow.dag_processing.dagbag.BundleDagBag","filename":"dagbag.py","lineno":319}
{"timestamp":"2026-08-15T18:28:20.039009Z","level":"info","event":"Filling up the DagBag from /opt/airflow/dags/6_parallel_task.py","logger":"airflow.dag_processing.dagbag.BundleDagBag","filename":"dagbag.py","lineno":460}
{"timestamp":"2026-08-15T18:28:27.719990Z","level":"info","event":"Filling up the DagBag from /opt/airflow/dags/6_parallel_task.py","logger":"airflow.dag_processing.dagbag.BundleDagBag","filename":"dagbag.py","lineno":460}
{"timestamp":"2026-08-15T18:28:58.476693Z","level":"info","event":"Filling up the DagBag from /opt/airflow/dags/6_parallel_task.py","logger":"airflow.dag_processing.dagbag.BundleDagBag","filename":"dagbag.py","lineno":460}
{"timestamp":"2026-08-15T18:29:00.236298Z","level":"info","event":"Filling up the DagBag from /opt/airflow/dags/6_parallel_task.py","logger":"airflow.dag_processing.dagbag.BundleDagBag","filename":"dagbag.py","lineno":460}
{"timestamp":"2026-08-15T18:29:05.590696Z","level":"info","event":"Filling up the DagBag from /opt/airflow/dags/6_parallel_task.py","logger":"airflow.dag_processing.dagbag.BundleDagBag","filename":"dagbag.py","lineno":460}
{"timestamp":"2026-08-15T18:29:07.826139Z","level":"info","event":"Filling up the DagBag from /opt/airflow/dags/6_parallel_task.py","logger":"airflow.dag_processing.dagbag.BundleDagBag","filename":"dagbag.py","lineno":460}
{"timestamp":"2026-08-15T18:29:13.141874Z","level":"info","event":"Filling up the DagBag from /opt/airflow/dags/6_parallel_task.py","logger":"airflow.dag_processing.dagbag.BundleDagBag","filename":"dagbag.py","lineno":460}
{"timestamp":"2026-08-15T18:29:14.493956Z","level":"info","event":"Filling up the DagBag from /opt/airflow/dags/6_parallel_task.py","logger":"airflow.dag_processing.dagbag.BundleDagBag","filename":"dagbag.py","lineno":460}
{"timestamp":"2026-08-15T18:29:14.539705Z","level":"error","event":"Failed to import: /opt/airflow/dags/6_parallel_task.py","logger":"airflow.dag_processing.importers.python_importer","filename":"python_importer.py","lineno":244,"error_detail":[{"exc_type":"IndentationError","exc_value":"expected an indented block after function definition on line 38 (6_parallel_task.py, line 39)","exc_notes":[],"syntax_error":{"offset":9,"filename":"/opt/airflow/dags/6_parallel_task.py","line":"        ","lineno":39,"msg":"expected an indented block after function definition on line 38"},"is_cause":false,"frames":[{"filename":"/home/airflow/.local/lib/python3.13/site-packages/airflow/dag_processing/importers/python_importer.py","lineno":238,"name":"parse"},{"filename":"<frozen importlib._bootstrap_external>","lineno":1019,"name":"exec_module"},{"filename":"<frozen importlib._bootstrap_external>","lineno":1157,"name":"get_code"},{"filename":"<frozen importlib._bootstrap_external>","lineno":1087,"name":"source_to_code"},{"filename":"<frozen importlib._bootstrap>","lineno":488,"name":"_call_with_frames_removed"}],"is_group":false,"exceptions":[]}]}
{"timestamp":"2026-08-15T18:29:14.541365Z","level":"error","event":"Error loading DAG from 6_parallel_task.py: expected an indented block after function definition on line 38 (6_parallel_task.py, line 39)","logger":"airflow.dag_processing.dagbag.BundleDagBag","filename":"dagbag.py","lineno":319}
{"timestamp":"2026-08-15T18:29:19.826499Z","level":"info","event":"Filling up the DagBag from /opt/airflow/dags/6_parallel_task.py","logger":"airflow.dag_processing.dagbag.BundleDagBag","filename":"dagbag.py","lineno":460}
{"timestamp":"2026-08-15T18:29:22.073767Z","level":"info","event":"Filling up the DagBag from /opt/airflow/dags/6_parallel_task.py","logger":"airflow.dag_processing.dagbag.BundleDagBag","filename":"dagbag.py","lineno":460}
{"timestamp":"2026-08-15T18:29:25.424831Z","level":"info","event":"Filling up the DagBag from /opt/airflow/dags/6_parallel_task.py","logger":"airflow.dag_processing.dagbag.BundleDagBag","filename":"dagbag.py","lineno":460}
{"timestamp":"2026-08-15T18:29:37.011205Z","level":"info","event":"Filling up the DagBag from /opt/airflow/dags/6_parallel_task.py","logger":"airflow.dag_processing.dagbag.BundleDagBag","filename":"dagbag.py","lineno":460}
{"timestamp":"2026-08-15T18:29:47.608144Z","level":"info","event":"Filling up the DagBag from /opt/airflow/dags/6_parallel_task.py","logger":"airflow.dag_processing.dagbag.BundleDagBag","filename":"dagbag.py","lineno":460}
{"timestamp":"2026-08-15T18:29:49.946490Z","level":"info","event":"Filling up the DagBag from /opt/airflow/dags/6_parallel_task.py","logger":"airflow.dag_processing.dagbag.BundleDagBag","filename":"dagbag.py","lineno":460}
{"timestamp":"2026-08-15T18:29:52.202369Z","level":"info","event":"Filling up the DagBag from /opt/airflow/dags/6_parallel_task.py","logger":"airflow.dag_processing.dagbag.BundleDagBag","filename":"dagbag.py","lineno":460}
{"timestamp":"2026-08-15T18:29:54.555662Z","level":"info","event":"Filling up the DagBag from /opt/airflow/dags/6_parallel_task.py","logger":"airflow.dag_processing.dagbag.BundleDagBag","filename":"dagbag.py","lineno":460}
{"timestamp":"2026-08-15T18:29:55.898330Z","level":"info","event":"Filling up the DagBag from /opt/airflow/dags/6_parallel_task.py","logger":"airflow.dag_processing.dagbag.BundleDagBag","filename":"dagbag.py","lineno":460}
{"timestamp":"2026-08-15T18:30:00.093700Z","level":"info","event":"Filling up the DagBag from /opt/airflow/dags/6_parallel_task.py","logger":"airflow.dag_processing.dagbag.BundleDagBag","filename":"dagbag.py","lineno":460}
{"timestamp":"2026-08-15T18:30:05.402499Z","level":"info","event":"Filling up the DagBag from /opt/airflow/dags/6_parallel_task.py","logger":"airflow.dag_processing.dagbag.BundleDagBag","filename":"dagbag.py","lineno":460}
{"timestamp":"2026-08-15T18:30:06.680402Z","level":"info","event":"Filling up the DagBag from /opt/airflow/dags/6_parallel_task.py","logger":"airflow.dag_processing.dagbag.BundleDagBag","filename":"dagbag.py","lineno":460}
{"timestamp":"2026-08-15T18:30:07.970943Z","level":"info","event":"Filling up the DagBag from /opt/airflow/dags/6_parallel_task.py","logger":"airflow.dag_processing.dagbag.BundleDagBag","filename":"dagbag.py","lineno":460}
{"timestamp":"2026-08-15T18:30:12.333792Z","level":"info","event":"Filling up the DagBag from /opt/airflow/dags/6_parallel_task.py","logger":"airflow.dag_processing.dagbag.BundleDagBag","filename":"dagbag.py","lineno":460}
{"timestamp":"2026-08-15T18:30:17.745111Z","level":"info","event":"Filling up the DagBag from /opt/airflow/dags/6_parallel_task.py","logger":"airflow.dag_processing.dagbag.BundleDagBag","filename":"dagbag.py","lineno":460}
{"timestamp":"2026-08-15T18:30:19.987940Z","level":"info","event":"Filling up the DagBag from /opt/airflow/dags/6_parallel_task.py","logger":"airflow.dag_processing.dagbag.BundleDagBag","filename":"dagbag.py","lineno":460}
{"timestamp":"2026-08-15T18:30:20.034103Z","level":"error","event":"Failed to import: /opt/airflow/dags/6_parallel_task.py","logger":"airflow.dag_processing.importers.python_importer","filename":"python_importer.py","lineno":244,"error_detail":[{"exc_type":"SyntaxError","exc_value":"f-string: valid expression required before '}' (6_parallel_task.py, line 39)","exc_notes":[],"syntax_error":{"offset":38,"filename":"/opt/airflow/dags/6_parallel_task.py","line":"        return f\"echo 'Loaded data: {}'\"\n","lineno":39,"msg":"f-string: valid expression required before '}'"},"is_cause":false,"frames":[{"filename":"/home/airflow/.local/lib/python3.13/site-packages/airflow/dag_processing/importers/python_importer.py","lineno":238,"name":"parse"},{"filename":"<frozen importlib._bootstrap_external>","lineno":1019,"name":"exec_module"},{"filename":"<frozen importlib._bootstrap_external>","lineno":1157,"name":"get_code"},{"filename":"<frozen importlib._bootstrap_external>","lineno":1087,"name":"source_to_code"},{"filename":"<frozen importlib._bootstrap>","lineno":488,"name":"_call_with_frames_removed"}],"is_group":false,"exceptions":[]}]}
{"timestamp":"2026-08-15T18:30:20.036550Z","level":"error","event":"Error loading DAG from 6_parallel_task.py: f-string: valid expression required before '}' (6_parallel_task.py, line 39)","logger":"airflow.dag_processing.dagbag.BundleDagBag","filename":"dagbag.py","lineno":319}
{"timestamp":"2026-08-15T18:30:27.358844Z","level":"info","event":"Filling up the DagBag from /opt/airflow/dags/6_parallel_task.py","logger":"airflow.dag_processing.dagbag.BundleDagBag","filename":"dagbag.py","lineno":460}
{"timestamp":"2026-08-15T18:30:28.684493Z","level":"info","event":"Filling up the DagBag from /opt/airflow/dags/6_parallel_task.py","logger":"airflow.dag_processing.dagbag.BundleDagBag","filename":"dagbag.py","lineno":460}
{"timestamp":"2026-08-15T18:30:30.372040Z","level":"info","event":"Filling up the DagBag from /opt/airflow/dags/6_parallel_task.py","logger":"airflow.dag_processing.dagbag.BundleDagBag","filename":"dagbag.py","lineno":460}
{"timestamp":"2026-08-15T18:30:30.417210Z","level":"error","event":"Failed to import: /opt/airflow/dags/6_parallel_task.py","logger":"airflow.dag_processing.importers.python_importer","filename":"python_importer.py","lineno":244,"error_detail":[{"exc_type":"SyntaxError","exc_value":"f-string: valid expression required before '}' (6_parallel_task.py, line 39)","exc_notes":[],"syntax_error":{"offset":49,"filename":"/opt/airflow/dags/6_parallel_task.py","line":"        return f\"echo 'Loaded data: {postgre}, {}'\"\n","lineno":39,"msg":"f-string: valid expression required before '}'"},"is_cause":false,"frames":[{"filename":"/home/airflow/.local/lib/python3.13/site-packages/airflow/dag_processing/importers/python_importer.py","lineno":238,"name":"parse"},{"filename":"<frozen importlib._bootstrap_external>","lineno":1019,"name":"exec_module"},{"filename":"<frozen importlib._bootstrap_external>","lineno":1157,"name":"get_code"},{"filename":"<frozen importlib._bootstrap_external>","lineno":1087,"name":"source_to_code"},{"filename":"<frozen importlib._bootstrap>","lineno":488,"name":"_call_with_frames_removed"}],"is_group":false,"exceptions":[]}]}
{"timestamp":"2026-08-15T18:30:30.418369Z","level":"error","event":"Error loading DAG from 6_parallel_task.py: f-string: valid expression required before '}' (6_parallel_task.py, line 39)","logger":"airflow.dag_processing.dagbag.BundleDagBag","filename":"dagbag.py","lineno":319}
{"timestamp":"2026-08-15T18:30:32.650912Z","level":"info","event":"Filling up the DagBag from /opt/airflow/dags/6_parallel_task.py","logger":"airflow.dag_processing.dagbag.BundleDagBag","filename":"dagbag.py","lineno":460}
{"timestamp":"2026-08-15T18:30:33.904061Z","level":"info","event":"Filling up the DagBag from /opt/airflow/dags/6_parallel_task.py","logger":"airflow.dag_processing.dagbag.BundleDagBag","filename":"dagbag.py","lineno":460}
{"timestamp":"2026-08-15T18:30:38.338642Z","level":"info","event":"Filling up the DagBag from /opt/airflow/dags/6_parallel_task.py","logger":"airflow.dag_processing.dagbag.BundleDagBag","filename":"dagbag.py","lineno":460}
{"timestamp":"2026-08-15T18:30:41.605527Z","level":"info","event":"Filling up the DagBag from /opt/airflow/dags/6_parallel_task.py","logger":"airflow.dag_processing.dagbag.BundleDagBag","filename":"dagbag.py","lineno":460}
{"timestamp":"2026-08-15T18:30:41.632590Z","level":"error","event":"Failed to import: /opt/airflow/dags/6_parallel_task.py","logger":"airflow.dag_processing.importers.python_importer","filename":"python_importer.py","lineno":244,"error_detail":[{"exc_type":"SyntaxError","exc_value":"unterminated f-string literal (detected at line 39) (6_parallel_task.py, line 39)","exc_notes":[],"syntax_error":{"offset":16,"filename":"/opt/airflow/dags/6_parallel_task.py","line":"        return f\"echo 'Loaded data: {postgre}, {s3}, Papi","lineno":39,"msg":"unterminated f-string literal (detected at line 39)"},"is_cause":false,"frames":[{"filename":"/home/airflow/.local/lib/python3.13/site-packages/airflow/dag_processing/importers/python_importer.py","lineno":238,"name":"parse"},{"filename":"<frozen importlib._bootstrap_external>","lineno":1019,"name":"exec_module"},{"filename":"<frozen importlib._bootstrap_external>","lineno":1157,"name":"get_code"},{"filename":"<frozen importlib._bootstrap_external>","lineno":1087,"name":"source_to_code"},{"filename":"<frozen importlib._bootstrap>","lineno":488,"name":"_call_with_frames_removed"}],"is_group":false,"exceptions":[]}]}
{"timestamp":"2026-08-15T18:30:41.634380Z","level":"error","event":"Error loading DAG from 6_parallel_task.py: unterminated f-string literal (detected at line 39) (6_parallel_task.py, line 39)","logger":"airflow.dag_processing.dagbag.BundleDagBag","filename":"dagbag.py","lineno":319}
{"timestamp":"2026-08-15T18:30:42.876572Z","level":"info","event":"Filling up the DagBag from /opt/airflow/dags/6_parallel_task.py","logger":"airflow.dag_processing.dagbag.BundleDagBag","filename":"dagbag.py","lineno":460}
{"timestamp":"2026-08-15T18:30:45.199132Z","level":"info","event":"Filling up the DagBag from /opt/airflow/dags/6_parallel_task.py","logger":"airflow.dag_processing.dagbag.BundleDagBag","filename":"dagbag.py","lineno":460}
{"timestamp":"2026-08-15T18:31:15.709326Z","level":"info","event":"Filling up the DagBag from /opt/airflow/dags/6_parallel_task.py","logger":"airflow.dag_processing.dagbag.BundleDagBag","filename":"dagbag.py","lineno":460}
{"timestamp":"2026-08-15T18:31:19.005854Z","level":"info","event":"Filling up the DagBag from /opt/airflow/dags/6_parallel_task.py","logger":"airflow.dag_processing.dagbag.BundleDagBag","filename":"dagbag.py","lineno":460}
{"timestamp":"2026-08-15T18:31:22.247524Z","level":"info","event":"Filling up the DagBag from /opt/airflow/dags/6_parallel_task.py","logger":"airflow.dag_processing.dagbag.BundleDagBag","filename":"dagbag.py","lineno":460}
{"timestamp":"2026-08-15T18:31:24.539523Z","level":"info","event":"Filling up the DagBag from /opt/airflow/dags/6_parallel_task.py","logger":"airflow.dag_processing.dagbag.BundleDagBag","filename":"dagbag.py","lineno":460}
{"timestamp":"2026-08-15T18:31:43.091918Z","level":"info","event":"Filling up the DagBag from /opt/airflow/dags/6_parallel_task.py","logger":"airflow.dag_processing.dagbag.BundleDagBag","filename":"dagbag.py","lineno":460}
{"timestamp":"2026-08-15T18:31:44.311464Z","level":"info","event":"Filling up the DagBag from /opt/airflow/dags/6_parallel_task.py","logger":"airflow.dag_processing.dagbag.BundleDagBag","filename":"dagbag.py","lineno":460}
{"timestamp":"2026-08-15T18:32:07.859134Z","level":"info","event":"Filling up the DagBag from /opt/airflow/dags/6_parallel_task.py","logger":"airflow.dag_processing.dagbag.BundleDagBag","filename":"dagbag.py","lineno":460}
{"timestamp":"2026-08-15T18:32:13.297377Z","level":"info","event":"Filling up the DagBag from /opt/airflow/dags/6_parallel_task.py","logger":"airflow.dag_processing.dagbag.BundleDagBag","filename":"dagbag.py","lineno":460}
{"timestamp":"2026-08-15T18:32:13.351731Z","level":"error","event":"Failed to import: /opt/airflow/dags/6_parallel_task.py","logger":"airflow.dag_processing.importers.python_importer","filename":"python_importer.py","lineno":244,"error_detail":[{"exc_type":"SyntaxError","exc_value":"invalid syntax (6_parallel_task.py, line 42)","exc_notes":[],"syntax_error":{"offset":21,"filename":"/opt/airflow/dags/6_parallel_task.py","line":"    t_prostgresql = ","lineno":42,"msg":"invalid syntax"},"is_cause":false,"frames":[{"filename":"/home/airflow/.local/lib/python3.13/site-packages/airflow/dag_processing/importers/python_importer.py","lineno":238,"name":"parse"},{"filename":"<frozen importlib._bootstrap_external>","lineno":1019,"name":"exec_module"},{"filename":"<frozen importlib._bootstrap_external>","lineno":1157,"name":"get_code"},{"filename":"<frozen importlib._bootstrap_external>","lineno":1087,"name":"source_to_code"},{"filename":"<frozen importlib._bootstrap>","lineno":488,"name":"_call_with_frames_removed"}],"is_group":false,"exceptions":[]}]}
{"timestamp":"2026-08-15T18:32:13.354878Z","level":"error","event":"Error loading DAG from 6_parallel_task.py: invalid syntax (6_parallel_task.py, line 42)","logger":"airflow.dag_processing.dagbag.BundleDagBag","filename":"dagbag.py","lineno":319}
{"timestamp":"2026-08-15T18:32:16.703043Z","level":"info","event":"Filling up the DagBag from /opt/airflow/dags/6_parallel_task.py","logger":"airflow.dag_processing.dagbag.BundleDagBag","filename":"dagbag.py","lineno":460}
{"timestamp":"2026-08-15T18:32:19.977182Z","level":"info","event":"Filling up the DagBag from /opt/airflow/dags/6_parallel_task.py","logger":"airflow.dag_processing.dagbag.BundleDagBag","filename":"dagbag.py","lineno":460}
{"timestamp":"2026-08-15T18:32:21.274597Z","level":"info","event":"Filling up the DagBag from /opt/airflow/dags/6_parallel_task.py","logger":"airflow.dag_processing.dagbag.BundleDagBag","filename":"dagbag.py","lineno":460}
{"timestamp":"2026-08-15T18:32:22.546249Z","level":"info","event":"Filling up the DagBag from /opt/airflow/dags/6_parallel_task.py","logger":"airflow.dag_processing.dagbag.BundleDagBag","filename":"dagbag.py","lineno":460}
{"timestamp":"2026-08-15T18:32:23.829602Z","level":"info","event":"Filling up the DagBag from /opt/airflow/dags/6_parallel_task.py","logger":"airflow.dag_processing.dagbag.BundleDagBag","filename":"dagbag.py","lineno":460}
{"timestamp":"2026-08-15T18:32:33.211844Z","level":"info","event":"Filling up the DagBag from /opt/airflow/dags/6_parallel_task.py","logger":"airflow.dag_processing.dagbag.BundleDagBag","filename":"dagbag.py","lineno":460}
{"timestamp":"2026-08-15T18:32:37.554911Z","level":"info","event":"Filling up the DagBag from /opt/airflow/dags/6_parallel_task.py","logger":"airflow.dag_processing.dagbag.BundleDagBag","filename":"dagbag.py","lineno":460}
{"timestamp":"2026-08-15T18:32:44.914634Z","level":"info","event":"Filling up the DagBag from /opt/airflow/dags/6_parallel_task.py","logger":"airflow.dag_processing.dagbag.BundleDagBag","filename":"dagbag.py","lineno":460}
{"timestamp":"2026-08-15T18:32:44.952329Z","level":"error","event":"Failed to import: /opt/airflow/dags/6_parallel_task.py","logger":"airflow.dag_processing.importers.python_importer","filename":"python_importer.py","lineno":244,"error_detail":[{"exc_type":"SyntaxError","exc_value":"invalid syntax (6_parallel_task.py, line 43)","exc_notes":[],"syntax_error":{"offset":12,"filename":"/opt/airflow/dags/6_parallel_task.py","line":"    t_s1 = ","lineno":43,"msg":"invalid syntax"},"is_cause":false,"frames":[{"filename":"/home/airflow/.local/lib/python3.13/site-packages/airflow/dag_processing/importers/python_importer.py","lineno":238,"name":"parse"},{"filename":"<frozen importlib._bootstrap_external>","lineno":1019,"name":"exec_module"},{"filename":"<frozen importlib._bootstrap_external>","lineno":1157,"name":"get_code"},{"filename":"<frozen importlib._bootstrap_external>","lineno":1087,"name":"source_to_code"},{"filename":"<frozen importlib._bootstrap>","lineno":488,"name":"_call_with_frames_removed"}],"is_group":false,"exceptions":[]}]}
{"timestamp":"2026-08-15T18:32:44.953864Z","level":"error","event":"Error loading DAG from 6_parallel_task.py: invalid syntax (6_parallel_task.py, line 43)","logger":"airflow.dag_processing.dagbag.BundleDagBag","filename":"dagbag.py","lineno":319}
{"timestamp":"2026-08-15T18:32:55.551992Z","level":"info","event":"Filling up the DagBag from /opt/airflow/dags/6_parallel_task.py","logger":"airflow.dag_processing.dagbag.BundleDagBag","filename":"dagbag.py","lineno":460}
{"timestamp":"2026-08-15T18:32:55.589396Z","level":"error","event":"Failed to import: /opt/airflow/dags/6_parallel_task.py","logger":"airflow.dag_processing.importers.python_importer","filename":"python_importer.py","lineno":244,"error_detail":[{"exc_type":"SyntaxError","exc_value":"invalid syntax (6_parallel_task.py, line 43)","exc_notes":[],"syntax_error":{"offset":12,"filename":"/opt/airflow/dags/6_parallel_task.py","line":"    t_s3 = ","lineno":43,"msg":"invalid syntax"},"is_cause":false,"frames":[{"filename":"/home/airflow/.local/lib/python3.13/site-packages/airflow/dag_processing/importers/python_importer.py","lineno":238,"name":"parse"},{"filename":"<frozen importlib._bootstrap_external>","lineno":1019,"name":"exec_module"},{"filename":"<frozen importlib._bootstrap_external>","lineno":1157,"name":"get_code"},{"filename":"<frozen importlib._bootstrap_external>","lineno":1087,"name":"source_to_code"},{"filename":"<frozen importlib._bootstrap>","lineno":488,"name":"_call_with_frames_removed"}],"is_group":false,"exceptions":[]}]}
{"timestamp":"2026-08-15T18:32:55.591296Z","level":"error","event":"Error loading DAG from 6_parallel_task.py: invalid syntax (6_parallel_task.py, line 43)","logger":"airflow.dag_processing.dagbag.BundleDagBag","filename":"dagbag.py","lineno":319}
{"timestamp":"2026-08-15T18:33:02.132916Z","level":"info","event":"Filling up the DagBag from /opt/airflow/dags/6_parallel_task.py","logger":"airflow.dag_processing.dagbag.BundleDagBag","filename":"dagbag.py","lineno":460}
{"timestamp":"2026-08-15T18:33:06.046627Z","level":"info","event":"Filling up the DagBag from /opt/airflow/dags/6_parallel_task.py","logger":"airflow.dag_processing.dagbag.BundleDagBag","filename":"dagbag.py","lineno":460}
{"timestamp":"2026-08-15T18:33:08.292760Z","level":"info","event":"Filling up the DagBag from /opt/airflow/dags/6_parallel_task.py","logger":"airflow.dag_processing.dagbag.BundleDagBag","filename":"dagbag.py","lineno":460}
{"timestamp":"2026-08-15T18:33:09.623191Z","level":"info","event":"Filling up the DagBag from /opt/airflow/dags/6_parallel_task.py","logger":"airflow.dag_processing.dagbag.BundleDagBag","filename":"dagbag.py","lineno":460}
{"timestamp":"2026-08-15T18:33:39.999782Z","level":"info","event":"Filling up the DagBag from /opt/airflow/dags/6_parallel_task.py","logger":"airflow.dag_processing.dagbag.BundleDagBag","filename":"dagbag.py","lineno":460}
{"timestamp":"2026-08-15T18:34:10.908461Z","level":"info","event":"Filling up the DagBag from /opt/airflow/dags/6_parallel_task.py","logger":"airflow.dag_processing.dagbag.BundleDagBag","filename":"dagbag.py","lineno":460}
{"timestamp":"2026-08-15T18:34:40.666080Z","level":"info","event":"Filling up the DagBag from /opt/airflow/dags/6_parallel_task.py","logger":"airflow.dag_processing.dagbag.BundleDagBag","filename":"dagbag.py","lineno":460}
{"timestamp":"2026-08-15T18:34:41.960629Z","level":"info","event":"Filling up the DagBag from /opt/airflow/dags/6_parallel_task.py","logger":"airflow.dag_processing.dagbag.BundleDagBag","filename":"dagbag.py","lineno":460}
{"timestamp":"2026-08-15T18:34:45.258376Z","level":"info","event":"Filling up the DagBag from /opt/airflow/dags/6_parallel_task.py","logger":"airflow.dag_processing.dagbag.BundleDagBag","filename":"dagbag.py","lineno":460}
{"timestamp":"2026-08-15T18:34:47.494682Z","level":"info","event":"Filling up the DagBag from /opt/airflow/dags/6_parallel_task.py","logger":"airflow.dag_processing.dagbag.BundleDagBag","filename":"dagbag.py","lineno":460}
{"timestamp":"2026-08-15T18:34:50.849955Z","level":"info","event":"Filling up the DagBag from /opt/airflow/dags/6_parallel_task.py","logger":"airflow.dag_processing.dagbag.BundleDagBag","filename":"dagbag.py","lineno":460}
{"timestamp":"2026-08-15T18:35:05.520598Z","level":"info","event":"Filling up the DagBag from /opt/airflow/dags/6_parallel_task.py","logger":"airflow.dag_processing.dagbag.BundleDagBag","filename":"dagbag.py","lineno":460}
{"timestamp":"2026-08-15T18:35:36.375773Z","level":"info","event":"Filling up the DagBag from /opt/airflow/dags/6_parallel_task.py","logger":"airflow.dag_processing.dagbag.BundleDagBag","filename":"dagbag.py","lineno":460}
{"timestamp":"2026-08-15T18:35:58.739642Z","level":"info","event":"Filling up the DagBag from /opt/airflow/dags/6_parallel_task.py","logger":"airflow.dag_processing.dagbag.BundleDagBag","filename":"dagbag.py","lineno":460}
{"timestamp":"2026-08-15T18:36:29.776670Z","level":"info","event":"Filling up the DagBag from /opt/airflow/dags/6_parallel_task.py","logger":"airflow.dag_processing.dagbag.BundleDagBag","filename":"dagbag.py","lineno":460}
{"timestamp":"2026-08-15T18:37:00.481488Z","level":"info","event":"Filling up the DagBag from /opt/airflow/dags/6_parallel_task.py","logger":"airflow.dag_processing.dagbag.BundleDagBag","filename":"dagbag.py","lineno":460}
{"timestamp":"2026-08-15T18:37:31.234163Z","level":"info","event":"Filling up the DagBag from /opt/airflow/dags/6_parallel_task.py","logger":"airflow.dag_processing.dagbag.BundleDagBag","filename":"dagbag.py","lineno":460}
{"timestamp":"2026-08-15T18:37:35.510968Z","level":"info","event":"Filling up the DagBag from /opt/airflow/dags/6_parallel_task.py","logger":"airflow.dag_processing.dagbag.BundleDagBag","filename":"dagbag.py","lineno":460}
{"timestamp":"2026-08-15T18:37:37.778568Z","level":"info","event":"Filling up the DagBag from /opt/airflow/dags/6_parallel_task.py","logger":"airflow.dag_processing.dagbag.BundleDagBag","filename":"dagbag.py","lineno":460}
{"timestamp":"2026-08-15T18:37:40.125245Z","level":"info","event":"Filling up the DagBag from /opt/airflow/dags/6_parallel_task.py","logger":"airflow.dag_processing.dagbag.BundleDagBag","filename":"dagbag.py","lineno":460}
{"timestamp":"2026-08-15T18:38:11.158129Z","level":"info","event":"Filling up the DagBag from /opt/airflow/dags/6_parallel_task.py","logger":"airflow.dag_processing.dagbag.BundleDagBag","filename":"dagbag.py","lineno":460}
{"timestamp":"2026-08-15T18:38:26.277724Z","level":"info","event":"Filling up the DagBag from /opt/airflow/dags/6_parallel_task.py","logger":"airflow.dag_processing.dagbag.BundleDagBag","filename":"dagbag.py","lineno":460}
{"timestamp":"2026-08-15T18:38:29.597362Z","level":"info","event":"Filling up the DagBag from /opt/airflow/dags/6_parallel_task.py","logger":"airflow.dag_processing.dagbag.BundleDagBag","filename":"dagbag.py","lineno":460}
{"timestamp":"2026-08-15T18:38:31.864574Z","level":"info","event":"Filling up the DagBag from /opt/airflow/dags/6_parallel_task.py","logger":"airflow.dag_processing.dagbag.BundleDagBag","filename":"dagbag.py","lineno":460}
{"timestamp":"2026-08-15T18:38:34.201773Z","level":"info","event":"Filling up the DagBag from /opt/airflow/dags/6_parallel_task.py","logger":"airflow.dag_processing.dagbag.BundleDagBag","filename":"dagbag.py","lineno":460}
{"timestamp":"2026-08-15T18:38:34.256401Z","level":"error","event":"Failed to import: /opt/airflow/dags/6_parallel_task.py","logger":"airflow.dag_processing.importers.python_importer","filename":"python_importer.py","lineno":244,"error_detail":[{"exc_type":"SyntaxError","exc_value":"invalid syntax (6_parallel_task.py, line 47)","exc_notes":[],"syntax_error":{"offset":37,"filename":"/opt/airflow/dags/6_parallel_task.py","line":"    initial_data >> t_postgresql >> \n","lineno":47,"msg":"invalid syntax"},"is_cause":false,"frames":[{"filename":"/home/airflow/.local/lib/python3.13/site-packages/airflow/dag_processing/importers/python_importer.py","lineno":238,"name":"parse"},{"filename":"<frozen importlib._bootstrap_external>","lineno":1019,"name":"exec_module"},{"filename":"<frozen importlib._bootstrap_external>","lineno":1157,"name":"get_code"},{"filename":"<frozen importlib._bootstrap_external>","lineno":1087,"name":"source_to_code"},{"filename":"<frozen importlib._bootstrap>","lineno":488,"name":"_call_with_frames_removed"}],"is_group":false,"exceptions":[]}]}
{"timestamp":"2026-08-15T18:38:34.261887Z","level":"error","event":"Error loading DAG from 6_parallel_task.py: invalid syntax (6_parallel_task.py, line 47)","logger":"airflow.dag_processing.dagbag.BundleDagBag","filename":"dagbag.py","lineno":319}
{"timestamp":"2026-08-15T18:38:38.484469Z","level":"info","event":"Filling up the DagBag from /opt/airflow/dags/6_parallel_task.py","logger":"airflow.dag_processing.dagbag.BundleDagBag","filename":"dagbag.py","lineno":460}
{"timestamp":"2026-08-15T18:38:38.528708Z","level":"error","event":"Failed to import: /opt/airflow/dags/6_parallel_task.py","logger":"airflow.dag_processing.importers.python_importer","filename":"python_importer.py","lineno":244,"error_detail":[{"exc_type":"SyntaxError","exc_value":"invalid syntax (6_parallel_task.py, line 47)","exc_notes":[],"syntax_error":{"offset":45,"filename":"/opt/airflow/dags/6_parallel_task.py","line":"    initial_data >> t_postgresql >> t_s3 >> \n","lineno":47,"msg":"invalid syntax"},"is_cause":false,"frames":[{"filename":"/home/airflow/.local/lib/python3.13/site-packages/airflow/dag_processing/importers/python_importer.py","lineno":238,"name":"parse"},{"filename":"<frozen importlib._bootstrap_external>","lineno":1019,"name":"exec_module"},{"filename":"<frozen importlib._bootstrap_external>","lineno":1157,"name":"get_code"},{"filename":"<frozen importlib._bootstrap_external>","lineno":1087,"name":"source_to_code"},{"filename":"<frozen importlib._bootstrap>","lineno":488,"name":"_call_with_frames_removed"}],"is_group":false,"exceptions":[]}]}
{"timestamp":"2026-08-15T18:38:38.529787Z","level":"error","event":"Error loading DAG from 6_parallel_task.py: invalid syntax (6_parallel_task.py, line 47)","logger":"airflow.dag_processing.dagbag.BundleDagBag","filename":"dagbag.py","lineno":319}
{"timestamp":"2026-08-15T18:38:41.018208Z","level":"info","event":"Filling up the DagBag from /opt/airflow/dags/6_parallel_task.py","logger":"airflow.dag_processing.dagbag.BundleDagBag","filename":"dagbag.py","lineno":460}
{"timestamp":"2026-08-15T18:38:45.009693Z","level":"info","event":"Filling up the DagBag from /opt/airflow/dags/6_parallel_task.py","logger":"airflow.dag_processing.dagbag.BundleDagBag","filename":"dagbag.py","lineno":460}
{"timestamp":"2026-08-15T18:38:52.752324Z","level":"info","event":"Filling up the DagBag from /opt/airflow/dags/6_parallel_task.py","logger":"airflow.dag_processing.dagbag.BundleDagBag","filename":"dagbag.py","lineno":460}
{"timestamp":"2026-08-15T18:38:59.113582Z","level":"info","event":"Filling up the DagBag from /opt/airflow/dags/6_parallel_task.py","logger":"airflow.dag_processing.dagbag.BundleDagBag","filename":"dagbag.py","lineno":460}
{"timestamp":"2026-08-15T18:39:01.499223Z","level":"info","event":"Filling up the DagBag from /opt/airflow/dags/6_parallel_task.py","logger":"airflow.dag_processing.dagbag.BundleDagBag","filename":"dagbag.py","lineno":460}
{"timestamp":"2026-08-15T18:39:02.762445Z","level":"info","event":"Filling up the DagBag from /opt/airflow/dags/6_parallel_task.py","logger":"airflow.dag_processing.dagbag.BundleDagBag","filename":"dagbag.py","lineno":460}
{"timestamp":"2026-08-15T18:39:33.571757Z","level":"info","event":"Filling up the DagBag from /opt/airflow/dags/6_parallel_task.py","logger":"airflow.dag_processing.dagbag.BundleDagBag","filename":"dagbag.py","lineno":460}
{"timestamp":"2026-08-15T18:40:04.085495Z","level":"info","event":"Filling up the DagBag from /opt/airflow/dags/6_parallel_task.py","logger":"airflow.dag_processing.dagbag.BundleDagBag","filename":"dagbag.py","lineno":460}
{"timestamp":"2026-08-15T18:40:34.883301Z","level":"info","event":"Filling up the DagBag from /opt/airflow/dags/6_parallel_task.py","logger":"airflow.dag_processing.dagbag.BundleDagBag","filename":"dagbag.py","lineno":460}
{"timestamp":"2026-08-15T18:40:59.290156Z","level":"info","event":"Filling up the DagBag from /opt/airflow/dags/6_parallel_task.py","logger":"airflow.dag_processing.dagbag.BundleDagBag","filename":"dagbag.py","lineno":460}
{"timestamp":"2026-08-15T18:41:05.626013Z","level":"info","event":"Filling up the DagBag from /opt/airflow/dags/6_parallel_task.py","logger":"airflow.dag_processing.dagbag.BundleDagBag","filename":"dagbag.py","lineno":460}
{"timestamp":"2026-08-15T18:41:36.352164Z","level":"info","event":"Filling up the DagBag from /opt/airflow/dags/6_parallel_task.py","logger":"airflow.dag_processing.dagbag.BundleDagBag","filename":"dagbag.py","lineno":460}
{"timestamp":"2026-08-15T18:42:06.958252Z","level":"info","event":"Filling up the DagBag from /opt/airflow/dags/6_parallel_task.py","logger":"airflow.dag_processing.dagbag.BundleDagBag","filename":"dagbag.py","lineno":460}
{"timestamp":"2026-08-15T18:42:38.018015Z","level":"info","event":"Filling up the DagBag from /opt/airflow/dags/6_parallel_task.py","logger":"airflow.dag_processing.dagbag.BundleDagBag","filename":"dagbag.py","lineno":460}
{"timestamp":"2026-08-15T18:43:08.652524Z","level":"info","event":"Filling up the DagBag from /opt/airflow/dags/6_parallel_task.py","logger":"airflow.dag_processing.dagbag.BundleDagBag","filename":"dagbag.py","lineno":460}
{"timestamp":"2026-08-15T18:43:39.203531Z","level":"info","event":"Filling up the DagBag from /opt/airflow/dags/6_parallel_task.py","logger":"airflow.dag_processing.dagbag.BundleDagBag","filename":"dagbag.py","lineno":460}
{"timestamp":"2026-08-15T18:44:10.153577Z","level":"info","event":"Filling up the DagBag from /opt/airflow/dags/6_parallel_task.py","logger":"airflow.dag_processing.dagbag.BundleDagBag","filename":"dagbag.py","lineno":460}
{"timestamp":"2026-08-15T18:44:40.810507Z","level":"info","event":"Filling up the DagBag from /opt/airflow/dags/6_parallel_task.py","logger":"airflow.dag_processing.dagbag.BundleDagBag","filename":"dagbag.py","lineno":460}
{"timestamp":"2026-08-15T18:45:11.531322Z","level":"info","event":"Filling up the DagBag from /opt/airflow/dags/6_parallel_task.py","logger":"airflow.dag_processing.dagbag.BundleDagBag","filename":"dagbag.py","lineno":460}
{"timestamp":"2026-08-15T18:45:25.804702Z","level":"info","event":"Filling up the DagBag from /opt/airflow/dags/6_parallel_task.py","logger":"airflow.dag_processing.dagbag.BundleDagBag","filename":"dagbag.py","lineno":460}
{"timestamp":"2026-08-15T18:45:31.216101Z","level":"info","event":"Filling up the DagBag from /opt/airflow/dags/6_parallel_task.py","logger":"airflow.dag_processing.dagbag.BundleDagBag","filename":"dagbag.py","lineno":460}
{"timestamp":"2026-08-15T18:45:32.522802Z","level":"info","event":"Filling up the DagBag from /opt/airflow/dags/6_parallel_task.py","logger":"airflow.dag_processing.dagbag.BundleDagBag","filename":"dagbag.py","lineno":460}
{"timestamp":"2026-08-15T18:45:46.119428Z","level":"info","event":"Filling up the DagBag from /opt/airflow/dags/6_parallel_task.py","logger":"airflow.dag_processing.dagbag.BundleDagBag","filename":"dagbag.py","lineno":460}
{"timestamp":"2026-08-15T18:45:49.422447Z","level":"info","event":"Filling up the DagBag from /opt/airflow/dags/6_parallel_task.py","logger":"airflow.dag_processing.dagbag.BundleDagBag","filename":"dagbag.py","lineno":460}
{"timestamp":"2026-08-15T18:46:20.119160Z","level":"info","event":"Filling up the DagBag from /opt/airflow/dags/6_parallel_task.py","logger":"airflow.dag_processing.dagbag.BundleDagBag","filename":"dagbag.py","lineno":460}
{"timestamp":"2026-08-15T18:46:50.697312Z","level":"info","event":"Filling up the DagBag from /opt/airflow/dags/6_parallel_task.py","logger":"airflow.dag_processing.dagbag.BundleDagBag","filename":"dagbag.py","lineno":460}
{"timestamp":"2026-08-15T18:47:21.512223Z","level":"info","event":"Filling up the DagBag from /opt/airflow/dags/6_parallel_task.py","logger":"airflow.dag_processing.dagbag.BundleDagBag","filename":"dagbag.py","lineno":460}
{"timestamp":"2026-08-15T18:47:29.581889Z","level":"info","event":"Filling up the DagBag from /opt/airflow/dags/6_parallel_task.py","logger":"airflow.dag_processing.dagbag.BundleDagBag","filename":"dagbag.py","lineno":460}
{"timestamp":"2026-08-15T18:48:00.450294Z","level":"info","event":"Filling up the DagBag from /opt/airflow/dags/6_parallel_task.py","logger":"airflow.dag_processing.dagbag.BundleDagBag","filename":"dagbag.py","lineno":460}
{"timestamp":"2026-08-15T18:48:31.563882Z","level":"info","event":"Filling up the DagBag from /opt/airflow/dags/6_parallel_task.py","logger":"airflow.dag_processing.dagbag.BundleDagBag","filename":"dagbag.py","lineno":460}
{"timestamp":"2026-08-15T18:49:02.235611Z","level":"info","event":"Filling up the DagBag from /opt/airflow/dags/6_parallel_task.py","logger":"airflow.dag_processing.dagbag.BundleDagBag","filename":"dagbag.py","lineno":460}
{"timestamp":"2026-08-15T18:49:32.503298Z","level":"info","event":"Filling up the DagBag from /opt/airflow/dags/6_parallel_task.py","logger":"airflow.dag_processing.dagbag.BundleDagBag","filename":"dagbag.py","lineno":460}
{"timestamp":"2026-08-15T18:50:02.960911Z","level":"info","event":"Filling up the DagBag from /opt/airflow/dags/6_parallel_task.py","logger":"airflow.dag_processing.dagbag.BundleDagBag","filename":"dagbag.py","lineno":460}
{"timestamp":"2026-08-15T18:50:33.366103Z","level":"info","event":"Filling up the DagBag from /opt/airflow/dags/6_parallel_task.py","logger":"airflow.dag_processing.dagbag.BundleDagBag","filename":"dagbag.py","lineno":460}
{"timestamp":"2026-08-15T18:51:04.410606Z","level":"info","event":"Filling up the DagBag from /opt/airflow/dags/6_parallel_task.py","logger":"airflow.dag_processing.dagbag.BundleDagBag","filename":"dagbag.py","lineno":460}
{"timestamp":"2026-08-15T18:51:35.425542Z","level":"info","event":"Filling up the DagBag from /opt/airflow/dags/6_parallel_task.py","logger":"airflow.dag_processing.dagbag.BundleDagBag","filename":"dagbag.py","lineno":460}
{"timestamp":"2026-08-15T18:52:06.068045Z","level":"info","event":"Filling up the DagBag from /opt/airflow/dags/6_parallel_task.py","logger":"airflow.dag_processing.dagbag.BundleDagBag","filename":"dagbag.py","lineno":460}
{"timestamp":"2026-08-15T18:52:36.917596Z","level":"info","event":"Filling up the DagBag from /opt/airflow/dags/6_parallel_task.py","logger":"airflow.dag_processing.dagbag.BundleDagBag","filename":"dagbag.py","lineno":460}
{"timestamp":"2026-08-15T18:53:07.814803Z","level":"info","event":"Filling up the DagBag from /opt/airflow/dags/6_parallel_task.py","logger":"airflow.dag_processing.dagbag.BundleDagBag","filename":"dagbag.py","lineno":460}
{"timestamp":"2026-08-15T18:53:38.586898Z","level":"info","event":"Filling up the DagBag from /opt/airflow/dags/6_parallel_task.py","logger":"airflow.dag_processing.dagbag.BundleDagBag","filename":"dagbag.py","lineno":460}
{"timestamp":"2026-08-15T18:54:09.488116Z","level":"info","event":"Filling up the DagBag from /opt/airflow/dags/6_parallel_task.py","logger":"airflow.dag_processing.dagbag.BundleDagBag","filename":"dagbag.py","lineno":460}
{"timestamp":"2026-08-15T18:54:40.400624Z","level":"info","event":"Filling up the DagBag from /opt/airflow/dags/6_parallel_task.py","logger":"airflow.dag_processing.dagbag.BundleDagBag","filename":"dagbag.py","lineno":460}
{"timestamp":"2026-08-15T18:55:11.164042Z","level":"info","event":"Filling up the DagBag from /opt/airflow/dags/6_parallel_task.py","logger":"airflow.dag_processing.dagbag.BundleDagBag","filename":"dagbag.py","lineno":460}
{"timestamp":"2026-08-15T18:55:42.129972Z","level":"info","event":"Filling up the DagBag from /opt/airflow/dags/6_parallel_task.py","logger":"airflow.dag_processing.dagbag.BundleDagBag","filename":"dagbag.py","lineno":460}
{"timestamp":"2026-08-15T18:56:13.011196Z","level":"info","event":"Filling up the DagBag from /opt/airflow/dags/6_parallel_task.py","logger":"airflow.dag_processing.dagbag.BundleDagBag","filename":"dagbag.py","lineno":460}
{"timestamp":"2026-08-15T18:56:43.898270Z","level":"info","event":"Filling up the DagBag from /opt/airflow/dags/6_parallel_task.py","logger":"airflow.dag_processing.dagbag.BundleDagBag","filename":"dagbag.py","lineno":460}
{"timestamp":"2026-08-15T18:57:14.704193Z","level":"info","event":"Filling up the DagBag from /opt/airflow/dags/6_parallel_task.py","logger":"airflow.dag_processing.dagbag.BundleDagBag","filename":"dagbag.py","lineno":460}
{"timestamp":"2026-08-15T18:57:45.531985Z","level":"info","event":"Filling up the DagBag from /opt/airflow/dags/6_parallel_task.py","logger":"airflow.dag_processing.dagbag.BundleDagBag","filename":"dagbag.py","lineno":460}
{"timestamp":"2026-08-15T18:58:16.345357Z","level":"info","event":"Filling up the DagBag from /opt/airflow/dags/6_parallel_task.py","logger":"airflow.dag_processing.dagbag.BundleDagBag","filename":"dagbag.py","lineno":460}
{"timestamp":"2026-08-15T18:58:47.139889Z","level":"info","event":"Filling up the DagBag from /opt/airflow/dags/6_parallel_task.py","logger":"airflow.dag_processing.dagbag.BundleDagBag","filename":"dagbag.py","lineno":460}
{"timestamp":"2026-08-15T18:59:17.751596Z","level":"info","event":"Filling up the DagBag from /opt/airflow/dags/6_parallel_task.py","logger":"airflow.dag_processing.dagbag.BundleDagBag","filename":"dagbag.py","lineno":460}
{"timestamp":"2026-08-15T18:59:48.510973Z","level":"info","event":"Filling up the DagBag from /opt/airflow/dags/6_parallel_task.py","logger":"airflow.dag_processing.dagbag.BundleDagBag","filename":"dagbag.py","lineno":460}
{"timestamp":"2026-08-15T19:00:19.308308Z","level":"info","event":"Filling up the DagBag from /opt/airflow/dags/6_parallel_task.py","logger":"airflow.dag_processing.dagbag.BundleDagBag","filename":"dagbag.py","lineno":460}
{"timestamp":"2026-08-15T19:00:49.966444Z","level":"info","event":"Filling up the DagBag from /opt/airflow/dags/6_parallel_task.py","logger":"airflow.dag_processing.dagbag.BundleDagBag","filename":"dagbag.py","lineno":460}
{"timestamp":"2026-08-15T19:01:21.055252Z","level":"info","event":"Filling up the DagBag from /opt/airflow/dags/6_parallel_task.py","logger":"airflow.dag_processing.dagbag.BundleDagBag","filename":"dagbag.py","lineno":460}
{"timestamp":"2026-08-15T19:01:51.806310Z","level":"info","event":"Filling up the DagBag from /opt/airflow/dags/6_parallel_task.py","logger":"airflow.dag_processing.dagbag.BundleDagBag","filename":"dagbag.py","lineno":460}
{"timestamp":"2026-08-15T19:02:22.679493Z","level":"info","event":"Filling up the DagBag from /opt/airflow/dags/6_parallel_task.py","logger":"airflow.dag_processing.dagbag.BundleDagBag","filename":"dagbag.py","lineno":460}
{"timestamp":"2026-08-15T19:02:53.396345Z","level":"info","event":"Filling up the DagBag from /opt/airflow/dags/6_parallel_task.py","logger":"airflow.dag_processing.dagbag.BundleDagBag","filename":"dagbag.py","lineno":460}
{"timestamp":"2026-08-15T19:03:24.066648Z","level":"info","event":"Filling up the DagBag from /opt/airflow/dags/6_parallel_task.py","logger":"airflow.dag_processing.dagbag.BundleDagBag","filename":"dagbag.py","lineno":460}
{"timestamp":"2026-08-15T19:03:54.425378Z","level":"info","event":"Filling up the DagBag from /opt/airflow/dags/6_parallel_task.py","logger":"airflow.dag_processing.dagbag.BundleDagBag","filename":"dagbag.py","lineno":460}
{"timestamp":"2026-08-15T19:04:25.342084Z","level":"info","event":"Filling up the DagBag from /opt/airflow/dags/6_parallel_task.py","logger":"airflow.dag_processing.dagbag.BundleDagBag","filename":"dagbag.py","lineno":460}
{"timestamp":"2026-08-15T19:04:55.941934Z","level":"info","event":"Filling up the DagBag from /opt/airflow/dags/6_parallel_task.py","logger":"airflow.dag_processing.dagbag.BundleDagBag","filename":"dagbag.py","lineno":460}
{"timestamp":"2026-08-15T19:05:26.324187Z","level":"info","event":"Filling up the DagBag from /opt/airflow/dags/6_parallel_task.py","logger":"airflow.dag_processing.dagbag.BundleDagBag","filename":"dagbag.py","lineno":460}
{"timestamp":"2026-08-15T19:05:56.813248Z","level":"info","event":"Filling up the DagBag from /opt/airflow/dags/6_parallel_task.py","logger":"airflow.dag_processing.dagbag.BundleDagBag","filename":"dagbag.py","lineno":460}
{"timestamp":"2026-08-15T19:06:27.740169Z","level":"info","event":"Filling up the DagBag from /opt/airflow/dags/6_parallel_task.py","logger":"airflow.dag_processing.dagbag.BundleDagBag","filename":"dagbag.py","lineno":460}
{"timestamp":"2026-08-15T19:06:58.445868Z","level":"info","event":"Filling up the DagBag from /opt/airflow/dags/6_parallel_task.py","logger":"airflow.dag_processing.dagbag.BundleDagBag","filename":"dagbag.py","lineno":460}
{"timestamp":"2026-08-15T19:07:29.474139Z","level":"info","event":"Filling up the DagBag from /opt/airflow/dags/6_parallel_task.py","logger":"airflow.dag_processing.dagbag.BundleDagBag","filename":"dagbag.py","lineno":460}
{"timestamp":"2026-08-15T19:08:00.189284Z","level":"info","event":"Filling up the DagBag from /opt/airflow/dags/6_parallel_task.py","logger":"airflow.dag_processing.dagbag.BundleDagBag","filename":"dagbag.py","lineno":460}
{"timestamp":"2026-08-15T19:08:30.527226Z","level":"info","event":"Filling up the DagBag from /opt/airflow/dags/6_parallel_task.py","logger":"airflow.dag_processing.dagbag.BundleDagBag","filename":"dagbag.py","lineno":460}
{"timestamp":"2026-08-15T19:09:00.801308Z","level":"info","event":"Filling up the DagBag from /opt/airflow/dags/6_parallel_task.py","logger":"airflow.dag_processing.dagbag.BundleDagBag","filename":"dagbag.py","lineno":460}
{"timestamp":"2026-08-15T19:09:31.144749Z","level":"info","event":"Filling up the DagBag from /opt/airflow/dags/6_parallel_task.py","logger":"airflow.dag_processing.dagbag.BundleDagBag","filename":"dagbag.py","lineno":460}
{"timestamp":"2026-08-15T19:10:02.227822Z","level":"info","event":"Filling up the DagBag from /opt/airflow/dags/6_parallel_task.py","logger":"airflow.dag_processing.dagbag.BundleDagBag","filename":"dagbag.py","lineno":460}
{"timestamp":"2026-08-15T19:10:32.592391Z","level":"info","event":"Filling up the DagBag from /opt/airflow/dags/6_parallel_task.py","logger":"airflow.dag_processing.dagbag.BundleDagBag","filename":"dagbag.py","lineno":460}
{"timestamp":"2026-08-15T19:11:02.955117Z","level":"info","event":"Filling up the DagBag from /opt/airflow/dags/6_parallel_task.py","logger":"airflow.dag_processing.dagbag.BundleDagBag","filename":"dagbag.py","lineno":460}
{"timestamp":"2026-08-15T19:11:34.028582Z","level":"info","event":"Filling up the DagBag from /opt/airflow/dags/6_parallel_task.py","logger":"airflow.dag_processing.dagbag.BundleDagBag","filename":"dagbag.py","lineno":460}
{"timestamp":"2026-08-15T19:12:05.104041Z","level":"info","event":"Filling up the DagBag from /opt/airflow/dags/6_parallel_task.py","logger":"airflow.dag_processing.dagbag.BundleDagBag","filename":"dagbag.py","lineno":460}
{"timestamp":"2026-08-15T19:12:36.274129Z","level":"info","event":"Filling up the DagBag from /opt/airflow/dags/6_parallel_task.py","logger":"airflow.dag_processing.dagbag.BundleDagBag","filename":"dagbag.py","lineno":460}
{"timestamp":"2026-08-15T19:13:06.890913Z","level":"info","event":"Filling up the DagBag from /opt/airflow/dags/6_parallel_task.py","logger":"airflow.dag_processing.dagbag.BundleDagBag","filename":"dagbag.py","lineno":460}
{"timestamp":"2026-08-15T19:13:37.782150Z","level":"info","event":"Filling up the DagBag from /opt/airflow/dags/6_parallel_task.py","logger":"airflow.dag_processing.dagbag.BundleDagBag","filename":"dagbag.py","lineno":460}
{"timestamp":"2026-08-15T19:14:08.061683Z","level":"info","event":"Filling up the DagBag from /opt/airflow/dags/6_parallel_task.py","logger":"airflow.dag_processing.dagbag.BundleDagBag","filename":"dagbag.py","lineno":460}
{"timestamp":"2026-08-15T19:14:38.615201Z","level":"info","event":"Filling up the DagBag from /opt/airflow/dags/6_parallel_task.py","logger":"airflow.dag_processing.dagbag.BundleDagBag","filename":"dagbag.py","lineno":460}
{"timestamp":"2026-08-15T19:15:08.984975Z","level":"info","event":"Filling up the DagBag from /opt/airflow/dags/6_parallel_task.py","logger":"airflow.dag_processing.dagbag.BundleDagBag","filename":"dagbag.py","lineno":460}
{"timestamp":"2026-08-15T19:15:39.259097Z","level":"info","event":"Filling up the DagBag from /opt/airflow/dags/6_parallel_task.py","logger":"airflow.dag_processing.dagbag.BundleDagBag","filename":"dagbag.py","lineno":460}
{"timestamp":"2026-08-15T19:16:09.635552Z","level":"info","event":"Filling up the DagBag from /opt/airflow/dags/6_parallel_task.py","logger":"airflow.dag_processing.dagbag.BundleDagBag","filename":"dagbag.py","lineno":460}
{"timestamp":"2026-08-15T19:16:40.582764Z","level":"info","event":"Filling up the DagBag from /opt/airflow/dags/6_parallel_task.py","logger":"airflow.dag_processing.dagbag.BundleDagBag","filename":"dagbag.py","lineno":460}
{"timestamp":"2026-08-15T19:17:11.116053Z","level":"info","event":"Filling up the DagBag from /opt/airflow/dags/6_parallel_task.py","logger":"airflow.dag_processing.dagbag.BundleDagBag","filename":"dagbag.py","lineno":460}
{"timestamp":"2026-08-15T19:17:42.138073Z","level":"info","event":"Filling up the DagBag from /opt/airflow/dags/6_parallel_task.py","logger":"airflow.dag_processing.dagbag.BundleDagBag","filename":"dagbag.py","lineno":460}
{"timestamp":"2026-08-15T19:18:12.999995Z","level":"info","event":"Filling up the DagBag from /opt/airflow/dags/6_parallel_task.py","logger":"airflow.dag_processing.dagbag.BundleDagBag","filename":"dagbag.py","lineno":460}
{"timestamp":"2026-08-15T19:18:44.130285Z","level":"info","event":"Filling up the DagBag from /opt/airflow/dags/6_parallel_task.py","logger":"airflow.dag_processing.dagbag.BundleDagBag","filename":"dagbag.py","lineno":460}
